# [csmmod_rdinput] messages reinitialized.
# MESLOG:[csmmod_rdinput] messages reinitialized.
# Input  file unit is: 5
# Input  file name is:stdin
# Output file unit is: 6
# Output file name is:stdout
# Error  file unit is: 6
# Error  file name is:stderr
# Log    file unit is: 6
# Log    file name is:stdlog
# MESLOG:[csm_rdinput] molecule_init called with debug.
[molecule] Nrec=  10 Format=nscxyz
  c                1    6    0.00000000D+00   0.00000000D+00   0.00000000D+00
  c                2    6    0.00000000D+00   0.00000000D+00   0.20000000D+01
  h                3    1    0.10000000D+01   0.00000000D+00   0.10000000D+01
  h                4    1    0.10000000D+01   0.10000000D+00   0.10000000D+01
  h                5    1   -0.10000000D+01   0.00000000D+00   0.10000000D+01
  h                6    1   -0.10000000D+01  -0.10000000D+00   0.10000000D+01
  h                7    1    0.00000000D+00   0.10000000D+01   0.10000000D+01
  h                8    1   -0.10000000D+00   0.10000000D+01   0.10000000D+01
  h                9    1    0.00000000D+00  -0.10000000D+01   0.10000000D+01
  h               10    1    0.10000000D+00  -0.10000000D+01   0.10000000D+01
# Molecule moved to the center of mass
# Shift Vector is:        0.00000000       0.00000000       0.52917706
# Inertia Tensor: (Before Diagonalization)
# Up Diagonal Columnwise
#    0.44860543D+01  -0.00000000D+00   0.44860543D+01  -0.00000000D+00  -0.00000000D+00   0.22514280D+01
# Inertia Tensor: (Full Matrix)
# 1,1 - 1,3           0.44860543D+01  -0.00000000D+00  -0.00000000D+00
# 2,1 - 2,3          -0.00000000D+00   0.44860543D+01  -0.00000000D+00
# 3,1 - 3,3          -0.00000000D+00  -0.00000000D+00   0.22514280D+01
# Inertia Tensor
# Inertia EigenValues:     0.22514280D+01   0.44860543D+01   0.44860543D+01
# Eigen Vectors:
# 1,1 - 1,3           0.00000000D+00   0.00000000D+00   0.10000000D+01
# 2,1 - 2,3           0.00000000D+00   0.10000000D+01   0.00000000D+00
# 3,1 - 3,3           0.10000000D+01   0.00000000D+00   0.00000000D+00
# Molecule Rotated to match inertia axes
[molecule] Nrec=  10 Format=nscxyz
  c                1    6   -0.10000000D+01   0.00000000D+00   0.00000000D+00
  c                2    6    0.10000000D+01   0.00000000D+00   0.00000000D+00
  h                3    1   -0.20980181D-15   0.00000000D+00   0.10000000D+01
  h                4    1   -0.20980181D-15   0.10000000D+00   0.10000000D+01
  h                5    1   -0.20980181D-15   0.00000000D+00  -0.10000000D+01
  h                6    1   -0.20980181D-15  -0.10000000D+00  -0.10000000D+01
  h                7    1   -0.20980181D-15   0.10000000D+01   0.00000000D+00
  h                8    1   -0.20980181D-15   0.10000000D+01  -0.10000000D+00
  h                9    1   -0.20980181D-15  -0.10000000D+01   0.00000000D+00
  h               10    1   -0.20980181D-15  -0.10000000D+01   0.10000000D+00
# Initial Integrals follow ...
# INT: Number of electrons from integrated RHO:     20.00000029592
# INT: \int \rho \rho dr:      47.40786797902
# INT: \int \rho \tilde{\rho} dr/ng:      44.16743396155
# INT: \int \rho \tilde{\rho}m dr/ng:      39.42664716365
#  DEBUG     \int rr  =     47.40786797902
#  DEBUG     \int rr~ =     44.16743396155
#  DEBUG     \int rr~ =     44.16743396155
#  DEBUG     CSM value =      0.06835224100
#  DEBUG     CSM value =      0.06835224100
# Number of electrons =     20.00000029592
# Initial rho^2 value =     47.40786797902
#  Initial rrii value =     14.35749645657
#  Initial rrij value =     33.05037152245
#  Initial imj  value =     44.16743396155
#  Initial impj value =     39.42664716365
#  Initial CSM  value =      0.06835224100
#  Initial CSM% value =      6.83522410014
[molecule] Nrec=  10 Format=nscxyz
  c                1    6   -0.10000000D+01   0.00000000D+00   0.00000000D+00
  c                2    6    0.10000000D+01   0.00000000D+00   0.00000000D+00
  h                3    1   -0.20980181D-15   0.00000000D+00   0.10000000D+01
  h                4    1   -0.20980181D-15   0.10000000D+00   0.10000000D+01
  h                5    1   -0.20980181D-15   0.00000000D+00  -0.10000000D+01
  h                6    1   -0.20980181D-15  -0.10000000D+00  -0.10000000D+01
  h                7    1   -0.20980181D-15   0.10000000D+01   0.00000000D+00
  h                8    1   -0.20980181D-15   0.10000000D+01  -0.10000000D+00
  h                9    1   -0.20980181D-15  -0.10000000D+01   0.00000000D+00
  h               10    1   -0.20980181D-15  -0.10000000D+01   0.10000000D+00
# Request Simplex: Run it with internal procedure. NOT IMPLEMENTED!
# Request for Simplex: Initial Coordinates.
[molecule] Nrec=  10 Format=nscxyz
  c                1    6   -0.10000000D+01   0.00000000D+00   0.00000000D+00
  c                2    6    0.10000000D+01   0.00000000D+00   0.00000000D+00
  h                3    1   -0.20980181D-15   0.00000000D+00   0.10000000D+01
  h                4    1   -0.20980181D-15   0.10000000D+00   0.10000000D+01
  h                5    1   -0.20980181D-15   0.00000000D+00  -0.10000000D+01
  h                6    1   -0.20980181D-15  -0.10000000D+00  -0.10000000D+01
  h                7    1   -0.20980181D-15   0.10000000D+01   0.00000000D+00
  h                8    1   -0.20980181D-15   0.10000000D+01  -0.10000000D+00
  h                9    1   -0.20980181D-15  -0.10000000D+01   0.00000000D+00
  h               10    1   -0.20980181D-15  -0.10000000D+01   0.10000000D+00
# Minimization at step:     0 with Value:     0.0812Tol(Act/Req):0.3866E+00/0.1000E-04
# With parameters(tra.):     0.1429E-01    0.1429E-01    0.1429E-01
# With parameters(rot.):     0.1429E-01    0.1429E-01    0.1429E-01
# Minimization at step:     1 with Value:     0.0779Tol(Act/Req):0.2827E+00/0.1000E-04
# With parameters(tra.):     0.7143E-02    0.1548E-01    0.1548E-01
# With parameters(rot.):     0.1548E-01    0.1548E-01    0.1548E-01
# Minimization at step:     2 with Value:     0.0756Tol(Act/Req):0.2757E+00/0.1000E-04
# With parameters(tra.):     0.7738E-02    0.8433E-02    0.1677E-01
# With parameters(rot.):     0.1677E-01    0.1677E-01    0.1677E-01
# Minimization at step:     3 with Value:     0.0734Tol(Act/Req):0.1276E+00/0.1000E-04
# With parameters(tra.):     0.8383E-02    0.9135E-02    0.9830E-02
# With parameters(rot.):     0.1816E-01    0.1816E-01    0.1816E-01
# Minimization at step:     4 with Value:     0.0726Tol(Act/Req):0.1148E+00/0.1000E-04
# With parameters(tra.):     0.4915E-02    0.9202E-02    0.9954E-02
# With parameters(rot.):     0.1898E-01    0.1898E-01    0.1898E-01
# Minimization at step:     5 with Value:     0.0719Tol(Act/Req):0.9317E-01/0.1000E-04
# With parameters(tra.):     0.6553E-02    0.1227E-01    0.1327E-01
# With parameters(rot.):    -0.8024E-02    0.2531E-01    0.2531E-01
# Minimization at step:     6 with Value:     0.0716Tol(Act/Req):0.9273E-01/0.1000E-04
# With parameters(tra.):     0.7349E-02   -0.5389E-03    0.1469E-01
# With parameters(rot.):    -0.1371E-01    0.3074E-01    0.3074E-01
# Minimization at step:     7 with Value:     0.0712Tol(Act/Req):0.6738E-01/0.1000E-04
# With parameters(tra.):     0.8294E-02   -0.2358E-02    0.2434E-02
# With parameters(rot.):    -0.2154E-01    0.3772E-01    0.3772E-01
# Minimization at step:     8 with Value:     0.0707Tol(Act/Req):0.6369E-01/0.1000E-04
# With parameters(tra.):     0.8173E-02    0.6923E-03    0.1060E-02
# With parameters(rot.):    -0.2077E-01    0.3695E-01    0.3695E-01
# Minimization at step:     9 with Value:     0.0702Tol(Act/Req):0.5389E-01/0.1000E-04
# With parameters(tra.):     0.1090E-01    0.9230E-03    0.1413E-02
# With parameters(rot.):    -0.2769E-01    0.1593E-01    0.4926E-01
# Minimization at step:    10 with Value:     0.0697Tol(Act/Req):0.4956E-01/0.1000E-04
# With parameters(tra.):     0.1088E-01    0.1651E-02    0.4391E-02
# With parameters(rot.):    -0.2625E-01    0.1237E-01    0.4848E-01
# Minimization at step:    11 with Value:     0.0691Tol(Act/Req):0.4981E-01/0.1000E-04
# With parameters(tra.):     0.5930E-02   -0.7320E-03    0.2786E-02
# With parameters(rot.):    -0.3968E-01    0.1180E-01    0.5995E-01
# Minimization at step:    12 with Value:     0.0687Tol(Act/Req):0.2062E-01/0.1000E-04
# With parameters(tra.):     0.5469E-02   -0.2582E-02    0.1082E-02
# With parameters(rot.):    -0.3557E-01    0.9094E-02    0.6125E-01
# Minimization at step:    13 with Value:     0.0684Tol(Act/Req):0.2506E-01/0.1000E-04
# With parameters(tra.):     0.4335E-02   -0.2932E-02    0.9664E-03
# With parameters(rot.):    -0.3450E-01    0.1378E-01    0.5917E-01
# Minimization at step:    14 with Value:     0.0683Tol(Act/Req):0.1368E-01/0.1000E-04
# With parameters(tra.):     0.2816E-02    0.1961E-02   -0.1814E-02
# With parameters(rot.):    -0.3754E-01    0.4506E-02    0.6503E-01
# Minimization at step:    15 with Value:     0.0681Tol(Act/Req):0.1116E-01/0.1000E-04
# With parameters(tra.):     0.7714E-03    0.3131E-02    0.1102E-02
# With parameters(rot.):    -0.3819E-01   -0.2803E-02    0.6800E-01
# Minimization at step:    16 with Value:     0.0680Tol(Act/Req):0.1262E-01/0.1000E-04
# With parameters(tra.):     0.9809E-03    0.2005E-02    0.2040E-02
# With parameters(rot.):    -0.3749E-01   -0.1094E-02    0.6678E-01
# Minimization at step:    17 with Value:     0.0679Tol(Act/Req):0.1262E-01/0.1000E-04
# With parameters(tra.):     0.1308E-02    0.2673E-02    0.2720E-02
# With parameters(rot.):    -0.4998E-01   -0.1459E-02    0.8904E-01
# Minimization at step:    18 with Value:     0.0678Tol(Act/Req):0.1224E-01/0.1000E-04
# With parameters(tra.):     0.1417E-02    0.2896E-02    0.2946E-02
# With parameters(rot.):    -0.5415E-01   -0.1580E-02    0.8812E-01
# Minimization at step:    19 with Value:     0.0677Tol(Act/Req):0.1003E-01/0.1000E-04
# With parameters(tra.):     0.8484E-03    0.2427E-02    0.2250E-02
# With parameters(rot.):    -0.5364E-01   -0.3823E-02    0.9102E-01
# Minimization at step:    20 with Value:     0.0676Tol(Act/Req):0.9335E-02/0.1000E-04
# With parameters(tra.):     0.1662E-02    0.3286E-02    0.2607E-02
# With parameters(rot.):    -0.5144E-01   -0.4984E-02    0.9074E-01
# Minimization at step:    21 with Value:     0.0675Tol(Act/Req):0.6393E-02/0.1000E-04
# With parameters(tra.):     0.1610E-02    0.3170E-02    0.2427E-02
# With parameters(rot.):    -0.4844E-01   -0.5186E-02    0.8531E-01
# Minimization at step:    22 with Value:     0.0674Tol(Act/Req):0.4001E-02/0.1000E-04
# With parameters(tra.):     0.8158E-03    0.3504E-02    0.2491E-02
# With parameters(rot.):    -0.4907E-01   -0.4425E-02    0.8645E-01
# Minimization at step:    23 with Value:     0.0674Tol(Act/Req):0.3142E-02/0.1000E-04
# With parameters(tra.):     0.1849E-02    0.3012E-02    0.1381E-02
# With parameters(rot.):    -0.5146E-01   -0.1175E-02    0.8958E-01
# Minimization at step:    24 with Value:     0.0674Tol(Act/Req):0.2924E-02/0.1000E-04
# With parameters(tra.):     0.2026E-02    0.2534E-02    0.1795E-02
# With parameters(rot.):    -0.5227E-01   -0.3277E-03    0.9088E-01
# Minimization at step:    25 with Value:     0.0673Tol(Act/Req):0.1905E-02/0.1000E-04
# With parameters(tra.):     0.1282E-02    0.1632E-02    0.2502E-03
# With parameters(rot.):    -0.5079E-01   -0.3649E-02    0.9661E-01
# Minimization at step:    26 with Value:     0.0673Tol(Act/Req):0.2418E-02/0.1000E-04
# With parameters(tra.):     0.1325E-02    0.1638E-02    0.1388E-03
# With parameters(rot.):    -0.5260E-01   -0.3882E-02    0.9686E-01
# Minimization at step:    27 with Value:     0.0673Tol(Act/Req):0.1877E-02/0.1000E-04
# With parameters(tra.):     0.1176E-02    0.1081E-02   -0.7024E-03
# With parameters(rot.):    -0.4913E-01   -0.3860E-02    0.9162E-01
# Minimization at step:    28 with Value:     0.0673Tol(Act/Req):0.1462E-02/0.1000E-04
# With parameters(tra.):    -0.2917E-03    0.9401E-03   -0.1639E-02
# With parameters(rot.):    -0.5041E-01   -0.2148E-02    0.9561E-01
# Minimization at step:    29 with Value:     0.0673Tol(Act/Req):0.1732E-02/0.1000E-04
# With parameters(tra.):    -0.4778E-04    0.1174E-02   -0.1815E-02
# With parameters(rot.):    -0.4922E-01   -0.2492E-02    0.9588E-01
# Minimization at step:    30 with Value:     0.0673Tol(Act/Req):0.1610E-02/0.1000E-04
# With parameters(tra.):     0.2531E-03    0.1923E-02   -0.9586E-03
# With parameters(rot.):    -0.5017E-01    0.1215E-02    0.8990E-01
# Minimization at step:    31 with Value:     0.0673Tol(Act/Req):0.1483E-02/0.1000E-04
# With parameters(tra.):     0.6654E-03    0.2041E-02   -0.6677E-03
# With parameters(rot.):    -0.4983E-01    0.1067E-02    0.8843E-01
# Minimization at step:    32 with Value:     0.0672Tol(Act/Req):0.1016E-02/0.1000E-04
# With parameters(tra.):     0.6246E-03    0.1863E-02   -0.8575E-03
# With parameters(rot.):    -0.4957E-01    0.1283E-03    0.8980E-01
# Minimization at step:    33 with Value:     0.0672Tol(Act/Req):0.9512E-03/0.1000E-04
# With parameters(tra.):     0.3503E-03    0.1849E-02   -0.8589E-03
# With parameters(rot.):    -0.4901E-01   -0.3046E-03    0.8929E-01
# Minimization at step:    34 with Value:     0.0672Tol(Act/Req):0.3653E-03/0.1000E-04
# With parameters(tra.):     0.1459E-03    0.6632E-03   -0.9152E-03
# With parameters(rot.):    -0.4955E-01    0.1399E-02    0.9135E-01
# Minimization at step:    35 with Value:     0.0672Tol(Act/Req):0.5087E-03/0.1000E-04
# With parameters(tra.):     0.8491E-04    0.7212E-03   -0.7927E-03
# With parameters(rot.):    -0.5016E-01    0.1833E-02    0.9220E-01
# Minimization at step:    36 with Value:     0.0672Tol(Act/Req):0.5139E-03/0.1000E-04
# With parameters(tra.):     0.3172E-05    0.6479E-03   -0.9260E-03
# With parameters(rot.):    -0.5086E-01    0.2193E-02    0.9194E-01
# Minimization at step:    37 with Value:     0.0672Tol(Act/Req):0.4474E-03/0.1000E-04
# With parameters(tra.):     0.4239E-04    0.9431E-03   -0.9128E-03
# With parameters(rot.):    -0.5083E-01    0.1833E-02    0.9147E-01
# Minimization at step:    38 with Value:     0.0672Tol(Act/Req):0.3454E-03/0.1000E-04
# With parameters(tra.):    -0.2334E-03    0.2813E-03   -0.1311E-02
# With parameters(rot.):    -0.5072E-01    0.5233E-03    0.9477E-01
# Minimization at step:    39 with Value:     0.0672Tol(Act/Req):0.3228E-03/0.1000E-04
# With parameters(tra.):     0.2917E-03   -0.7099E-04   -0.9434E-03
# With parameters(rot.):    -0.5035E-01    0.4651E-04    0.9394E-01
# Minimization at step:    40 with Value:     0.0672Tol(Act/Req):0.3108E-03/0.1000E-04
# With parameters(tra.):     0.4044E-03    0.6510E-04   -0.8132E-03
# With parameters(rot.):    -0.5034E-01    0.3342E-03    0.9304E-01
# Minimization at step:    41 with Value:     0.0672Tol(Act/Req):0.2857E-03/0.1000E-04
# With parameters(tra.):     0.2718E-03   -0.9050E-04   -0.8101E-03
# With parameters(rot.):    -0.5018E-01    0.1710E-03    0.9311E-01
# Minimization at step:    42 with Value:     0.0672Tol(Act/Req):0.1649E-03/0.1000E-04
# With parameters(tra.):     0.4204E-03   -0.7887E-04   -0.8142E-03
# With parameters(rot.):    -0.4966E-01    0.2210E-03    0.9301E-01
# Minimization at step:    43 with Value:     0.0672Tol(Act/Req):0.1191E-03/0.1000E-04
# With parameters(tra.):     0.2998E-03    0.8539E-05   -0.8953E-03
# With parameters(rot.):    -0.4970E-01    0.3547E-03    0.9314E-01
# Minimization at step:    44 with Value:     0.0672Tol(Act/Req):0.1024E-03/0.1000E-04
# With parameters(tra.):     0.2496E-03   -0.1129E-03   -0.6845E-03
# With parameters(rot.):    -0.5077E-01    0.7310E-03    0.9516E-01
# Minimization at step:    45 with Value:     0.0672Tol(Act/Req):0.8557E-04/0.1000E-04
# With parameters(tra.):     0.3602E-03    0.6593E-04   -0.6077E-03
# With parameters(rot.):    -0.5072E-01   -0.8397E-04    0.9538E-01
# Minimization at step:    46 with Value:     0.0672Tol(Act/Req):0.1051E-03/0.1000E-04
# With parameters(tra.):     0.3491E-03   -0.1925E-04   -0.6478E-03
# With parameters(rot.):    -0.5105E-01   -0.9386E-04    0.9553E-01
# Minimization at step:    47 with Value:     0.0672Tol(Act/Req):0.9447E-04/0.1000E-04
# With parameters(tra.):     0.3700E-03    0.1892E-04   -0.6975E-03
# With parameters(rot.):    -0.5081E-01   -0.2567E-03    0.9506E-01
# Minimization at step:    48 with Value:     0.0672Tol(Act/Req):0.9389E-04/0.1000E-04
# With parameters(tra.):     0.4234E-03    0.8311E-04   -0.6227E-03
# With parameters(rot.):    -0.5085E-01   -0.1620E-03    0.9478E-01
# Minimization at step:    49 with Value:     0.0672Tol(Act/Req):0.5018E-04/0.1000E-04
# With parameters(tra.):     0.2087E-03   -0.1702E-03   -0.5541E-03
# With parameters(rot.):    -0.5074E-01   -0.5995E-03    0.9546E-01
# Minimization at step:    50 with Value:     0.0672Tol(Act/Req):0.4239E-04/0.1000E-04
# With parameters(tra.):     0.2654E-03   -0.1720E-03   -0.5344E-03
# With parameters(rot.):    -0.5057E-01   -0.6429E-03    0.9562E-01
# Minimization at step:    51 with Value:     0.0672Tol(Act/Req):0.3955E-04/0.1000E-04
# With parameters(tra.):     0.2023E-03   -0.1434E-03   -0.5449E-03
# With parameters(rot.):    -0.5066E-01   -0.6591E-03    0.9589E-01
# Minimization at step:    52 with Value:     0.0672Tol(Act/Req):0.2669E-04/0.1000E-04
# With parameters(tra.):     0.2554E-03   -0.7778E-04   -0.5613E-03
# With parameters(rot.):    -0.5068E-01   -0.5547E-03    0.9576E-01
# Minimization at step:    53 with Value:     0.0672Tol(Act/Req):0.2258E-04/0.1000E-04
# With parameters(tra.):     0.1467E-03   -0.2449E-03   -0.5970E-03
# With parameters(rot.):    -0.5071E-01   -0.1684E-03    0.9573E-01
# Minimization at step:    54 with Value:     0.0672Tol(Act/Req):0.3965E-04/0.1000E-04
# With parameters(tra.):     0.1614E-03   -0.2259E-03   -0.4390E-03
# With parameters(rot.):    -0.5074E-01    0.1877E-04    0.9549E-01
# Minimization at step:    55 with Value:     0.0672Tol(Act/Req):0.3725E-04/0.1000E-04
# With parameters(tra.):     0.2750E-03   -0.5238E-04   -0.3506E-03
# With parameters(rot.):    -0.5072E-01   -0.3052E-03    0.9543E-01
# Minimization at step:    56 with Value:     0.0672Tol(Act/Req):0.3233E-04/0.1000E-04
# With parameters(tra.):     0.2825E-03   -0.1296E-04   -0.3384E-03
# With parameters(rot.):    -0.5033E-01   -0.5616E-03    0.9482E-01
# Minimization at step:    57 with Value:     0.0672Tol(Act/Req):0.2280E-04/0.1000E-04
# With parameters(tra.):     0.1992E-03   -0.1332E-03   -0.4016E-03
# With parameters(rot.):    -0.5025E-01   -0.3827E-03    0.9471E-01
# Minimization at step:    58 with Value:     0.0672Tol(Act/Req):0.2275E-04/0.1000E-04
# With parameters(tra.):     0.1812E-03   -0.1853E-03   -0.4012E-03
# With parameters(rot.):    -0.5035E-01   -0.4117E-03    0.9471E-01
# Minimization at step:    59 with Value:     0.0672Tol(Act/Req):0.2243E-04/0.1000E-04
# With parameters(tra.):     0.2665E-03   -0.1933E-03   -0.3174E-03
# With parameters(rot.):    -0.4994E-01   -0.4214E-03    0.9472E-01
# Minimization at step:    60 with Value:     0.0672Tol(Act/Req):0.2814E-04/0.1000E-04
# With parameters(tra.):     0.1616E-03   -0.1527E-03   -0.2626E-03
# With parameters(rot.):    -0.4988E-01   -0.3747E-03    0.9488E-01
# Minimization at step:    61 with Value:     0.0672Tol(Act/Req):0.2339E-04/0.1000E-04
# With parameters(tra.):     0.7140E-04   -0.1365E-03   -0.3116E-03
# With parameters(rot.):    -0.5017E-01   -0.3557E-03    0.9491E-01
# Minimization at step:    62 with Value:     0.0672Tol(Act/Req):0.1529E-04/0.1000E-04
# With parameters(tra.):     0.1163E-03   -0.2489E-04   -0.2612E-03
# With parameters(rot.):    -0.5004E-01   -0.8056E-04    0.9436E-01
# Minimization at step:    63 with Value:     0.0672Tol(Act/Req):0.1154E-04/0.1000E-04
# With parameters(tra.):     0.7102E-04   -0.4758E-04   -0.2481E-03
# With parameters(rot.):    -0.5016E-01    0.1679E-03    0.9455E-01
# Minimization at step:    64 with Value:     0.0672Tol(Act/Req):0.9310E-05/0.1000E-04
# With parameters(tra.):     0.8382E-04    0.6113E-04   -0.1547E-03
# With parameters(rot.):    -0.5019E-01    0.2321E-03    0.9458E-01
# CSM Simplex Values from input minimization.
# Final Number of Simplex optim. Steps:    64
# Final CSM Simplex Value is:      0.06718767369
[molecule] Nrec=  10 Format=nscxyz
  c                1    6   -0.99522632D+00   0.95200907D-01  -0.15148586D-03
  c                2    6    0.99582190D+00  -0.93813035D-01   0.69809354D-03
  h                3    1   -0.48749000D-02  -0.49305403D-01   0.99900916D+00
  h                4    1    0.45617261D-02   0.50121379D-01   0.10040356D+01
  h                5    1    0.54704824D-02   0.50693276D-01  -0.99846255D+00
  h                6    1   -0.39661437D-02  -0.48733506D-01  -0.10034890D+01
  h                7    1    0.94664053D-01   0.99496176D+00   0.50537707D-01
  h                8    1    0.95181322D-01   0.99996169D+00  -0.49335879D-01
  h                9    1   -0.94068470D-01  -0.99357388D+00  -0.49991099D-01
  h               10    1   -0.94585739D-01  -0.99857382D+00   0.49882486D-01
# Coordinates rotated along X. New coordinates:
[molecule] Nrec=  10 Format=nscxyz
  c                1    6   -0.10000000D+01   0.16081226D-15  -0.61232340D-16
  c                2    6    0.10000000D+01  -0.16081226D-15   0.61232340D-16
  h                3    1   -0.48989540D-16   0.10000000D+01   0.61232340D-16
  h                4    1   -0.42866306D-16   0.10000000D+01  -0.10000000D+00
  h                5    1   -0.37061407D-15  -0.10000000D+01  -0.61232340D-16
  h                6    1   -0.37673730D-15  -0.10000000D+01   0.10000000D+00
  h                7    1   -0.14856947D-15   0.61232340D-16  -0.10000000D+01
  h                8    1   -0.16465069D-15  -0.10000000D+00  -0.10000000D+01
  h                9    1   -0.27103415D-15  -0.61232340D-16   0.10000000D+01
  h               10    1   -0.25495292D-15   0.10000000D+00   0.10000000D+01
# Minimization at step:     0 with Value:     0.0812Tol(Act/Req):0.3866E+00/0.1000E-04
# With parameters(tra.):     0.1429E-01    0.1429E-01    0.1429E-01
# With parameters(rot.):     0.1429E-01    0.1429E-01    0.1429E-01
# Minimization at step:     1 with Value:     0.0779Tol(Act/Req):0.2827E+00/0.1000E-04
# With parameters(tra.):     0.7143E-02    0.1548E-01    0.1548E-01
# With parameters(rot.):     0.1548E-01    0.1548E-01    0.1548E-01
# Minimization at step:     2 with Value:     0.0756Tol(Act/Req):0.2757E+00/0.1000E-04
# With parameters(tra.):     0.7738E-02    0.8433E-02    0.1677E-01
# With parameters(rot.):     0.1677E-01    0.1677E-01    0.1677E-01
# Minimization at step:     3 with Value:     0.0734Tol(Act/Req):0.1276E+00/0.1000E-04
# With parameters(tra.):     0.8383E-02    0.9135E-02    0.9830E-02
# With parameters(rot.):     0.1816E-01    0.1816E-01    0.1816E-01
# Minimization at step:     4 with Value:     0.0726Tol(Act/Req):0.1148E+00/0.1000E-04
# With parameters(tra.):     0.4915E-02    0.9202E-02    0.9954E-02
# With parameters(rot.):     0.1898E-01    0.1898E-01    0.1898E-01
# Minimization at step:     5 with Value:     0.0719Tol(Act/Req):0.9317E-01/0.1000E-04
# With parameters(tra.):     0.6553E-02    0.1227E-01    0.1327E-01
# With parameters(rot.):    -0.8024E-02    0.2531E-01    0.2531E-01
# Minimization at step:     6 with Value:     0.0716Tol(Act/Req):0.9273E-01/0.1000E-04
# With parameters(tra.):     0.7349E-02   -0.5389E-03    0.1469E-01
# With parameters(rot.):    -0.1371E-01    0.3074E-01    0.3074E-01
# Minimization at step:     7 with Value:     0.0712Tol(Act/Req):0.6738E-01/0.1000E-04
# With parameters(tra.):     0.8294E-02   -0.2358E-02    0.2434E-02
# With parameters(rot.):    -0.2154E-01    0.3772E-01    0.3772E-01
# Minimization at step:     8 with Value:     0.0707Tol(Act/Req):0.6369E-01/0.1000E-04
# With parameters(tra.):     0.8173E-02    0.6923E-03    0.1060E-02
# With parameters(rot.):    -0.2077E-01    0.3695E-01    0.3695E-01
# Minimization at step:     9 with Value:     0.0702Tol(Act/Req):0.5389E-01/0.1000E-04
# With parameters(tra.):     0.1090E-01    0.9230E-03    0.1413E-02
# With parameters(rot.):    -0.2769E-01    0.1593E-01    0.4926E-01
# Minimization at step:    10 with Value:     0.0697Tol(Act/Req):0.4956E-01/0.1000E-04
# With parameters(tra.):     0.1088E-01    0.1651E-02    0.4391E-02
# With parameters(rot.):    -0.2625E-01    0.1237E-01    0.4848E-01
# Minimization at step:    11 with Value:     0.0691Tol(Act/Req):0.4981E-01/0.1000E-04
# With parameters(tra.):     0.5930E-02   -0.7320E-03    0.2786E-02
# With parameters(rot.):    -0.3968E-01    0.1180E-01    0.5995E-01
# Minimization at step:    12 with Value:     0.0687Tol(Act/Req):0.2062E-01/0.1000E-04
# With parameters(tra.):     0.5469E-02   -0.2582E-02    0.1082E-02
# With parameters(rot.):    -0.3557E-01    0.9094E-02    0.6125E-01
# Minimization at step:    13 with Value:     0.0684Tol(Act/Req):0.2506E-01/0.1000E-04
# With parameters(tra.):     0.4335E-02   -0.2932E-02    0.9664E-03
# With parameters(rot.):    -0.3450E-01    0.1378E-01    0.5917E-01
# Minimization at step:    14 with Value:     0.0683Tol(Act/Req):0.1368E-01/0.1000E-04
# With parameters(tra.):     0.2816E-02    0.1961E-02   -0.1814E-02
# With parameters(rot.):    -0.3754E-01    0.4506E-02    0.6503E-01
# Minimization at step:    15 with Value:     0.0681Tol(Act/Req):0.1116E-01/0.1000E-04
# With parameters(tra.):     0.7714E-03    0.3131E-02    0.1102E-02
# With parameters(rot.):    -0.3819E-01   -0.2803E-02    0.6800E-01
# Minimization at step:    16 with Value:     0.0680Tol(Act/Req):0.1262E-01/0.1000E-04
# With parameters(tra.):     0.9809E-03    0.2005E-02    0.2040E-02
# With parameters(rot.):    -0.3749E-01   -0.1094E-02    0.6678E-01
# Minimization at step:    17 with Value:     0.0679Tol(Act/Req):0.1262E-01/0.1000E-04
# With parameters(tra.):     0.1308E-02    0.2673E-02    0.2720E-02
# With parameters(rot.):    -0.4998E-01   -0.1459E-02    0.8904E-01
# Minimization at step:    18 with Value:     0.0678Tol(Act/Req):0.1224E-01/0.1000E-04
# With parameters(tra.):     0.1417E-02    0.2896E-02    0.2946E-02
# With parameters(rot.):    -0.5415E-01   -0.1580E-02    0.8812E-01
# Minimization at step:    19 with Value:     0.0677Tol(Act/Req):0.1003E-01/0.1000E-04
# With parameters(tra.):     0.8484E-03    0.2427E-02    0.2250E-02
# With parameters(rot.):    -0.5364E-01   -0.3823E-02    0.9102E-01
# Minimization at step:    20 with Value:     0.0676Tol(Act/Req):0.9335E-02/0.1000E-04
# With parameters(tra.):     0.1662E-02    0.3286E-02    0.2607E-02
# With parameters(rot.):    -0.5144E-01   -0.4984E-02    0.9074E-01
# Minimization at step:    21 with Value:     0.0675Tol(Act/Req):0.6393E-02/0.1000E-04
# With parameters(tra.):     0.1610E-02    0.3170E-02    0.2427E-02
# With parameters(rot.):    -0.4844E-01   -0.5186E-02    0.8531E-01
# Minimization at step:    22 with Value:     0.0674Tol(Act/Req):0.4001E-02/0.1000E-04
# With parameters(tra.):     0.8158E-03    0.3504E-02    0.2491E-02
# With parameters(rot.):    -0.4907E-01   -0.4425E-02    0.8645E-01
# Minimization at step:    23 with Value:     0.0674Tol(Act/Req):0.3142E-02/0.1000E-04
# With parameters(tra.):     0.1849E-02    0.3012E-02    0.1381E-02
# With parameters(rot.):    -0.5146E-01   -0.1175E-02    0.8958E-01
# Minimization at step:    24 with Value:     0.0674Tol(Act/Req):0.2924E-02/0.1000E-04
# With parameters(tra.):     0.2026E-02    0.2534E-02    0.1795E-02
# With parameters(rot.):    -0.5227E-01   -0.3277E-03    0.9088E-01
# Minimization at step:    25 with Value:     0.0673Tol(Act/Req):0.1905E-02/0.1000E-04
# With parameters(tra.):     0.1282E-02    0.1632E-02    0.2502E-03
# With parameters(rot.):    -0.5079E-01   -0.3649E-02    0.9661E-01
# Minimization at step:    26 with Value:     0.0673Tol(Act/Req):0.2418E-02/0.1000E-04
# With parameters(tra.):     0.1325E-02    0.1638E-02    0.1388E-03
# With parameters(rot.):    -0.5260E-01   -0.3882E-02    0.9686E-01
# Minimization at step:    27 with Value:     0.0673Tol(Act/Req):0.1877E-02/0.1000E-04
# With parameters(tra.):     0.1176E-02    0.1081E-02   -0.7024E-03
# With parameters(rot.):    -0.4913E-01   -0.3860E-02    0.9162E-01
# Minimization at step:    28 with Value:     0.0673Tol(Act/Req):0.1462E-02/0.1000E-04
# With parameters(tra.):    -0.2917E-03    0.9401E-03   -0.1639E-02
# With parameters(rot.):    -0.5041E-01   -0.2148E-02    0.9561E-01
# Minimization at step:    29 with Value:     0.0673Tol(Act/Req):0.1732E-02/0.1000E-04
# With parameters(tra.):    -0.4778E-04    0.1174E-02   -0.1815E-02
# With parameters(rot.):    -0.4922E-01   -0.2492E-02    0.9588E-01
# Minimization at step:    30 with Value:     0.0673Tol(Act/Req):0.1610E-02/0.1000E-04
# With parameters(tra.):     0.2531E-03    0.1923E-02   -0.9586E-03
# With parameters(rot.):    -0.5017E-01    0.1215E-02    0.8990E-01
# Minimization at step:    31 with Value:     0.0673Tol(Act/Req):0.1483E-02/0.1000E-04
# With parameters(tra.):     0.6654E-03    0.2041E-02   -0.6677E-03
# With parameters(rot.):    -0.4983E-01    0.1067E-02    0.8843E-01
# Minimization at step:    32 with Value:     0.0672Tol(Act/Req):0.1016E-02/0.1000E-04
# With parameters(tra.):     0.6246E-03    0.1863E-02   -0.8575E-03
# With parameters(rot.):    -0.4957E-01    0.1283E-03    0.8980E-01
# Minimization at step:    33 with Value:     0.0672Tol(Act/Req):0.9512E-03/0.1000E-04
# With parameters(tra.):     0.3503E-03    0.1849E-02   -0.8589E-03
# With parameters(rot.):    -0.4901E-01   -0.3046E-03    0.8929E-01
# Minimization at step:    34 with Value:     0.0672Tol(Act/Req):0.3653E-03/0.1000E-04
# With parameters(tra.):     0.1459E-03    0.6632E-03   -0.9152E-03
# With parameters(rot.):    -0.4955E-01    0.1399E-02    0.9135E-01
# Minimization at step:    35 with Value:     0.0672Tol(Act/Req):0.5087E-03/0.1000E-04
# With parameters(tra.):     0.8491E-04    0.7212E-03   -0.7927E-03
# With parameters(rot.):    -0.5016E-01    0.1833E-02    0.9220E-01
# Minimization at step:    36 with Value:     0.0672Tol(Act/Req):0.5139E-03/0.1000E-04
# With parameters(tra.):     0.3172E-05    0.6479E-03   -0.9260E-03
# With parameters(rot.):    -0.5086E-01    0.2193E-02    0.9194E-01
# Minimization at step:    37 with Value:     0.0672Tol(Act/Req):0.4474E-03/0.1000E-04
# With parameters(tra.):     0.4239E-04    0.9431E-03   -0.9128E-03
# With parameters(rot.):    -0.5083E-01    0.1833E-02    0.9147E-01
# Minimization at step:    38 with Value:     0.0672Tol(Act/Req):0.3454E-03/0.1000E-04
# With parameters(tra.):    -0.2334E-03    0.2813E-03   -0.1311E-02
# With parameters(rot.):    -0.5072E-01    0.5233E-03    0.9477E-01
# Minimization at step:    39 with Value:     0.0672Tol(Act/Req):0.3228E-03/0.1000E-04
# With parameters(tra.):     0.2917E-03   -0.7099E-04   -0.9434E-03
# With parameters(rot.):    -0.5035E-01    0.4651E-04    0.9394E-01
# Minimization at step:    40 with Value:     0.0672Tol(Act/Req):0.3108E-03/0.1000E-04
# With parameters(tra.):     0.4044E-03    0.6510E-04   -0.8132E-03
# With parameters(rot.):    -0.5034E-01    0.3342E-03    0.9304E-01
# Minimization at step:    41 with Value:     0.0672Tol(Act/Req):0.2857E-03/0.1000E-04
# With parameters(tra.):     0.2718E-03   -0.9050E-04   -0.8101E-03
# With parameters(rot.):    -0.5018E-01    0.1710E-03    0.9311E-01
# Minimization at step:    42 with Value:     0.0672Tol(Act/Req):0.1649E-03/0.1000E-04
# With parameters(tra.):     0.4204E-03   -0.7887E-04   -0.8142E-03
# With parameters(rot.):    -0.4966E-01    0.2210E-03    0.9301E-01
# Minimization at step:    43 with Value:     0.0672Tol(Act/Req):0.1191E-03/0.1000E-04
# With parameters(tra.):     0.2998E-03    0.8539E-05   -0.8953E-03
# With parameters(rot.):    -0.4970E-01    0.3547E-03    0.9314E-01
# Minimization at step:    44 with Value:     0.0672Tol(Act/Req):0.1024E-03/0.1000E-04
# With parameters(tra.):     0.2496E-03   -0.1129E-03   -0.6845E-03
# With parameters(rot.):    -0.5077E-01    0.7310E-03    0.9516E-01
# Minimization at step:    45 with Value:     0.0672Tol(Act/Req):0.8557E-04/0.1000E-04
# With parameters(tra.):     0.3602E-03    0.6593E-04   -0.6077E-03
# With parameters(rot.):    -0.5072E-01   -0.8397E-04    0.9538E-01
# Minimization at step:    46 with Value:     0.0672Tol(Act/Req):0.1051E-03/0.1000E-04
# With parameters(tra.):     0.3491E-03   -0.1925E-04   -0.6478E-03
# With parameters(rot.):    -0.5105E-01   -0.9386E-04    0.9553E-01
# Minimization at step:    47 with Value:     0.0672Tol(Act/Req):0.9447E-04/0.1000E-04
# With parameters(tra.):     0.3700E-03    0.1892E-04   -0.6975E-03
# With parameters(rot.):    -0.5081E-01   -0.2567E-03    0.9506E-01
# Minimization at step:    48 with Value:     0.0672Tol(Act/Req):0.9389E-04/0.1000E-04
# With parameters(tra.):     0.4234E-03    0.8311E-04   -0.6227E-03
# With parameters(rot.):    -0.5085E-01   -0.1620E-03    0.9478E-01
# Minimization at step:    49 with Value:     0.0672Tol(Act/Req):0.5018E-04/0.1000E-04
# With parameters(tra.):     0.2087E-03   -0.1702E-03   -0.5541E-03
# With parameters(rot.):    -0.5074E-01   -0.5995E-03    0.9546E-01
# Minimization at step:    50 with Value:     0.0672Tol(Act/Req):0.4239E-04/0.1000E-04
# With parameters(tra.):     0.2654E-03   -0.1720E-03   -0.5344E-03
# With parameters(rot.):    -0.5057E-01   -0.6429E-03    0.9562E-01
# Minimization at step:    51 with Value:     0.0672Tol(Act/Req):0.3955E-04/0.1000E-04
# With parameters(tra.):     0.2023E-03   -0.1434E-03   -0.5449E-03
# With parameters(rot.):    -0.5066E-01   -0.6591E-03    0.9589E-01
# Minimization at step:    52 with Value:     0.0672Tol(Act/Req):0.2669E-04/0.1000E-04
# With parameters(tra.):     0.2554E-03   -0.7778E-04   -0.5613E-03
# With parameters(rot.):    -0.5068E-01   -0.5547E-03    0.9576E-01
# Minimization at step:    53 with Value:     0.0672Tol(Act/Req):0.2258E-04/0.1000E-04
# With parameters(tra.):     0.1467E-03   -0.2449E-03   -0.5970E-03
# With parameters(rot.):    -0.5071E-01   -0.1684E-03    0.9573E-01
# Minimization at step:    54 with Value:     0.0672Tol(Act/Req):0.3965E-04/0.1000E-04
# With parameters(tra.):     0.1614E-03   -0.2259E-03   -0.4390E-03
# With parameters(rot.):    -0.5074E-01    0.1877E-04    0.9549E-01
# Minimization at step:    55 with Value:     0.0672Tol(Act/Req):0.3725E-04/0.1000E-04
# With parameters(tra.):     0.2750E-03   -0.5238E-04   -0.3506E-03
# With parameters(rot.):    -0.5072E-01   -0.3052E-03    0.9543E-01
# Minimization at step:    56 with Value:     0.0672Tol(Act/Req):0.3233E-04/0.1000E-04
# With parameters(tra.):     0.2825E-03   -0.1296E-04   -0.3384E-03
# With parameters(rot.):    -0.5033E-01   -0.5616E-03    0.9482E-01
# Minimization at step:    57 with Value:     0.0672Tol(Act/Req):0.2280E-04/0.1000E-04
# With parameters(tra.):     0.1992E-03   -0.1332E-03   -0.4016E-03
# With parameters(rot.):    -0.5025E-01   -0.3827E-03    0.9471E-01
# Minimization at step:    58 with Value:     0.0672Tol(Act/Req):0.2275E-04/0.1000E-04
# With parameters(tra.):     0.1812E-03   -0.1853E-03   -0.4012E-03
# With parameters(rot.):    -0.5035E-01   -0.4117E-03    0.9471E-01
# Minimization at step:    59 with Value:     0.0672Tol(Act/Req):0.2243E-04/0.1000E-04
# With parameters(tra.):     0.2665E-03   -0.1933E-03   -0.3174E-03
# With parameters(rot.):    -0.4994E-01   -0.4214E-03    0.9472E-01
# Minimization at step:    60 with Value:     0.0672Tol(Act/Req):0.2814E-04/0.1000E-04
# With parameters(tra.):     0.1616E-03   -0.1527E-03   -0.2626E-03
# With parameters(rot.):    -0.4988E-01   -0.3747E-03    0.9488E-01
# Minimization at step:    61 with Value:     0.0672Tol(Act/Req):0.2339E-04/0.1000E-04
# With parameters(tra.):     0.7140E-04   -0.1365E-03   -0.3116E-03
# With parameters(rot.):    -0.5017E-01   -0.3557E-03    0.9491E-01
# Minimization at step:    62 with Value:     0.0672Tol(Act/Req):0.1529E-04/0.1000E-04
# With parameters(tra.):     0.1163E-03   -0.2489E-04   -0.2612E-03
# With parameters(rot.):    -0.5004E-01   -0.8056E-04    0.9436E-01
# Minimization at step:    63 with Value:     0.0672Tol(Act/Req):0.1154E-04/0.1000E-04
# With parameters(tra.):     0.7102E-04   -0.4758E-04   -0.2481E-03
# With parameters(rot.):    -0.5016E-01    0.1679E-03    0.9455E-01
# Minimization at step:    64 with Value:     0.0672Tol(Act/Req):0.9310E-05/0.1000E-04
# With parameters(tra.):     0.8382E-04    0.6113E-04   -0.1547E-03
# With parameters(rot.):    -0.5019E-01    0.2321E-03    0.9458E-01
# CSM Values after x minimization.
# Final Number of optim. Steps:    64
#      Before min is:      0.06835224100
# Final CSM Value is:      0.06718767369
# Coordinates rotated along Y.
[molecule] Nrec=  10 Format=nscxyz
  c                1    6   -0.61232340D-16  -0.48271527D-32  -0.10000000D+01
  c                2    6    0.61232340D-16   0.48271527D-32   0.10000000D+01
  h                3    1   -0.10000000D+01   0.12246468D-15  -0.14856947D-15
  h                4    1   -0.10000000D+01   0.10000000D+00  -0.14856947D-15
  h                5    1    0.10000000D+01  -0.12246468D-15  -0.27103415D-15
  h                6    1    0.10000000D+01  -0.10000000D+00  -0.27103415D-15
  h                7    1    0.12246468D-15   0.10000000D+01  -0.20980181D-15
  h                8    1    0.10000000D+00   0.10000000D+01  -0.21592504D-15
  h                9    1   -0.12246468D-15  -0.10000000D+01  -0.20980181D-15
  h               10    1   -0.10000000D+00  -0.10000000D+01  -0.20367857D-15
# Minimization at step:     0 with Value:     0.0812Tol(Act/Req):0.3866E+00/0.1000E-04
# With parameters(tra.):     0.1429E-01    0.1429E-01    0.1429E-01
# With parameters(rot.):     0.1429E-01    0.1429E-01    0.1429E-01
# Minimization at step:     1 with Value:     0.0779Tol(Act/Req):0.2827E+00/0.1000E-04
# With parameters(tra.):     0.7143E-02    0.1548E-01    0.1548E-01
# With parameters(rot.):     0.1548E-01    0.1548E-01    0.1548E-01
# Minimization at step:     2 with Value:     0.0756Tol(Act/Req):0.2757E+00/0.1000E-04
# With parameters(tra.):     0.7738E-02    0.8433E-02    0.1677E-01
# With parameters(rot.):     0.1677E-01    0.1677E-01    0.1677E-01
# Minimization at step:     3 with Value:     0.0734Tol(Act/Req):0.1276E+00/0.1000E-04
# With parameters(tra.):     0.8383E-02    0.9135E-02    0.9830E-02
# With parameters(rot.):     0.1816E-01    0.1816E-01    0.1816E-01
# Minimization at step:     4 with Value:     0.0726Tol(Act/Req):0.1148E+00/0.1000E-04
# With parameters(tra.):     0.4915E-02    0.9202E-02    0.9954E-02
# With parameters(rot.):     0.1898E-01    0.1898E-01    0.1898E-01
# Minimization at step:     5 with Value:     0.0719Tol(Act/Req):0.9317E-01/0.1000E-04
# With parameters(tra.):     0.6553E-02    0.1227E-01    0.1327E-01
# With parameters(rot.):    -0.8024E-02    0.2531E-01    0.2531E-01
# Minimization at step:     6 with Value:     0.0716Tol(Act/Req):0.9273E-01/0.1000E-04
# With parameters(tra.):     0.7349E-02   -0.5389E-03    0.1469E-01
# With parameters(rot.):    -0.1371E-01    0.3074E-01    0.3074E-01
# Minimization at step:     7 with Value:     0.0712Tol(Act/Req):0.6738E-01/0.1000E-04
# With parameters(tra.):     0.8294E-02   -0.2358E-02    0.2434E-02
# With parameters(rot.):    -0.2154E-01    0.3772E-01    0.3772E-01
# Minimization at step:     8 with Value:     0.0707Tol(Act/Req):0.6369E-01/0.1000E-04
# With parameters(tra.):     0.8173E-02    0.6923E-03    0.1060E-02
# With parameters(rot.):    -0.2077E-01    0.3695E-01    0.3695E-01
# Minimization at step:     9 with Value:     0.0702Tol(Act/Req):0.5389E-01/0.1000E-04
# With parameters(tra.):     0.1090E-01    0.9230E-03    0.1413E-02
# With parameters(rot.):    -0.2769E-01    0.1593E-01    0.4926E-01
# Minimization at step:    10 with Value:     0.0697Tol(Act/Req):0.4956E-01/0.1000E-04
# With parameters(tra.):     0.1088E-01    0.1651E-02    0.4391E-02
# With parameters(rot.):    -0.2625E-01    0.1237E-01    0.4848E-01
# Minimization at step:    11 with Value:     0.0691Tol(Act/Req):0.4981E-01/0.1000E-04
# With parameters(tra.):     0.5930E-02   -0.7320E-03    0.2786E-02
# With parameters(rot.):    -0.3968E-01    0.1180E-01    0.5995E-01
# Minimization at step:    12 with Value:     0.0687Tol(Act/Req):0.2062E-01/0.1000E-04
# With parameters(tra.):     0.5469E-02   -0.2582E-02    0.1082E-02
# With parameters(rot.):    -0.3557E-01    0.9094E-02    0.6125E-01
# Minimization at step:    13 with Value:     0.0684Tol(Act/Req):0.2506E-01/0.1000E-04
# With parameters(tra.):     0.4335E-02   -0.2932E-02    0.9664E-03
# With parameters(rot.):    -0.3450E-01    0.1378E-01    0.5917E-01
# Minimization at step:    14 with Value:     0.0683Tol(Act/Req):0.1368E-01/0.1000E-04
# With parameters(tra.):     0.2816E-02    0.1961E-02   -0.1814E-02
# With parameters(rot.):    -0.3754E-01    0.4506E-02    0.6503E-01
# Minimization at step:    15 with Value:     0.0681Tol(Act/Req):0.1116E-01/0.1000E-04
# With parameters(tra.):     0.7714E-03    0.3131E-02    0.1102E-02
# With parameters(rot.):    -0.3819E-01   -0.2803E-02    0.6800E-01
# Minimization at step:    16 with Value:     0.0680Tol(Act/Req):0.1262E-01/0.1000E-04
# With parameters(tra.):     0.9809E-03    0.2005E-02    0.2040E-02
# With parameters(rot.):    -0.3749E-01   -0.1094E-02    0.6678E-01
# Minimization at step:    17 with Value:     0.0679Tol(Act/Req):0.1262E-01/0.1000E-04
# With parameters(tra.):     0.1308E-02    0.2673E-02    0.2720E-02
# With parameters(rot.):    -0.4998E-01   -0.1459E-02    0.8904E-01
# Minimization at step:    18 with Value:     0.0678Tol(Act/Req):0.1224E-01/0.1000E-04
# With parameters(tra.):     0.1417E-02    0.2896E-02    0.2946E-02
# With parameters(rot.):    -0.5415E-01   -0.1580E-02    0.8812E-01
# Minimization at step:    19 with Value:     0.0677Tol(Act/Req):0.1003E-01/0.1000E-04
# With parameters(tra.):     0.8484E-03    0.2427E-02    0.2250E-02
# With parameters(rot.):    -0.5364E-01   -0.3823E-02    0.9102E-01
# Minimization at step:    20 with Value:     0.0676Tol(Act/Req):0.9335E-02/0.1000E-04
# With parameters(tra.):     0.1662E-02    0.3286E-02    0.2607E-02
# With parameters(rot.):    -0.5144E-01   -0.4984E-02    0.9074E-01
# Minimization at step:    21 with Value:     0.0675Tol(Act/Req):0.6393E-02/0.1000E-04
# With parameters(tra.):     0.1610E-02    0.3170E-02    0.2427E-02
# With parameters(rot.):    -0.4844E-01   -0.5186E-02    0.8531E-01
# Minimization at step:    22 with Value:     0.0674Tol(Act/Req):0.4001E-02/0.1000E-04
# With parameters(tra.):     0.8158E-03    0.3504E-02    0.2491E-02
# With parameters(rot.):    -0.4907E-01   -0.4425E-02    0.8645E-01
# Minimization at step:    23 with Value:     0.0674Tol(Act/Req):0.3142E-02/0.1000E-04
# With parameters(tra.):     0.1849E-02    0.3012E-02    0.1381E-02
# With parameters(rot.):    -0.5146E-01   -0.1175E-02    0.8958E-01
# Minimization at step:    24 with Value:     0.0674Tol(Act/Req):0.2924E-02/0.1000E-04
# With parameters(tra.):     0.2026E-02    0.2534E-02    0.1795E-02
# With parameters(rot.):    -0.5227E-01   -0.3277E-03    0.9088E-01
# Minimization at step:    25 with Value:     0.0673Tol(Act/Req):0.1905E-02/0.1000E-04
# With parameters(tra.):     0.1282E-02    0.1632E-02    0.2502E-03
# With parameters(rot.):    -0.5079E-01   -0.3649E-02    0.9661E-01
# Minimization at step:    26 with Value:     0.0673Tol(Act/Req):0.2418E-02/0.1000E-04
# With parameters(tra.):     0.1325E-02    0.1638E-02    0.1388E-03
# With parameters(rot.):    -0.5260E-01   -0.3882E-02    0.9686E-01
# Minimization at step:    27 with Value:     0.0673Tol(Act/Req):0.1877E-02/0.1000E-04
# With parameters(tra.):     0.1176E-02    0.1081E-02   -0.7024E-03
# With parameters(rot.):    -0.4913E-01   -0.3860E-02    0.9162E-01
# Minimization at step:    28 with Value:     0.0673Tol(Act/Req):0.1462E-02/0.1000E-04
# With parameters(tra.):    -0.2917E-03    0.9401E-03   -0.1639E-02
# With parameters(rot.):    -0.5041E-01   -0.2148E-02    0.9561E-01
# Minimization at step:    29 with Value:     0.0673Tol(Act/Req):0.1732E-02/0.1000E-04
# With parameters(tra.):    -0.4778E-04    0.1174E-02   -0.1815E-02
# With parameters(rot.):    -0.4922E-01   -0.2492E-02    0.9588E-01
# Minimization at step:    30 with Value:     0.0673Tol(Act/Req):0.1610E-02/0.1000E-04
# With parameters(tra.):     0.2531E-03    0.1923E-02   -0.9586E-03
# With parameters(rot.):    -0.5017E-01    0.1215E-02    0.8990E-01
# Minimization at step:    31 with Value:     0.0673Tol(Act/Req):0.1483E-02/0.1000E-04
# With parameters(tra.):     0.6654E-03    0.2041E-02   -0.6677E-03
# With parameters(rot.):    -0.4983E-01    0.1067E-02    0.8843E-01
# Minimization at step:    32 with Value:     0.0672Tol(Act/Req):0.1016E-02/0.1000E-04
# With parameters(tra.):     0.6246E-03    0.1863E-02   -0.8575E-03
# With parameters(rot.):    -0.4957E-01    0.1283E-03    0.8980E-01
# Minimization at step:    33 with Value:     0.0672Tol(Act/Req):0.9512E-03/0.1000E-04
# With parameters(tra.):     0.3503E-03    0.1849E-02   -0.8589E-03
# With parameters(rot.):    -0.4901E-01   -0.3046E-03    0.8929E-01
# Minimization at step:    34 with Value:     0.0672Tol(Act/Req):0.3653E-03/0.1000E-04
# With parameters(tra.):     0.1459E-03    0.6632E-03   -0.9152E-03
# With parameters(rot.):    -0.4955E-01    0.1399E-02    0.9135E-01
# Minimization at step:    35 with Value:     0.0672Tol(Act/Req):0.5087E-03/0.1000E-04
# With parameters(tra.):     0.8491E-04    0.7212E-03   -0.7927E-03
# With parameters(rot.):    -0.5016E-01    0.1833E-02    0.9220E-01
# Minimization at step:    36 with Value:     0.0672Tol(Act/Req):0.5139E-03/0.1000E-04
# With parameters(tra.):     0.3172E-05    0.6479E-03   -0.9260E-03
# With parameters(rot.):    -0.5086E-01    0.2193E-02    0.9194E-01
# Minimization at step:    37 with Value:     0.0672Tol(Act/Req):0.4474E-03/0.1000E-04
# With parameters(tra.):     0.4239E-04    0.9431E-03   -0.9128E-03
# With parameters(rot.):    -0.5083E-01    0.1833E-02    0.9147E-01
# Minimization at step:    38 with Value:     0.0672Tol(Act/Req):0.3454E-03/0.1000E-04
# With parameters(tra.):    -0.2334E-03    0.2813E-03   -0.1311E-02
# With parameters(rot.):    -0.5072E-01    0.5233E-03    0.9477E-01
# Minimization at step:    39 with Value:     0.0672Tol(Act/Req):0.3228E-03/0.1000E-04
# With parameters(tra.):     0.2917E-03   -0.7099E-04   -0.9434E-03
# With parameters(rot.):    -0.5035E-01    0.4651E-04    0.9394E-01
# Minimization at step:    40 with Value:     0.0672Tol(Act/Req):0.3108E-03/0.1000E-04
# With parameters(tra.):     0.4044E-03    0.6510E-04   -0.8132E-03
# With parameters(rot.):    -0.5034E-01    0.3342E-03    0.9304E-01
# Minimization at step:    41 with Value:     0.0672Tol(Act/Req):0.2857E-03/0.1000E-04
# With parameters(tra.):     0.2718E-03   -0.9050E-04   -0.8101E-03
# With parameters(rot.):    -0.5018E-01    0.1710E-03    0.9311E-01
# Minimization at step:    42 with Value:     0.0672Tol(Act/Req):0.1649E-03/0.1000E-04
# With parameters(tra.):     0.4204E-03   -0.7887E-04   -0.8142E-03
# With parameters(rot.):    -0.4966E-01    0.2210E-03    0.9301E-01
# Minimization at step:    43 with Value:     0.0672Tol(Act/Req):0.1191E-03/0.1000E-04
# With parameters(tra.):     0.2998E-03    0.8539E-05   -0.8953E-03
# With parameters(rot.):    -0.4970E-01    0.3547E-03    0.9314E-01
# Minimization at step:    44 with Value:     0.0672Tol(Act/Req):0.1024E-03/0.1000E-04
# With parameters(tra.):     0.2496E-03   -0.1129E-03   -0.6845E-03
# With parameters(rot.):    -0.5077E-01    0.7310E-03    0.9516E-01
# Minimization at step:    45 with Value:     0.0672Tol(Act/Req):0.8557E-04/0.1000E-04
# With parameters(tra.):     0.3602E-03    0.6593E-04   -0.6077E-03
# With parameters(rot.):    -0.5072E-01   -0.8397E-04    0.9538E-01
# Minimization at step:    46 with Value:     0.0672Tol(Act/Req):0.1051E-03/0.1000E-04
# With parameters(tra.):     0.3491E-03   -0.1925E-04   -0.6478E-03
# With parameters(rot.):    -0.5105E-01   -0.9386E-04    0.9553E-01
# Minimization at step:    47 with Value:     0.0672Tol(Act/Req):0.9447E-04/0.1000E-04
# With parameters(tra.):     0.3700E-03    0.1892E-04   -0.6975E-03
# With parameters(rot.):    -0.5081E-01   -0.2567E-03    0.9506E-01
# Minimization at step:    48 with Value:     0.0672Tol(Act/Req):0.9389E-04/0.1000E-04
# With parameters(tra.):     0.4234E-03    0.8311E-04   -0.6227E-03
# With parameters(rot.):    -0.5085E-01   -0.1620E-03    0.9478E-01
# Minimization at step:    49 with Value:     0.0672Tol(Act/Req):0.5018E-04/0.1000E-04
# With parameters(tra.):     0.2087E-03   -0.1702E-03   -0.5541E-03
# With parameters(rot.):    -0.5074E-01   -0.5995E-03    0.9546E-01
# Minimization at step:    50 with Value:     0.0672Tol(Act/Req):0.4239E-04/0.1000E-04
# With parameters(tra.):     0.2654E-03   -0.1720E-03   -0.5344E-03
# With parameters(rot.):    -0.5057E-01   -0.6429E-03    0.9562E-01
# Minimization at step:    51 with Value:     0.0672Tol(Act/Req):0.3955E-04/0.1000E-04
# With parameters(tra.):     0.2023E-03   -0.1434E-03   -0.5449E-03
# With parameters(rot.):    -0.5066E-01   -0.6591E-03    0.9589E-01
# Minimization at step:    52 with Value:     0.0672Tol(Act/Req):0.2669E-04/0.1000E-04
# With parameters(tra.):     0.2554E-03   -0.7778E-04   -0.5613E-03
# With parameters(rot.):    -0.5068E-01   -0.5547E-03    0.9576E-01
# Minimization at step:    53 with Value:     0.0672Tol(Act/Req):0.2258E-04/0.1000E-04
# With parameters(tra.):     0.1467E-03   -0.2449E-03   -0.5970E-03
# With parameters(rot.):    -0.5071E-01   -0.1684E-03    0.9573E-01
# Minimization at step:    54 with Value:     0.0672Tol(Act/Req):0.3965E-04/0.1000E-04
# With parameters(tra.):     0.1614E-03   -0.2259E-03   -0.4390E-03
# With parameters(rot.):    -0.5074E-01    0.1877E-04    0.9549E-01
# Minimization at step:    55 with Value:     0.0672Tol(Act/Req):0.3725E-04/0.1000E-04
# With parameters(tra.):     0.2750E-03   -0.5238E-04   -0.3506E-03
# With parameters(rot.):    -0.5072E-01   -0.3052E-03    0.9543E-01
# Minimization at step:    56 with Value:     0.0672Tol(Act/Req):0.3233E-04/0.1000E-04
# With parameters(tra.):     0.2825E-03   -0.1296E-04   -0.3384E-03
# With parameters(rot.):    -0.5033E-01   -0.5616E-03    0.9482E-01
# Minimization at step:    57 with Value:     0.0672Tol(Act/Req):0.2280E-04/0.1000E-04
# With parameters(tra.):     0.1992E-03   -0.1332E-03   -0.4016E-03
# With parameters(rot.):    -0.5025E-01   -0.3827E-03    0.9471E-01
# Minimization at step:    58 with Value:     0.0672Tol(Act/Req):0.2275E-04/0.1000E-04
# With parameters(tra.):     0.1812E-03   -0.1853E-03   -0.4012E-03
# With parameters(rot.):    -0.5035E-01   -0.4117E-03    0.9471E-01
# Minimization at step:    59 with Value:     0.0672Tol(Act/Req):0.2243E-04/0.1000E-04
# With parameters(tra.):     0.2665E-03   -0.1933E-03   -0.3174E-03
# With parameters(rot.):    -0.4994E-01   -0.4214E-03    0.9472E-01
# Minimization at step:    60 with Value:     0.0672Tol(Act/Req):0.2814E-04/0.1000E-04
# With parameters(tra.):     0.1616E-03   -0.1527E-03   -0.2626E-03
# With parameters(rot.):    -0.4988E-01   -0.3747E-03    0.9488E-01
# Minimization at step:    61 with Value:     0.0672Tol(Act/Req):0.2339E-04/0.1000E-04
# With parameters(tra.):     0.7140E-04   -0.1365E-03   -0.3116E-03
# With parameters(rot.):    -0.5017E-01   -0.3557E-03    0.9491E-01
# Minimization at step:    62 with Value:     0.0672Tol(Act/Req):0.1529E-04/0.1000E-04
# With parameters(tra.):     0.1163E-03   -0.2489E-04   -0.2612E-03
# With parameters(rot.):    -0.5004E-01   -0.8056E-04    0.9436E-01
# Minimization at step:    63 with Value:     0.0672Tol(Act/Req):0.1154E-04/0.1000E-04
# With parameters(tra.):     0.7102E-04   -0.4758E-04   -0.2481E-03
# With parameters(rot.):    -0.5016E-01    0.1679E-03    0.9455E-01
# Minimization at step:    64 with Value:     0.0672Tol(Act/Req):0.9310E-05/0.1000E-04
# With parameters(tra.):     0.8382E-04    0.6113E-04   -0.1547E-03
# With parameters(rot.):    -0.5019E-01    0.2321E-03    0.9458E-01
# CSM Values after y minimization.
# Final Number of optim. Steps:    64
#      Before min is:     -0.00000000000
# Final CSM Value is:      0.06718767369
# Coordinates rotated along Z.
[molecule] Nrec=  10 Format=nscxyz
  c                1    6   -0.61232340D-16   0.10000000D+01   0.00000000D+00
  c                2    6    0.61232340D-16  -0.10000000D+01   0.00000000D+00
  h                3    1   -0.12846655D-31   0.20980181D-15   0.10000000D+01
  h                4    1    0.10000000D+00   0.21592504D-15   0.10000000D+01
  h                5    1   -0.12846655D-31   0.20980181D-15  -0.10000000D+01
  h                6    1   -0.10000000D+00   0.20367857D-15  -0.10000000D+01
  h                7    1    0.10000000D+01   0.27103415D-15   0.00000000D+00
  h                8    1    0.10000000D+01   0.27103415D-15  -0.10000000D+00
  h                9    1   -0.10000000D+01   0.14856947D-15   0.00000000D+00
  h               10    1   -0.10000000D+01   0.14856947D-15   0.10000000D+00
# Minimization at step:     0 with Value:     0.0812Tol(Act/Req):0.3866E+00/0.1000E-04
# With parameters(tra.):     0.1429E-01    0.1429E-01    0.1429E-01
# With parameters(rot.):     0.1429E-01    0.1429E-01    0.1429E-01
# Minimization at step:     1 with Value:     0.0779Tol(Act/Req):0.2827E+00/0.1000E-04
# With parameters(tra.):     0.7143E-02    0.1548E-01    0.1548E-01
# With parameters(rot.):     0.1548E-01    0.1548E-01    0.1548E-01
# Minimization at step:     2 with Value:     0.0756Tol(Act/Req):0.2757E+00/0.1000E-04
# With parameters(tra.):     0.7738E-02    0.8433E-02    0.1677E-01
# With parameters(rot.):     0.1677E-01    0.1677E-01    0.1677E-01
# Minimization at step:     3 with Value:     0.0734Tol(Act/Req):0.1276E+00/0.1000E-04
# With parameters(tra.):     0.8383E-02    0.9135E-02    0.9830E-02
# With parameters(rot.):     0.1816E-01    0.1816E-01    0.1816E-01
# Minimization at step:     4 with Value:     0.0726Tol(Act/Req):0.1148E+00/0.1000E-04
# With parameters(tra.):     0.4915E-02    0.9202E-02    0.9954E-02
# With parameters(rot.):     0.1898E-01    0.1898E-01    0.1898E-01
# Minimization at step:     5 with Value:     0.0719Tol(Act/Req):0.9317E-01/0.1000E-04
# With parameters(tra.):     0.6553E-02    0.1227E-01    0.1327E-01
# With parameters(rot.):    -0.8024E-02    0.2531E-01    0.2531E-01
# Minimization at step:     6 with Value:     0.0716Tol(Act/Req):0.9273E-01/0.1000E-04
# With parameters(tra.):     0.7349E-02   -0.5389E-03    0.1469E-01
# With parameters(rot.):    -0.1371E-01    0.3074E-01    0.3074E-01
# Minimization at step:     7 with Value:     0.0712Tol(Act/Req):0.6738E-01/0.1000E-04
# With parameters(tra.):     0.8294E-02   -0.2358E-02    0.2434E-02
# With parameters(rot.):    -0.2154E-01    0.3772E-01    0.3772E-01
# Minimization at step:     8 with Value:     0.0707Tol(Act/Req):0.6369E-01/0.1000E-04
# With parameters(tra.):     0.8173E-02    0.6923E-03    0.1060E-02
# With parameters(rot.):    -0.2077E-01    0.3695E-01    0.3695E-01
# Minimization at step:     9 with Value:     0.0702Tol(Act/Req):0.5389E-01/0.1000E-04
# With parameters(tra.):     0.1090E-01    0.9230E-03    0.1413E-02
# With parameters(rot.):    -0.2769E-01    0.1593E-01    0.4926E-01
# Minimization at step:    10 with Value:     0.0697Tol(Act/Req):0.4956E-01/0.1000E-04
# With parameters(tra.):     0.1088E-01    0.1651E-02    0.4391E-02
# With parameters(rot.):    -0.2625E-01    0.1237E-01    0.4848E-01
# Minimization at step:    11 with Value:     0.0691Tol(Act/Req):0.4981E-01/0.1000E-04
# With parameters(tra.):     0.5930E-02   -0.7320E-03    0.2786E-02
# With parameters(rot.):    -0.3968E-01    0.1180E-01    0.5995E-01
# Minimization at step:    12 with Value:     0.0687Tol(Act/Req):0.2062E-01/0.1000E-04
# With parameters(tra.):     0.5469E-02   -0.2582E-02    0.1082E-02
# With parameters(rot.):    -0.3557E-01    0.9094E-02    0.6125E-01
# Minimization at step:    13 with Value:     0.0684Tol(Act/Req):0.2506E-01/0.1000E-04
# With parameters(tra.):     0.4335E-02   -0.2932E-02    0.9664E-03
# With parameters(rot.):    -0.3450E-01    0.1378E-01    0.5917E-01
# Minimization at step:    14 with Value:     0.0683Tol(Act/Req):0.1368E-01/0.1000E-04
# With parameters(tra.):     0.2816E-02    0.1961E-02   -0.1814E-02
# With parameters(rot.):    -0.3754E-01    0.4506E-02    0.6503E-01
# Minimization at step:    15 with Value:     0.0681Tol(Act/Req):0.1116E-01/0.1000E-04
# With parameters(tra.):     0.7714E-03    0.3131E-02    0.1102E-02
# With parameters(rot.):    -0.3819E-01   -0.2803E-02    0.6800E-01
# Minimization at step:    16 with Value:     0.0680Tol(Act/Req):0.1262E-01/0.1000E-04
# With parameters(tra.):     0.9809E-03    0.2005E-02    0.2040E-02
# With parameters(rot.):    -0.3749E-01   -0.1094E-02    0.6678E-01
# Minimization at step:    17 with Value:     0.0679Tol(Act/Req):0.1262E-01/0.1000E-04
# With parameters(tra.):     0.1308E-02    0.2673E-02    0.2720E-02
# With parameters(rot.):    -0.4998E-01   -0.1459E-02    0.8904E-01
# Minimization at step:    18 with Value:     0.0678Tol(Act/Req):0.1224E-01/0.1000E-04
# With parameters(tra.):     0.1417E-02    0.2896E-02    0.2946E-02
# With parameters(rot.):    -0.5415E-01   -0.1580E-02    0.8812E-01
# Minimization at step:    19 with Value:     0.0677Tol(Act/Req):0.1003E-01/0.1000E-04
# With parameters(tra.):     0.8484E-03    0.2427E-02    0.2250E-02
# With parameters(rot.):    -0.5364E-01   -0.3823E-02    0.9102E-01
# Minimization at step:    20 with Value:     0.0676Tol(Act/Req):0.9335E-02/0.1000E-04
# With parameters(tra.):     0.1662E-02    0.3286E-02    0.2607E-02
# With parameters(rot.):    -0.5144E-01   -0.4984E-02    0.9074E-01
# Minimization at step:    21 with Value:     0.0675Tol(Act/Req):0.6393E-02/0.1000E-04
# With parameters(tra.):     0.1610E-02    0.3170E-02    0.2427E-02
# With parameters(rot.):    -0.4844E-01   -0.5186E-02    0.8531E-01
# Minimization at step:    22 with Value:     0.0674Tol(Act/Req):0.4001E-02/0.1000E-04
# With parameters(tra.):     0.8158E-03    0.3504E-02    0.2491E-02
# With parameters(rot.):    -0.4907E-01   -0.4425E-02    0.8645E-01
# Minimization at step:    23 with Value:     0.0674Tol(Act/Req):0.3142E-02/0.1000E-04
# With parameters(tra.):     0.1849E-02    0.3012E-02    0.1381E-02
# With parameters(rot.):    -0.5146E-01   -0.1175E-02    0.8958E-01
# Minimization at step:    24 with Value:     0.0674Tol(Act/Req):0.2924E-02/0.1000E-04
# With parameters(tra.):     0.2026E-02    0.2534E-02    0.1795E-02
# With parameters(rot.):    -0.5227E-01   -0.3277E-03    0.9088E-01
# Minimization at step:    25 with Value:     0.0673Tol(Act/Req):0.1905E-02/0.1000E-04
# With parameters(tra.):     0.1282E-02    0.1632E-02    0.2502E-03
# With parameters(rot.):    -0.5079E-01   -0.3649E-02    0.9661E-01
# Minimization at step:    26 with Value:     0.0673Tol(Act/Req):0.2418E-02/0.1000E-04
# With parameters(tra.):     0.1325E-02    0.1638E-02    0.1388E-03
# With parameters(rot.):    -0.5260E-01   -0.3882E-02    0.9686E-01
# Minimization at step:    27 with Value:     0.0673Tol(Act/Req):0.1877E-02/0.1000E-04
# With parameters(tra.):     0.1176E-02    0.1081E-02   -0.7024E-03
# With parameters(rot.):    -0.4913E-01   -0.3860E-02    0.9162E-01
# Minimization at step:    28 with Value:     0.0673Tol(Act/Req):0.1462E-02/0.1000E-04
# With parameters(tra.):    -0.2917E-03    0.9401E-03   -0.1639E-02
# With parameters(rot.):    -0.5041E-01   -0.2148E-02    0.9561E-01
# Minimization at step:    29 with Value:     0.0673Tol(Act/Req):0.1732E-02/0.1000E-04
# With parameters(tra.):    -0.4778E-04    0.1174E-02   -0.1815E-02
# With parameters(rot.):    -0.4922E-01   -0.2492E-02    0.9588E-01
# Minimization at step:    30 with Value:     0.0673Tol(Act/Req):0.1610E-02/0.1000E-04
# With parameters(tra.):     0.2531E-03    0.1923E-02   -0.9586E-03
# With parameters(rot.):    -0.5017E-01    0.1215E-02    0.8990E-01
# Minimization at step:    31 with Value:     0.0673Tol(Act/Req):0.1483E-02/0.1000E-04
# With parameters(tra.):     0.6654E-03    0.2041E-02   -0.6677E-03
# With parameters(rot.):    -0.4983E-01    0.1067E-02    0.8843E-01
# Minimization at step:    32 with Value:     0.0672Tol(Act/Req):0.1016E-02/0.1000E-04
# With parameters(tra.):     0.6246E-03    0.1863E-02   -0.8575E-03
# With parameters(rot.):    -0.4957E-01    0.1283E-03    0.8980E-01
# Minimization at step:    33 with Value:     0.0672Tol(Act/Req):0.9512E-03/0.1000E-04
# With parameters(tra.):     0.3503E-03    0.1849E-02   -0.8589E-03
# With parameters(rot.):    -0.4901E-01   -0.3046E-03    0.8929E-01
# Minimization at step:    34 with Value:     0.0672Tol(Act/Req):0.3653E-03/0.1000E-04
# With parameters(tra.):     0.1459E-03    0.6632E-03   -0.9152E-03
# With parameters(rot.):    -0.4955E-01    0.1399E-02    0.9135E-01
# Minimization at step:    35 with Value:     0.0672Tol(Act/Req):0.5087E-03/0.1000E-04
# With parameters(tra.):     0.8491E-04    0.7212E-03   -0.7927E-03
# With parameters(rot.):    -0.5016E-01    0.1833E-02    0.9220E-01
# Minimization at step:    36 with Value:     0.0672Tol(Act/Req):0.5139E-03/0.1000E-04
# With parameters(tra.):     0.3172E-05    0.6479E-03   -0.9260E-03
# With parameters(rot.):    -0.5086E-01    0.2193E-02    0.9194E-01
# Minimization at step:    37 with Value:     0.0672Tol(Act/Req):0.4474E-03/0.1000E-04
# With parameters(tra.):     0.4239E-04    0.9431E-03   -0.9128E-03
# With parameters(rot.):    -0.5083E-01    0.1833E-02    0.9147E-01
# Minimization at step:    38 with Value:     0.0672Tol(Act/Req):0.3454E-03/0.1000E-04
# With parameters(tra.):    -0.2334E-03    0.2813E-03   -0.1311E-02
# With parameters(rot.):    -0.5072E-01    0.5233E-03    0.9477E-01
# Minimization at step:    39 with Value:     0.0672Tol(Act/Req):0.3228E-03/0.1000E-04
# With parameters(tra.):     0.2917E-03   -0.7099E-04   -0.9434E-03
# With parameters(rot.):    -0.5035E-01    0.4651E-04    0.9394E-01
# Minimization at step:    40 with Value:     0.0672Tol(Act/Req):0.3108E-03/0.1000E-04
# With parameters(tra.):     0.4044E-03    0.6510E-04   -0.8132E-03
# With parameters(rot.):    -0.5034E-01    0.3342E-03    0.9304E-01
# Minimization at step:    41 with Value:     0.0672Tol(Act/Req):0.2857E-03/0.1000E-04
# With parameters(tra.):     0.2718E-03   -0.9050E-04   -0.8101E-03
# With parameters(rot.):    -0.5018E-01    0.1710E-03    0.9311E-01
# Minimization at step:    42 with Value:     0.0672Tol(Act/Req):0.1649E-03/0.1000E-04
# With parameters(tra.):     0.4204E-03   -0.7887E-04   -0.8142E-03
# With parameters(rot.):    -0.4966E-01    0.2210E-03    0.9301E-01
# Minimization at step:    43 with Value:     0.0672Tol(Act/Req):0.1191E-03/0.1000E-04
# With parameters(tra.):     0.2998E-03    0.8539E-05   -0.8953E-03
# With parameters(rot.):    -0.4970E-01    0.3547E-03    0.9314E-01
# Minimization at step:    44 with Value:     0.0672Tol(Act/Req):0.1024E-03/0.1000E-04
# With parameters(tra.):     0.2496E-03   -0.1129E-03   -0.6845E-03
# With parameters(rot.):    -0.5077E-01    0.7310E-03    0.9516E-01
# Minimization at step:    45 with Value:     0.0672Tol(Act/Req):0.8557E-04/0.1000E-04
# With parameters(tra.):     0.3602E-03    0.6593E-04   -0.6077E-03
# With parameters(rot.):    -0.5072E-01   -0.8397E-04    0.9538E-01
# Minimization at step:    46 with Value:     0.0672Tol(Act/Req):0.1051E-03/0.1000E-04
# With parameters(tra.):     0.3491E-03   -0.1925E-04   -0.6478E-03
# With parameters(rot.):    -0.5105E-01   -0.9386E-04    0.9553E-01
# Minimization at step:    47 with Value:     0.0672Tol(Act/Req):0.9447E-04/0.1000E-04
# With parameters(tra.):     0.3700E-03    0.1892E-04   -0.6975E-03
# With parameters(rot.):    -0.5081E-01   -0.2567E-03    0.9506E-01
# Minimization at step:    48 with Value:     0.0672Tol(Act/Req):0.9389E-04/0.1000E-04
# With parameters(tra.):     0.4234E-03    0.8311E-04   -0.6227E-03
# With parameters(rot.):    -0.5085E-01   -0.1620E-03    0.9478E-01
# Minimization at step:    49 with Value:     0.0672Tol(Act/Req):0.5018E-04/0.1000E-04
# With parameters(tra.):     0.2087E-03   -0.1702E-03   -0.5541E-03
# With parameters(rot.):    -0.5074E-01   -0.5995E-03    0.9546E-01
# Minimization at step:    50 with Value:     0.0672Tol(Act/Req):0.4239E-04/0.1000E-04
# With parameters(tra.):     0.2654E-03   -0.1720E-03   -0.5344E-03
# With parameters(rot.):    -0.5057E-01   -0.6429E-03    0.9562E-01
# Minimization at step:    51 with Value:     0.0672Tol(Act/Req):0.3955E-04/0.1000E-04
# With parameters(tra.):     0.2023E-03   -0.1434E-03   -0.5449E-03
# With parameters(rot.):    -0.5066E-01   -0.6591E-03    0.9589E-01
# Minimization at step:    52 with Value:     0.0672Tol(Act/Req):0.2669E-04/0.1000E-04
# With parameters(tra.):     0.2554E-03   -0.7778E-04   -0.5613E-03
# With parameters(rot.):    -0.5068E-01   -0.5547E-03    0.9576E-01
# Minimization at step:    53 with Value:     0.0672Tol(Act/Req):0.2258E-04/0.1000E-04
# With parameters(tra.):     0.1467E-03   -0.2449E-03   -0.5970E-03
# With parameters(rot.):    -0.5071E-01   -0.1684E-03    0.9573E-01
# Minimization at step:    54 with Value:     0.0672Tol(Act/Req):0.3965E-04/0.1000E-04
# With parameters(tra.):     0.1614E-03   -0.2259E-03   -0.4390E-03
# With parameters(rot.):    -0.5074E-01    0.1877E-04    0.9549E-01
# Minimization at step:    55 with Value:     0.0672Tol(Act/Req):0.3725E-04/0.1000E-04
# With parameters(tra.):     0.2750E-03   -0.5238E-04   -0.3506E-03
# With parameters(rot.):    -0.5072E-01   -0.3052E-03    0.9543E-01
# Minimization at step:    56 with Value:     0.0672Tol(Act/Req):0.3233E-04/0.1000E-04
# With parameters(tra.):     0.2825E-03   -0.1296E-04   -0.3384E-03
# With parameters(rot.):    -0.5033E-01   -0.5616E-03    0.9482E-01
# Minimization at step:    57 with Value:     0.0672Tol(Act/Req):0.2280E-04/0.1000E-04
# With parameters(tra.):     0.1992E-03   -0.1332E-03   -0.4016E-03
# With parameters(rot.):    -0.5025E-01   -0.3827E-03    0.9471E-01
# Minimization at step:    58 with Value:     0.0672Tol(Act/Req):0.2275E-04/0.1000E-04
# With parameters(tra.):     0.1812E-03   -0.1853E-03   -0.4012E-03
# With parameters(rot.):    -0.5035E-01   -0.4117E-03    0.9471E-01
# Minimization at step:    59 with Value:     0.0672Tol(Act/Req):0.2243E-04/0.1000E-04
# With parameters(tra.):     0.2665E-03   -0.1933E-03   -0.3174E-03
# With parameters(rot.):    -0.4994E-01   -0.4214E-03    0.9472E-01
# Minimization at step:    60 with Value:     0.0672Tol(Act/Req):0.2814E-04/0.1000E-04
# With parameters(tra.):     0.1616E-03   -0.1527E-03   -0.2626E-03
# With parameters(rot.):    -0.4988E-01   -0.3747E-03    0.9488E-01
# Minimization at step:    61 with Value:     0.0672Tol(Act/Req):0.2339E-04/0.1000E-04
# With parameters(tra.):     0.7140E-04   -0.1365E-03   -0.3116E-03
# With parameters(rot.):    -0.5017E-01   -0.3557E-03    0.9491E-01
# Minimization at step:    62 with Value:     0.0672Tol(Act/Req):0.1529E-04/0.1000E-04
# With parameters(tra.):     0.1163E-03   -0.2489E-04   -0.2612E-03
# With parameters(rot.):    -0.5004E-01   -0.8056E-04    0.9436E-01
# Minimization at step:    63 with Value:     0.0672Tol(Act/Req):0.1154E-04/0.1000E-04
# With parameters(tra.):     0.7102E-04   -0.4758E-04   -0.2481E-03
# With parameters(rot.):    -0.5016E-01    0.1679E-03    0.9455E-01
# Minimization at step:    64 with Value:     0.0672Tol(Act/Req):0.9310E-05/0.1000E-04
# With parameters(tra.):     0.8382E-04    0.6113E-04   -0.1547E-03
# With parameters(rot.):    -0.5019E-01    0.2321E-03    0.9458E-01
# CSM Values after z minimization.
# Final Number of optim. Steps:    64
#      Before min is:      0.06835224100
# Final CSM Simplex Value is:      0.06718767369
# CSM Summary.
#    Inizial CSM Value is:      0.06835224100
#   After optimization is:      0.06718767369
#          Along x axe is:      0.06718767369
#          Along y axe is:      0.06718767369
#          Along z axe is:      0.06718767369
# The Lowest CSM Value is:      0.06718767369
#    Obtained CSM in % is:      6.71876736900
