# [csmmod_rdinput] messages reinitialized.
# MESLOG:[csmmod_rdinput] messages reinitialized.
# Input  file unit is: 5
# Input  file name is:stdin
# Output file unit is: 6
# Output file name is:stdout
# Error  file unit is: 6
# Error  file name is:stderr
# Log    file unit is: 6
# Log    file name is:stdlog
# MESLOG:[csm_rdinput] molecule_init called with debug.
[molecule] Nrec=  13 Format=nscxyz
  c                1    6    0.00000000D+00   0.00000000D+00   0.00000000D+00
  h                2    1    0.00000000D+00   0.10000000D+01   0.10000000D+01
  he               3    2    0.99500000D-01   0.99500000D+00   0.10000000D+01
  h                4    1    0.86600000D+00   0.50000000D+00   0.10000000D+01
  he               5    2    0.91150000D+00   0.41130000D+00   0.10000000D+01
  h                6    1    0.86600000D+00  -0.50000000D+00   0.10000000D+01
  he               7    2    0.81200000D+00  -0.58370000D+00   0.10000000D+01
  h                8    1    0.00000000D+00  -0.10000000D+01   0.10000000D+01
  he               9    2   -0.99500000D-01  -0.99500000D+00   0.10000000D+01
  h               10    1   -0.86600000D+00  -0.50000000D+00   0.10000000D+01
  he              11    2   -0.91150000D+00  -0.41130000D+00   0.10000000D+01
  h               12    1   -0.86600000D+00   0.50000000D+00   0.10000000D+01
  he              13    2   -0.81200000D+00   0.58370000D+00   0.10000000D+01
# Molecule moved to the center of mass
# Shift Vector is:        0.00000000       0.00000000       0.39688280
# Inertia Tensor: (Before Diagonalization)
# Up Diagonal Columnwise
#    0.37802690D+01   0.69391028D-04   0.37804193D+01   0.27755576D-16  -0.13877788D-16   0.50404331D+01
# Inertia Tensor: (Full Matrix)
# 1,1 - 1,3           0.37802690D+01   0.69391028D-04   0.27755576D-16
# 2,1 - 2,3           0.69391028D-04   0.37804193D+01  -0.13877788D-16
# 3,1 - 3,3           0.27755576D-16  -0.13877788D-16   0.50404331D+01
# Inertia Tensor
# Inertia EigenValues:     0.37802419D+01   0.37804464D+01   0.50404331D+01
# Eigen Vectors:
# 1,1 - 1,3          -0.93127301D+00  -0.36432209D+00   0.00000000D+00
# 2,1 - 2,3           0.36432209D+00  -0.93127301D+00   0.00000000D+00
# 3,1 - 3,3          -0.00000000D+00   0.00000000D+00   0.10000000D+01
# Molecule Rotated to match inertia axes
[molecule] Nrec=  13 Format=nscxyz
  c                1    6    0.00000000D+00   0.00000000D+00  -0.75000000D+00
  h                2    1    0.36432209D+00  -0.93127301D+00   0.25000000D+00
  he               3    2    0.26983882D+00  -0.96286669D+00   0.25000000D+00
  h                4    1   -0.62432138D+00  -0.78113944D+00   0.25000000D+00
  he               5    2   -0.69900967D+00  -0.71511217D+00   0.25000000D+00
  h                6    1   -0.98864347D+00   0.15013357D+00   0.25000000D+00
  he               7    2   -0.96884849D+00   0.24775451D+00   0.25000000D+00
  h                8    1   -0.36432209D+00   0.93127301D+00   0.25000000D+00
  he               9    2   -0.26983882D+00   0.96286669D+00   0.25000000D+00
  h               10    1    0.62432138D+00   0.78113944D+00   0.25000000D+00
  he              11    2    0.69900967D+00   0.71511217D+00   0.25000000D+00
  h               12    1    0.98864347D+00  -0.15013357D+00   0.25000000D+00
  he              13    2    0.96884849D+00  -0.24775451D+00   0.25000000D+00
# Initial Integrals follow ...
# INT: Number of electrons from integrated RHO:     23.99998824083
# INT: \int \rho \rho dr:      43.52938968881
# INT: \int \rho \tilde{\rho} dr/ng:      43.52938968496
# INT: \int \rho \tilde{\rho}m dr/ng:      38.69279083065
#  DEBUG     \int rr  =     43.52938968881
#  DEBUG     \int rr~ =     43.52938968496
#  DEBUG     \int rr~ =     43.52938968496
#  DEBUG     CSM value =      0.00000000009
#  DEBUG     CSM value =      0.00000000009
# Number of electrons =     23.99998824083
# Initial rho^2 value =     43.52938968881
#  Initial rrii value =     10.98618030895
#  Initial rrij value =     32.54320937986
#  Initial imj  value =     43.52938968496
#  Initial impj value =     38.69279083065
#  Initial CSM  value =      0.00000000009
#  Initial CSM% value =      0.00000000884
[molecule] Nrec=  13 Format=nscxyz
  c                1    6    0.00000000D+00   0.00000000D+00  -0.75000000D+00
  h                2    1    0.36432209D+00  -0.93127301D+00   0.25000000D+00
  he               3    2    0.26983882D+00  -0.96286669D+00   0.25000000D+00
  h                4    1   -0.62432138D+00  -0.78113944D+00   0.25000000D+00
  he               5    2   -0.69900967D+00  -0.71511217D+00   0.25000000D+00
  h                6    1   -0.98864347D+00   0.15013357D+00   0.25000000D+00
  he               7    2   -0.96884849D+00   0.24775451D+00   0.25000000D+00
  h                8    1   -0.36432209D+00   0.93127301D+00   0.25000000D+00
  he               9    2   -0.26983882D+00   0.96286669D+00   0.25000000D+00
  h               10    1    0.62432138D+00   0.78113944D+00   0.25000000D+00
  he              11    2    0.69900967D+00   0.71511217D+00   0.25000000D+00
  h               12    1    0.98864347D+00  -0.15013357D+00   0.25000000D+00
  he              13    2    0.96884849D+00  -0.24775451D+00   0.25000000D+00
# Request Simplex: Run it with internal procedure. NOT IMPLEMENTED!
# Request for Simplex: Initial Coordinates.
[molecule] Nrec=  13 Format=nscxyz
  c                1    6    0.00000000D+00   0.00000000D+00  -0.75000000D+00
  h                2    1    0.36432209D+00  -0.93127301D+00   0.25000000D+00
  he               3    2    0.26983882D+00  -0.96286669D+00   0.25000000D+00
  h                4    1   -0.62432138D+00  -0.78113944D+00   0.25000000D+00
  he               5    2   -0.69900967D+00  -0.71511217D+00   0.25000000D+00
  h                6    1   -0.98864347D+00   0.15013357D+00   0.25000000D+00
  he               7    2   -0.96884849D+00   0.24775451D+00   0.25000000D+00
  h                8    1   -0.36432209D+00   0.93127301D+00   0.25000000D+00
  he               9    2   -0.26983882D+00   0.96286669D+00   0.25000000D+00
  h               10    1    0.62432138D+00   0.78113944D+00   0.25000000D+00
  he              11    2    0.69900967D+00   0.71511217D+00   0.25000000D+00
  h               12    1    0.98864347D+00  -0.15013357D+00   0.25000000D+00
  he              13    2    0.96884849D+00  -0.24775451D+00   0.25000000D+00
# Minimization at step:     0 with Value:     0.0065Tol(Act/Req):0.2000E+01/0.1000E-04
# With parameters(tra.):     0.1429E-01    0.1429E-01    0.1429E-01
# With parameters(rot.):     0.1429E-01    0.1429E-01    0.1429E-01
# Minimization at step:     1 with Value:     0.0045Tol(Act/Req):0.2000E+01/0.1000E-04
# With parameters(tra.):     0.7143E-02    0.1548E-01    0.1548E-01
# With parameters(rot.):     0.1548E-01    0.1548E-01    0.1548E-01
# Minimization at step:     2 with Value:     0.0023Tol(Act/Req):0.2000E+01/0.1000E-04
# With parameters(tra.):     0.8929E-02   -0.5655E-02    0.1935E-01
# With parameters(rot.):     0.1935E-01    0.1935E-01    0.1935E-01
# Minimization at step:     3 with Value:     0.0018Tol(Act/Req):0.2000E+01/0.1000E-04
# With parameters(tra.):     0.5506E-02   -0.6820E-02    0.2026E-01
# With parameters(rot.):     0.2026E-01    0.2026E-01    0.2026E-01
# Minimization at step:     4 with Value:     0.0013Tol(Act/Req):0.2000E+01/0.1000E-04
# With parameters(tra.):     0.4923E-02   -0.3396E-02    0.1969E-01
# With parameters(rot.):     0.1969E-01    0.1969E-01    0.1969E-01
# Minimization at step:     5 with Value:     0.0010Tol(Act/Req):0.2000E+01/0.1000E-04
# With parameters(tra.):     0.5333E-02   -0.3679E-02    0.2134E-01
# With parameters(rot.):     0.1300E-01    0.2134E-01    0.2134E-01
# Minimization at step:     6 with Value:     0.0007Tol(Act/Req):0.2000E+01/0.1000E-04
# With parameters(tra.):     0.5778E-02   -0.3985E-02    0.2311E-01
# With parameters(rot.):     0.1409E-01    0.1478E-01    0.2311E-01
# Minimization at step:     7 with Value:     0.0005Tol(Act/Req):0.2000E+01/0.1000E-04
# With parameters(tra.):     0.7119E-03   -0.5025E-02    0.2520E-01
# With parameters(rot.):     0.1392E-01    0.1479E-01    0.2520E-01
# Minimization at step:     8 with Value:     0.0004Tol(Act/Req):0.2000E+01/0.1000E-04
# With parameters(tra.):    -0.1215E-02   -0.2953E-03    0.2573E-01
# With parameters(rot.):     0.1162E-01    0.1271E-01    0.2573E-01
# Minimization at step:     9 with Value:     0.0004Tol(Act/Req):0.2000E+01/0.1000E-04
# With parameters(tra.):    -0.2578E-02    0.2665E-03    0.3047E-01
# With parameters(rot.):    -0.2223E-02    0.1311E-01    0.3047E-01
# Minimization at step:    10 with Value:     0.0003Tol(Act/Req):0.2000E+01/0.1000E-04
# With parameters(tra.):    -0.4474E-02    0.1071E-02    0.3648E-01
# With parameters(rot.):    -0.5492E-02   -0.5540E-03    0.3648E-01
# Minimization at step:    11 with Value:     0.0002Tol(Act/Req):0.2000E+01/0.1000E-04
# With parameters(tra.):    -0.3926E-02    0.8504E-03    0.3443E-01
# With parameters(rot.):     0.4074E-02   -0.4275E-02    0.3443E-01
# Minimization at step:    12 with Value:     0.0002Tol(Act/Req):0.2000E+01/0.1000E-04
# With parameters(tra.):    -0.3406E-02    0.6310E-03    0.3275E-01
# With parameters(rot.):     0.5688E-02   -0.1169E-02    0.3275E-01
# Minimization at step:    13 with Value:     0.0001Tol(Act/Req):0.2000E+01/0.1000E-04
# With parameters(tra.):    -0.2905E-02    0.1276E-02    0.3303E-01
# With parameters(rot.):     0.5030E-02   -0.2499E-02    0.3303E-01
# Minimization at step:    14 with Value:     0.0001Tol(Act/Req):0.2000E+01/0.1000E-04
# With parameters(tra.):    -0.2364E-02   -0.6966E-03    0.3460E-01
# With parameters(rot.):     0.4531E-02   -0.5261E-02    0.3460E-01
# Minimization at step:    15 with Value:     0.0001Tol(Act/Req):0.2000E+01/0.1000E-04
# With parameters(tra.):    -0.2248E-02   -0.9731E-03    0.3567E-01
# With parameters(rot.):    -0.1377E-03   -0.3647E-02    0.3567E-01
# Minimization at step:    16 with Value:     0.0000Tol(Act/Req):0.2000E+01/0.1000E-04
# With parameters(tra.):    -0.1178E-02   -0.1703E-02    0.3389E-01
# With parameters(rot.):     0.8275E-03    0.3938E-03    0.3389E-01
# Minimization at step:    17 with Value:     0.0000Tol(Act/Req):0.2000E+01/0.1000E-04
# With parameters(tra.):     0.5079E-05   -0.1481E-02    0.3452E-01
# With parameters(rot.):    -0.1210E-02   -0.8788E-03    0.3452E-01
# Minimization at step:    18 with Value:     0.0000Tol(Act/Req):0.2000E+01/0.1000E-04
# With parameters(tra.):     0.3269E-03   -0.6911E-03    0.3372E-01
# With parameters(rot.):    -0.2396E-02    0.1597E-02    0.3372E-01
# Minimization at step:    19 with Value:     0.0000Tol(Act/Req):0.2000E+01/0.1000E-04
# With parameters(tra.):     0.9122E-03   -0.4823E-03    0.3270E-01
# With parameters(rot.):    -0.6257E-03    0.2101E-02    0.3270E-01
# Minimization at step:    20 with Value:     0.0000Tol(Act/Req):0.1999E+01/0.1000E-04
# With parameters(tra.):     0.9002E-03    0.1880E-03    0.3329E-01
# With parameters(rot.):    -0.1472E-02    0.5081E-03    0.3329E-01
# Minimization at step:    21 with Value:     0.0000Tol(Act/Req):0.1999E+01/0.1000E-04
# With parameters(tra.):     0.5323E-03    0.4942E-03    0.3267E-01
# With parameters(rot.):    -0.5182E-03    0.1491E-02    0.3267E-01
# Minimization at step:    22 with Value:     0.0000Tol(Act/Req):0.1998E+01/0.1000E-04
# With parameters(tra.):     0.4227E-03    0.3955E-03    0.3280E-01
# With parameters(rot.):     0.5439E-03    0.2264E-03    0.3280E-01
# Minimization at step:    23 with Value:     0.0000Tol(Act/Req):0.1998E+01/0.1000E-04
# With parameters(tra.):    -0.1306E-03    0.5489E-03    0.3352E-01
# With parameters(rot.):    -0.2461E-03   -0.7345E-03    0.3352E-01
# Minimization at step:    24 with Value:     0.0000Tol(Act/Req):0.1998E+01/0.1000E-04
# With parameters(tra.):    -0.2145E-03    0.4673E-03    0.3344E-01
# With parameters(rot.):    -0.3036E-05   -0.5725E-03    0.3344E-01
# Minimization at step:    25 with Value:     0.0000Tol(Act/Req):0.1998E+01/0.1000E-04
# With parameters(tra.):    -0.8319E-04    0.4221E-03    0.3326E-01
# With parameters(rot.):     0.2147E-03   -0.3188E-03    0.3326E-01
# Minimization at step:    26 with Value:     0.0000Tol(Act/Req):0.1996E+01/0.1000E-04
# With parameters(tra.):    -0.7316E-04    0.3651E-03    0.3341E-01
# With parameters(rot.):     0.1169E-03   -0.6334E-03    0.3341E-01
# Minimization at step:    27 with Value:     0.0000Tol(Act/Req):0.1994E+01/0.1000E-04
# With parameters(tra.):    -0.9622E-04    0.3790E-03    0.3344E-01
# With parameters(rot.):    -0.9568E-04   -0.4943E-03    0.3344E-01
# Minimization at step:    28 with Value:     0.0000Tol(Act/Req):0.1993E+01/0.1000E-04
# With parameters(tra.):    -0.2246E-03    0.1863E-03    0.3327E-01
# With parameters(rot.):     0.3596E-03   -0.1443E-03    0.3327E-01
# Minimization at step:    29 with Value:     0.0000Tol(Act/Req):0.1991E+01/0.1000E-04
# With parameters(tra.):    -0.1707E-03    0.1441E-03    0.3318E-01
# With parameters(rot.):     0.4806E-03   -0.2851E-05    0.3318E-01
# Minimization at step:    30 with Value:     0.0000Tol(Act/Req):0.1990E+01/0.1000E-04
# With parameters(tra.):    -0.1341E-03    0.1887E-03    0.3322E-01
# With parameters(rot.):     0.3769E-03   -0.7858E-04    0.3322E-01
# Minimization at step:    31 with Value:     0.0000Tol(Act/Req):0.1987E+01/0.1000E-04
# With parameters(tra.):    -0.1343E-03    0.5908E-04    0.3340E-01
# With parameters(rot.):     0.2951E-03   -0.4119E-03    0.3340E-01
# Minimization at step:    32 with Value:     0.0000Tol(Act/Req):0.1976E+01/0.1000E-04
# With parameters(tra.):    -0.1784E-03   -0.3872E-07    0.3343E-01
# With parameters(rot.):     0.7390E-04   -0.1826E-03    0.3343E-01
# Minimization at step:    33 with Value:     0.0000Tol(Act/Req):0.1971E+01/0.1000E-04
# With parameters(tra.):    -0.9954E-04   -0.9941E-04    0.3335E-01
# With parameters(rot.):     0.1537E-03   -0.1537E-04    0.3335E-01
# Minimization at step:    34 with Value:     0.0000Tol(Act/Req):0.1956E+01/0.1000E-04
# With parameters(tra.):    -0.7836E-04   -0.1011E-03    0.3338E-01
# With parameters(rot.):     0.8319E-04   -0.4796E-04    0.3338E-01
# Minimization at step:    35 with Value:     0.0000Tol(Act/Req):0.1936E+01/0.1000E-04
# With parameters(tra.):    -0.7366E-04   -0.9283E-04    0.3335E-01
# With parameters(rot.):     0.7915E-04    0.3791E-04    0.3335E-01
# Minimization at step:    36 with Value:     0.0000Tol(Act/Req):0.1903E+01/0.1000E-04
# With parameters(tra.):    -0.2541E-04   -0.8647E-04    0.3331E-01
# With parameters(rot.):     0.1911E-03   -0.2163E-04    0.3331E-01
# Minimization at step:    37 with Value:     0.0000Tol(Act/Req):0.1899E+01/0.1000E-04
# With parameters(tra.):    -0.5331E-04   -0.1591E-04    0.3335E-01
# With parameters(rot.):     0.1504E-03   -0.1352E-03    0.3335E-01
# Minimization at step:    38 with Value:     0.0000Tol(Act/Req):0.1884E+01/0.1000E-04
# With parameters(tra.):    -0.4063E-04   -0.9652E-05    0.3336E-01
# With parameters(rot.):     0.1207E-03   -0.1587E-03    0.3336E-01
# Minimization at step:    39 with Value:     0.0000Tol(Act/Req):0.1836E+01/0.1000E-04
# With parameters(tra.):    -0.3260E-04   -0.2677E-04    0.3335E-01
# With parameters(rot.):     0.1284E-03   -0.1323E-03    0.3335E-01
# Minimization at step:    40 with Value:     0.0000Tol(Act/Req):0.1771E+01/0.1000E-04
# With parameters(tra.):    -0.1529E-04    0.2134E-05    0.3331E-01
# With parameters(rot.):     0.1347E-03   -0.4607E-04    0.3331E-01
# Minimization at step:    41 with Value:     0.0000Tol(Act/Req):0.1690E+01/0.1000E-04
# With parameters(tra.):    -0.3689E-04    0.2110E-04    0.3332E-01
# With parameters(rot.):     0.6465E-04   -0.2241E-04    0.3332E-01
# Minimization at step:    42 with Value:     0.0000Tol(Act/Req):0.1653E+01/0.1000E-04
# With parameters(tra.):    -0.1029E-04    0.4387E-04    0.3333E-01
# With parameters(rot.):    -0.1333E-04   -0.2409E-04    0.3333E-01
# Minimization at step:    43 with Value:     0.0000Tol(Act/Req):0.1625E+01/0.1000E-04
# With parameters(tra.):     0.7332E-05    0.3585E-04    0.3332E-01
# With parameters(rot.):    -0.3720E-04    0.4260E-04    0.3332E-01
# Minimization at step:    44 with Value:     0.0000Tol(Act/Req):0.1413E+01/0.1000E-04
# With parameters(tra.):     0.2151E-05    0.2949E-04    0.3331E-01
# With parameters(rot.):    -0.1970E-04    0.4857E-04    0.3331E-01
# Minimization at step:    45 with Value:     0.0000Tol(Act/Req):0.1346E+01/0.1000E-04
# With parameters(tra.):    -0.2143E-05    0.2188E-04    0.3334E-01
# With parameters(rot.):    -0.6143E-04    0.2911E-04    0.3334E-01
# Minimization at step:    46 with Value:     0.0000Tol(Act/Req):0.1134E+01/0.1000E-04
# With parameters(tra.):     0.4352E-05    0.1879E-04    0.3334E-01
# With parameters(rot.):    -0.6027E-04    0.2946E-04    0.3334E-01
# Minimization at step:    47 with Value:     0.0000Tol(Act/Req):0.1105E+01/0.1000E-04
# With parameters(tra.):    -0.8389E-05    0.1844E-04    0.3335E-01
# With parameters(rot.):    -0.5203E-04   -0.1938E-04    0.3335E-01
# Minimization at step:    48 with Value:     0.0000Tol(Act/Req):0.1032E+01/0.1000E-04
# With parameters(tra.):    -0.1880E-04    0.6138E-05    0.3336E-01
# With parameters(rot.):    -0.3386E-04   -0.2740E-04    0.3336E-01
# Minimization at step:    49 with Value:     0.0000Tol(Act/Req):0.8311E+00/0.1000E-04
# With parameters(tra.):    -0.1184E-04    0.3320E-05    0.3335E-01
# With parameters(rot.):    -0.3549E-04    0.7225E-05    0.3335E-01
# Minimization at step:    50 with Value:     0.0000Tol(Act/Req):0.7654E+00/0.1000E-04
# With parameters(tra.):    -0.1221E-04    0.2207E-05    0.3333E-01
# With parameters(rot.):     0.9755E-06    0.1291E-04    0.3333E-01
# Minimization at step:    51 with Value:     0.0000Tol(Act/Req):0.6694E+00/0.1000E-04
# With parameters(tra.):    -0.6610E-05   -0.6582E-05    0.3333E-01
# With parameters(rot.):     0.1804E-04    0.9293E-05    0.3333E-01
# Minimization at step:    52 with Value:     0.0000Tol(Act/Req):0.5262E+00/0.1000E-04
# With parameters(tra.):    -0.6051E-05   -0.7037E-05    0.3333E-01
# With parameters(rot.):     0.1034E-04    0.7572E-05    0.3333E-01
# Minimization at step:    53 with Value:     0.0000Tol(Act/Req):0.4047E+00/0.1000E-04
# With parameters(tra.):    -0.3254E-05   -0.6084E-05    0.3333E-01
# With parameters(rot.):     0.1100E-04    0.1182E-04    0.3333E-01
# Minimization at step:    54 with Value:     0.0000Tol(Act/Req):0.2636E+00/0.1000E-04
# With parameters(tra.):    -0.3698E-05   -0.6398E-05    0.3333E-01
# With parameters(rot.):     0.1515E-04    0.6435E-05    0.3333E-01
# Minimization at step:    55 with Value:     0.0000Tol(Act/Req):0.2449E+00/0.1000E-04
# With parameters(tra.):    -0.6461E-05   -0.4767E-06    0.3333E-01
# With parameters(rot.):     0.2805E-05    0.7891E-05    0.3333E-01
# Minimization at step:    56 with Value:     0.0000Tol(Act/Req):0.2268E+00/0.1000E-04
# With parameters(tra.):    -0.6216E-05   -0.1572E-06    0.3333E-01
# With parameters(rot.):    -0.1671E-05    0.7057E-05    0.3333E-01
# Minimization at step:    57 with Value:     0.0000Tol(Act/Req):0.1780E+00/0.1000E-04
# With parameters(tra.):    -0.4082E-05   -0.4518E-05    0.3333E-01
# With parameters(rot.):     0.6465E-05    0.5756E-05    0.3333E-01
# Minimization at step:    58 with Value:     0.0000Tol(Act/Req):0.1200E+00/0.1000E-04
# With parameters(tra.):    -0.9390E-07   -0.2698E-05    0.3333E-01
# With parameters(rot.):     0.6315E-05    0.1062E-04    0.3333E-01
# Minimization at step:    59 with Value:     0.0000Tol(Act/Req):0.7993E-01/0.1000E-04
# With parameters(tra.):     0.1418E-06   -0.2244E-05    0.3333E-01
# With parameters(rot.):     0.1033E-04    0.3580E-05    0.3333E-01
# Minimization at step:    60 with Value:     0.0000Tol(Act/Req):0.7351E-01/0.1000E-04
# With parameters(tra.):     0.2752E-05   -0.2301E-05    0.3333E-01
# With parameters(rot.):     0.5374E-05    0.7528E-06    0.3333E-01
# Minimization at step:    61 with Value:     0.0000Tol(Act/Req):0.6536E-01/0.1000E-04
# With parameters(tra.):     0.2966E-05   -0.1389E-05    0.3333E-01
# With parameters(rot.):     0.3927E-05    0.5526E-06    0.3333E-01
# Minimization at step:    62 with Value:     0.0000Tol(Act/Req):0.4012E-01/0.1000E-04
# With parameters(tra.):     0.2331E-05   -0.1299E-05    0.3333E-01
# With parameters(rot.):     0.5045E-05    0.1243E-05    0.3333E-01
# Minimization at step:    63 with Value:     0.0000Tol(Act/Req):0.2965E-01/0.1000E-04
# With parameters(tra.):     0.1868E-05   -0.1486E-05    0.3333E-01
# With parameters(rot.):     0.4964E-05   -0.3483E-06    0.3333E-01
# Minimization at step:    64 with Value:     0.0000Tol(Act/Req):0.2195E-01/0.1000E-04
# With parameters(tra.):     0.2182E-05   -0.1523E-05    0.3333E-01
# With parameters(rot.):     0.1617E-05    0.2188E-05    0.3333E-01
# Minimization at step:    65 with Value:     0.0000Tol(Act/Req):0.1893E-01/0.1000E-04
# With parameters(tra.):     0.2307E-05   -0.1890E-06    0.3333E-01
# With parameters(rot.):    -0.1131E-05    0.2296E-05    0.3333E-01
# Minimization at step:    66 with Value:     0.0000Tol(Act/Req):0.1205E-01/0.1000E-04
# With parameters(tra.):     0.1349E-05    0.2237E-06    0.3333E-01
# With parameters(rot.):    -0.9981E-06    0.3595E-05    0.3333E-01
# Minimization at step:    67 with Value:     0.0000Tol(Act/Req):0.8341E-02/0.1000E-04
# With parameters(tra.):     0.5254E-06    0.3707E-06    0.3333E-01
# With parameters(rot.):    -0.2610E-05    0.2194E-05    0.3333E-01
# Minimization at step:    68 with Value:     0.0000Tol(Act/Req):0.6240E-02/0.1000E-04
# With parameters(tra.):    -0.4574E-07    0.8628E-06    0.3333E-01
# With parameters(rot.):    -0.1993E-05    0.9273E-06    0.3333E-01
# Minimization at step:    69 with Value:     0.0000Tol(Act/Req):0.3527E-02/0.1000E-04
# With parameters(tra.):    -0.6964E-06    0.4588E-06    0.3333E-01
# With parameters(rot.):    -0.8350E-06    0.5309E-06    0.3333E-01
# Minimization at step:    70 with Value:     0.0000Tol(Act/Req):0.2609E-02/0.1000E-04
# With parameters(tra.):    -0.7287E-06    0.3113E-06    0.3333E-01
# With parameters(rot.):    -0.8604E-06   -0.8843E-06    0.3333E-01
# Minimization at step:    71 with Value:     0.0000Tol(Act/Req):0.1802E-02/0.1000E-04
# With parameters(tra.):    -0.6304E-06    0.2228E-06    0.3333E-01
# With parameters(rot.):     0.3827E-06   -0.9534E-06    0.3333E-01
# Minimization at step:    72 with Value:     0.0000Tol(Act/Req):0.1683E-02/0.1000E-04
# With parameters(tra.):    -0.4445E-06   -0.3185E-06    0.3333E-01
# With parameters(rot.):     0.7637E-06   -0.7360E-06    0.3333E-01
# Minimization at step:    73 with Value:     0.0000Tol(Act/Req):0.1389E-02/0.1000E-04
# With parameters(tra.):    -0.5626E-07   -0.3108E-06    0.3333E-01
# With parameters(rot.):     0.5842E-06   -0.8545E-06    0.3333E-01
# Minimization at step:    74 with Value:     0.0000Tol(Act/Req):0.9733E-03/0.1000E-04
# With parameters(tra.):    -0.7037E-07   -0.1749E-06    0.3333E-01
# With parameters(rot.):     0.4740E-06   -0.9188E-06    0.3333E-01
# Minimization at step:    75 with Value:     0.0000Tol(Act/Req):0.6965E-03/0.1000E-04
# With parameters(tra.):     0.1104E-06   -0.2226E-06    0.3333E-01
# With parameters(rot.):     0.8204E-06   -0.2198E-06    0.3333E-01
# Minimization at step:    76 with Value:     0.0000Tol(Act/Req):0.3956E-03/0.1000E-04
# With parameters(tra.):     0.1557E-06   -0.2450E-06    0.3333E-01
# With parameters(rot.):     0.6497E-06   -0.1471E-06    0.3333E-01
# Minimization at step:    77 with Value:     0.0000Tol(Act/Req):0.3886E-03/0.1000E-04
# With parameters(tra.):    -0.3245E-07   -0.2282E-06    0.3333E-01
# With parameters(rot.):     0.7911E-06    0.1677E-06    0.3333E-01
# Minimization at step:    78 with Value:     0.0000Tol(Act/Req):0.3867E-03/0.1000E-04
# With parameters(tra.):    -0.4803E-07    0.2600E-07    0.3333E-01
# With parameters(rot.):     0.6764E-06    0.4014E-06    0.3333E-01
# Minimization at step:    79 with Value:     0.0000Tol(Act/Req):0.3782E-03/0.1000E-04
# With parameters(tra.):     0.1350E-06    0.9391E-07    0.3333E-01
# With parameters(rot.):     0.4967E-06    0.1645E-06    0.3333E-01
# Minimization at step:    80 with Value:     0.0000Tol(Act/Req):0.2774E-03/0.1000E-04
# With parameters(tra.):     0.1541E-06    0.3602E-07    0.3333E-01
# With parameters(rot.):     0.5104E-06    0.8634E-07    0.3333E-01
# Minimization at step:    81 with Value:     0.0000Tol(Act/Req):0.2763E-03/0.1000E-04
# With parameters(tra.):     0.1100E-06    0.1422E-07    0.3333E-01
# With parameters(rot.):     0.5565E-06    0.1391E-06    0.3333E-01
# Minimization at step:    82 with Value:     0.0000Tol(Act/Req):0.2009E-03/0.1000E-04
# With parameters(tra.):    -0.1070E-07    0.1250E-06    0.3333E-01
# With parameters(rot.):     0.2376E-06   -0.2073E-06    0.3333E-01
# Minimization at step:    83 with Value:     0.0000Tol(Act/Req):0.1979E-03/0.1000E-04
# With parameters(tra.):    -0.1892E-08    0.1447E-06    0.3333E-01
# With parameters(rot.):     0.1179E-06   -0.1760E-06    0.3333E-01
# Minimization at step:    84 with Value:     0.0000Tol(Act/Req):0.9752E-04/0.1000E-04
# With parameters(tra.):     0.2901E-07    0.1186E-06    0.3333E-01
# With parameters(rot.):     0.1877E-06   -0.8683E-07    0.3333E-01
# Minimization at step:    85 with Value:     0.0000Tol(Act/Req):0.5468E-04/0.1000E-04
# With parameters(tra.):     0.2644E-07    0.5240E-07    0.3333E-01
# With parameters(rot.):     0.1275E-06   -0.2474E-06    0.3333E-01
# Minimization at step:    86 with Value:     0.0000Tol(Act/Req):0.4028E-04/0.1000E-04
# With parameters(tra.):    -0.6066E-07    0.2924E-07    0.3333E-01
# With parameters(rot.):     0.8938E-07   -0.2649E-06    0.3333E-01
# Minimization at step:    87 with Value:     0.0000Tol(Act/Req):0.3794E-04/0.1000E-04
# With parameters(tra.):    -0.6215E-07    0.2986E-07    0.3333E-01
# With parameters(rot.):    -0.9730E-07   -0.2402E-06    0.3333E-01
# Minimization at step:    88 with Value:     0.0000Tol(Act/Req):0.1839E-04/0.1000E-04
# With parameters(tra.):    -0.3860E-07   -0.3142E-07    0.3333E-01
# With parameters(rot.):    -0.6393E-07   -0.1447E-06    0.3333E-01
# Minimization at step:    89 with Value:     0.0000Tol(Act/Req):0.1418E-04/0.1000E-04
# With parameters(tra.):    -0.5357E-07   -0.1928E-07    0.3333E-01
# With parameters(rot.):    -0.8172E-07   -0.3876E-07    0.3333E-01
# Minimization at step:    90 with Value:     0.0000Tol(Act/Req):0.1220E-04/0.1000E-04
# With parameters(tra.):    -0.8248E-08   -0.1983E-07    0.3333E-01
# With parameters(rot.):    -0.1054E-06    0.2655E-07    0.3333E-01
# Minimization at step:    91 with Value:     0.0000Tol(Act/Req):0.6589E-05/0.1000E-04
# With parameters(tra.):     0.5971E-08   -0.3256E-07    0.3333E-01
# With parameters(rot.):    -0.1412E-07    0.8086E-07    0.3333E-01
# CSM Simplex Values from input minimization.
# Final Number of Simplex optim. Steps:    91
# Final CSM Simplex Value is:      0.00000000009
[molecule] Nrec=  13 Format=nscxyz
  c                1    6    0.18770123D-06  -0.23184261D-06  -0.68700932D+00
  h                2    1    0.33308313D+00  -0.94289752D+00   0.31299090D+00
  he               3    2    0.23759942D+00  -0.97132481D+00   0.31299089D+00
  h                4    1   -0.65000764D+00  -0.75989878D+00   0.31299069D+00
  he               5    2   -0.72245394D+00  -0.69141906D+00   0.31299067D+00
  h                6    1   -0.98309077D+00   0.18299868D+00   0.31299047D+00
  he               7    2   -0.96005336D+00   0.27990569D+00   0.31299045D+00
  h                8    1   -0.33308313D+00   0.94289741D+00   0.31299045D+00
  he               9    2   -0.23759941D+00   0.97132469D+00   0.31299046D+00
  h               10    1    0.65000764D+00   0.75989867D+00   0.31299066D+00
  he              11    2    0.72245395D+00   0.69141894D+00   0.31299069D+00
  h               12    1    0.98309077D+00  -0.18299880D+00   0.31299089D+00
  he              13    2    0.96005337D+00  -0.27990581D+00   0.31299090D+00
# Coordinates rotated along X. New coordinates:
[molecule] Nrec=  13 Format=nscxyz
  c                1    6   -0.12060920D-15  -0.75000000D+00  -0.45924255D-16
  h                2    1    0.36432209D+00   0.25000000D+00   0.93127301D+00
  he               3    2    0.26983882D+00   0.25000000D+00   0.96286669D+00
  h                4    1   -0.62432138D+00   0.25000000D+00   0.78113944D+00
  he               5    2   -0.69900967D+00   0.25000000D+00   0.71511217D+00
  h                6    1   -0.98864347D+00   0.25000000D+00  -0.15013357D+00
  he               7    2   -0.96884849D+00   0.25000000D+00  -0.24775451D+00
  h                8    1   -0.36432209D+00   0.25000000D+00  -0.93127301D+00
  he               9    2   -0.26983882D+00   0.25000000D+00  -0.96286669D+00
  h               10    1    0.62432138D+00   0.25000000D+00  -0.78113944D+00
  he              11    2    0.69900967D+00   0.25000000D+00  -0.71511217D+00
  h               12    1    0.98864347D+00   0.25000000D+00   0.15013357D+00
  he              13    2    0.96884849D+00   0.25000000D+00   0.24775451D+00
# Minimization at step:     0 with Value:     0.0065Tol(Act/Req):0.2000E+01/0.1000E-04
# With parameters(tra.):     0.1429E-01    0.1429E-01    0.1429E-01
# With parameters(rot.):     0.1429E-01    0.1429E-01    0.1429E-01
# Minimization at step:     1 with Value:     0.0045Tol(Act/Req):0.2000E+01/0.1000E-04
# With parameters(tra.):     0.7143E-02    0.1548E-01    0.1548E-01
# With parameters(rot.):     0.1548E-01    0.1548E-01    0.1548E-01
# Minimization at step:     2 with Value:     0.0023Tol(Act/Req):0.2000E+01/0.1000E-04
# With parameters(tra.):     0.8929E-02   -0.5655E-02    0.1935E-01
# With parameters(rot.):     0.1935E-01    0.1935E-01    0.1935E-01
# Minimization at step:     3 with Value:     0.0018Tol(Act/Req):0.2000E+01/0.1000E-04
# With parameters(tra.):     0.5506E-02   -0.6820E-02    0.2026E-01
# With parameters(rot.):     0.2026E-01    0.2026E-01    0.2026E-01
# Minimization at step:     4 with Value:     0.0013Tol(Act/Req):0.2000E+01/0.1000E-04
# With parameters(tra.):     0.4923E-02   -0.3396E-02    0.1969E-01
# With parameters(rot.):     0.1969E-01    0.1969E-01    0.1969E-01
# Minimization at step:     5 with Value:     0.0010Tol(Act/Req):0.2000E+01/0.1000E-04
# With parameters(tra.):     0.5333E-02   -0.3679E-02    0.2134E-01
# With parameters(rot.):     0.1300E-01    0.2134E-01    0.2134E-01
# Minimization at step:     6 with Value:     0.0007Tol(Act/Req):0.2000E+01/0.1000E-04
# With parameters(tra.):     0.5778E-02   -0.3985E-02    0.2311E-01
# With parameters(rot.):     0.1409E-01    0.1478E-01    0.2311E-01
# Minimization at step:     7 with Value:     0.0005Tol(Act/Req):0.2000E+01/0.1000E-04
# With parameters(tra.):     0.7119E-03   -0.5025E-02    0.2520E-01
# With parameters(rot.):     0.1392E-01    0.1479E-01    0.2520E-01
# Minimization at step:     8 with Value:     0.0004Tol(Act/Req):0.2000E+01/0.1000E-04
# With parameters(tra.):    -0.1215E-02   -0.2953E-03    0.2573E-01
# With parameters(rot.):     0.1162E-01    0.1271E-01    0.2573E-01
# Minimization at step:     9 with Value:     0.0004Tol(Act/Req):0.2000E+01/0.1000E-04
# With parameters(tra.):    -0.2578E-02    0.2665E-03    0.3047E-01
# With parameters(rot.):    -0.2223E-02    0.1311E-01    0.3047E-01
# Minimization at step:    10 with Value:     0.0003Tol(Act/Req):0.2000E+01/0.1000E-04
# With parameters(tra.):    -0.4474E-02    0.1071E-02    0.3648E-01
# With parameters(rot.):    -0.5492E-02   -0.5540E-03    0.3648E-01
# Minimization at step:    11 with Value:     0.0002Tol(Act/Req):0.2000E+01/0.1000E-04
# With parameters(tra.):    -0.3926E-02    0.8504E-03    0.3443E-01
# With parameters(rot.):     0.4074E-02   -0.4275E-02    0.3443E-01
# Minimization at step:    12 with Value:     0.0002Tol(Act/Req):0.2000E+01/0.1000E-04
# With parameters(tra.):    -0.3406E-02    0.6310E-03    0.3275E-01
# With parameters(rot.):     0.5688E-02   -0.1169E-02    0.3275E-01
# Minimization at step:    13 with Value:     0.0001Tol(Act/Req):0.2000E+01/0.1000E-04
# With parameters(tra.):    -0.2905E-02    0.1276E-02    0.3303E-01
# With parameters(rot.):     0.5030E-02   -0.2499E-02    0.3303E-01
# Minimization at step:    14 with Value:     0.0001Tol(Act/Req):0.2000E+01/0.1000E-04
# With parameters(tra.):    -0.2364E-02   -0.6966E-03    0.3460E-01
# With parameters(rot.):     0.4531E-02   -0.5261E-02    0.3460E-01
# Minimization at step:    15 with Value:     0.0001Tol(Act/Req):0.2000E+01/0.1000E-04
# With parameters(tra.):    -0.2248E-02   -0.9731E-03    0.3567E-01
# With parameters(rot.):    -0.1377E-03   -0.3647E-02    0.3567E-01
# Minimization at step:    16 with Value:     0.0000Tol(Act/Req):0.2000E+01/0.1000E-04
# With parameters(tra.):    -0.1178E-02   -0.1703E-02    0.3389E-01
# With parameters(rot.):     0.8275E-03    0.3938E-03    0.3389E-01
# Minimization at step:    17 with Value:     0.0000Tol(Act/Req):0.2000E+01/0.1000E-04
# With parameters(tra.):     0.5079E-05   -0.1481E-02    0.3452E-01
# With parameters(rot.):    -0.1210E-02   -0.8788E-03    0.3452E-01
# Minimization at step:    18 with Value:     0.0000Tol(Act/Req):0.2000E+01/0.1000E-04
# With parameters(tra.):     0.3269E-03   -0.6911E-03    0.3372E-01
# With parameters(rot.):    -0.2396E-02    0.1597E-02    0.3372E-01
# Minimization at step:    19 with Value:     0.0000Tol(Act/Req):0.2000E+01/0.1000E-04
# With parameters(tra.):     0.9122E-03   -0.4823E-03    0.3270E-01
# With parameters(rot.):    -0.6257E-03    0.2101E-02    0.3270E-01
# Minimization at step:    20 with Value:     0.0000Tol(Act/Req):0.1999E+01/0.1000E-04
# With parameters(tra.):     0.9002E-03    0.1880E-03    0.3329E-01
# With parameters(rot.):    -0.1472E-02    0.5081E-03    0.3329E-01
# Minimization at step:    21 with Value:     0.0000Tol(Act/Req):0.1999E+01/0.1000E-04
# With parameters(tra.):     0.5323E-03    0.4942E-03    0.3267E-01
# With parameters(rot.):    -0.5182E-03    0.1491E-02    0.3267E-01
# Minimization at step:    22 with Value:     0.0000Tol(Act/Req):0.1998E+01/0.1000E-04
# With parameters(tra.):     0.4227E-03    0.3955E-03    0.3280E-01
# With parameters(rot.):     0.5439E-03    0.2264E-03    0.3280E-01
# Minimization at step:    23 with Value:     0.0000Tol(Act/Req):0.1998E+01/0.1000E-04
# With parameters(tra.):    -0.1306E-03    0.5489E-03    0.3352E-01
# With parameters(rot.):    -0.2461E-03   -0.7345E-03    0.3352E-01
# Minimization at step:    24 with Value:     0.0000Tol(Act/Req):0.1998E+01/0.1000E-04
# With parameters(tra.):    -0.2145E-03    0.4673E-03    0.3344E-01
# With parameters(rot.):    -0.3036E-05   -0.5725E-03    0.3344E-01
# Minimization at step:    25 with Value:     0.0000Tol(Act/Req):0.1998E+01/0.1000E-04
# With parameters(tra.):    -0.8319E-04    0.4221E-03    0.3326E-01
# With parameters(rot.):     0.2147E-03   -0.3188E-03    0.3326E-01
# Minimization at step:    26 with Value:     0.0000Tol(Act/Req):0.1996E+01/0.1000E-04
# With parameters(tra.):    -0.7316E-04    0.3651E-03    0.3341E-01
# With parameters(rot.):     0.1169E-03   -0.6334E-03    0.3341E-01
# Minimization at step:    27 with Value:     0.0000Tol(Act/Req):0.1994E+01/0.1000E-04
# With parameters(tra.):    -0.9622E-04    0.3790E-03    0.3344E-01
# With parameters(rot.):    -0.9568E-04   -0.4943E-03    0.3344E-01
# Minimization at step:    28 with Value:     0.0000Tol(Act/Req):0.1993E+01/0.1000E-04
# With parameters(tra.):    -0.2246E-03    0.1863E-03    0.3327E-01
# With parameters(rot.):     0.3596E-03   -0.1443E-03    0.3327E-01
# Minimization at step:    29 with Value:     0.0000Tol(Act/Req):0.1991E+01/0.1000E-04
# With parameters(tra.):    -0.1707E-03    0.1441E-03    0.3318E-01
# With parameters(rot.):     0.4806E-03   -0.2851E-05    0.3318E-01
# Minimization at step:    30 with Value:     0.0000Tol(Act/Req):0.1990E+01/0.1000E-04
# With parameters(tra.):    -0.1341E-03    0.1887E-03    0.3322E-01
# With parameters(rot.):     0.3769E-03   -0.7858E-04    0.3322E-01
# Minimization at step:    31 with Value:     0.0000Tol(Act/Req):0.1987E+01/0.1000E-04
# With parameters(tra.):    -0.1343E-03    0.5908E-04    0.3340E-01
# With parameters(rot.):     0.2951E-03   -0.4119E-03    0.3340E-01
# Minimization at step:    32 with Value:     0.0000Tol(Act/Req):0.1976E+01/0.1000E-04
# With parameters(tra.):    -0.1784E-03   -0.3872E-07    0.3343E-01
# With parameters(rot.):     0.7390E-04   -0.1826E-03    0.3343E-01
# Minimization at step:    33 with Value:     0.0000Tol(Act/Req):0.1971E+01/0.1000E-04
# With parameters(tra.):    -0.9954E-04   -0.9941E-04    0.3335E-01
# With parameters(rot.):     0.1537E-03   -0.1537E-04    0.3335E-01
# Minimization at step:    34 with Value:     0.0000Tol(Act/Req):0.1956E+01/0.1000E-04
# With parameters(tra.):    -0.7836E-04   -0.1011E-03    0.3338E-01
# With parameters(rot.):     0.8319E-04   -0.4796E-04    0.3338E-01
# Minimization at step:    35 with Value:     0.0000Tol(Act/Req):0.1936E+01/0.1000E-04
# With parameters(tra.):    -0.7366E-04   -0.9283E-04    0.3335E-01
# With parameters(rot.):     0.7915E-04    0.3791E-04    0.3335E-01
# Minimization at step:    36 with Value:     0.0000Tol(Act/Req):0.1903E+01/0.1000E-04
# With parameters(tra.):    -0.2541E-04   -0.8647E-04    0.3331E-01
# With parameters(rot.):     0.1911E-03   -0.2163E-04    0.3331E-01
# Minimization at step:    37 with Value:     0.0000Tol(Act/Req):0.1899E+01/0.1000E-04
# With parameters(tra.):    -0.5331E-04   -0.1591E-04    0.3335E-01
# With parameters(rot.):     0.1504E-03   -0.1352E-03    0.3335E-01
# Minimization at step:    38 with Value:     0.0000Tol(Act/Req):0.1884E+01/0.1000E-04
# With parameters(tra.):    -0.4063E-04   -0.9652E-05    0.3336E-01
# With parameters(rot.):     0.1207E-03   -0.1587E-03    0.3336E-01
# Minimization at step:    39 with Value:     0.0000Tol(Act/Req):0.1836E+01/0.1000E-04
# With parameters(tra.):    -0.3260E-04   -0.2677E-04    0.3335E-01
# With parameters(rot.):     0.1284E-03   -0.1323E-03    0.3335E-01
# Minimization at step:    40 with Value:     0.0000Tol(Act/Req):0.1771E+01/0.1000E-04
# With parameters(tra.):    -0.1529E-04    0.2134E-05    0.3331E-01
# With parameters(rot.):     0.1347E-03   -0.4607E-04    0.3331E-01
# Minimization at step:    41 with Value:     0.0000Tol(Act/Req):0.1690E+01/0.1000E-04
# With parameters(tra.):    -0.3689E-04    0.2110E-04    0.3332E-01
# With parameters(rot.):     0.6465E-04   -0.2241E-04    0.3332E-01
# Minimization at step:    42 with Value:     0.0000Tol(Act/Req):0.1653E+01/0.1000E-04
# With parameters(tra.):    -0.1029E-04    0.4387E-04    0.3333E-01
# With parameters(rot.):    -0.1333E-04   -0.2409E-04    0.3333E-01
# Minimization at step:    43 with Value:     0.0000Tol(Act/Req):0.1625E+01/0.1000E-04
# With parameters(tra.):     0.7332E-05    0.3585E-04    0.3332E-01
# With parameters(rot.):    -0.3720E-04    0.4260E-04    0.3332E-01
# Minimization at step:    44 with Value:     0.0000Tol(Act/Req):0.1413E+01/0.1000E-04
# With parameters(tra.):     0.2151E-05    0.2949E-04    0.3331E-01
# With parameters(rot.):    -0.1970E-04    0.4857E-04    0.3331E-01
# Minimization at step:    45 with Value:     0.0000Tol(Act/Req):0.1346E+01/0.1000E-04
# With parameters(tra.):    -0.2143E-05    0.2188E-04    0.3334E-01
# With parameters(rot.):    -0.6143E-04    0.2911E-04    0.3334E-01
# Minimization at step:    46 with Value:     0.0000Tol(Act/Req):0.1134E+01/0.1000E-04
# With parameters(tra.):     0.4352E-05    0.1879E-04    0.3334E-01
# With parameters(rot.):    -0.6027E-04    0.2946E-04    0.3334E-01
# Minimization at step:    47 with Value:     0.0000Tol(Act/Req):0.1105E+01/0.1000E-04
# With parameters(tra.):    -0.8389E-05    0.1844E-04    0.3335E-01
# With parameters(rot.):    -0.5203E-04   -0.1938E-04    0.3335E-01
# Minimization at step:    48 with Value:     0.0000Tol(Act/Req):0.1032E+01/0.1000E-04
# With parameters(tra.):    -0.1880E-04    0.6138E-05    0.3336E-01
# With parameters(rot.):    -0.3386E-04   -0.2740E-04    0.3336E-01
# Minimization at step:    49 with Value:     0.0000Tol(Act/Req):0.8311E+00/0.1000E-04
# With parameters(tra.):    -0.1184E-04    0.3320E-05    0.3335E-01
# With parameters(rot.):    -0.3549E-04    0.7225E-05    0.3335E-01
# Minimization at step:    50 with Value:     0.0000Tol(Act/Req):0.7654E+00/0.1000E-04
# With parameters(tra.):    -0.1221E-04    0.2207E-05    0.3333E-01
# With parameters(rot.):     0.9755E-06    0.1291E-04    0.3333E-01
# Minimization at step:    51 with Value:     0.0000Tol(Act/Req):0.6694E+00/0.1000E-04
# With parameters(tra.):    -0.6610E-05   -0.6582E-05    0.3333E-01
# With parameters(rot.):     0.1804E-04    0.9293E-05    0.3333E-01
# Minimization at step:    52 with Value:     0.0000Tol(Act/Req):0.5262E+00/0.1000E-04
# With parameters(tra.):    -0.6051E-05   -0.7037E-05    0.3333E-01
# With parameters(rot.):     0.1034E-04    0.7572E-05    0.3333E-01
# Minimization at step:    53 with Value:     0.0000Tol(Act/Req):0.4047E+00/0.1000E-04
# With parameters(tra.):    -0.3254E-05   -0.6084E-05    0.3333E-01
# With parameters(rot.):     0.1100E-04    0.1182E-04    0.3333E-01
# Minimization at step:    54 with Value:     0.0000Tol(Act/Req):0.2636E+00/0.1000E-04
# With parameters(tra.):    -0.3698E-05   -0.6398E-05    0.3333E-01
# With parameters(rot.):     0.1515E-04    0.6435E-05    0.3333E-01
# Minimization at step:    55 with Value:     0.0000Tol(Act/Req):0.2449E+00/0.1000E-04
# With parameters(tra.):    -0.6461E-05   -0.4767E-06    0.3333E-01
# With parameters(rot.):     0.2805E-05    0.7891E-05    0.3333E-01
# Minimization at step:    56 with Value:     0.0000Tol(Act/Req):0.2268E+00/0.1000E-04
# With parameters(tra.):    -0.6216E-05   -0.1572E-06    0.3333E-01
# With parameters(rot.):    -0.1671E-05    0.7057E-05    0.3333E-01
# Minimization at step:    57 with Value:     0.0000Tol(Act/Req):0.1780E+00/0.1000E-04
# With parameters(tra.):    -0.4082E-05   -0.4518E-05    0.3333E-01
# With parameters(rot.):     0.6465E-05    0.5756E-05    0.3333E-01
# Minimization at step:    58 with Value:     0.0000Tol(Act/Req):0.1200E+00/0.1000E-04
# With parameters(tra.):    -0.9390E-07   -0.2698E-05    0.3333E-01
# With parameters(rot.):     0.6315E-05    0.1062E-04    0.3333E-01
# Minimization at step:    59 with Value:     0.0000Tol(Act/Req):0.7993E-01/0.1000E-04
# With parameters(tra.):     0.1418E-06   -0.2244E-05    0.3333E-01
# With parameters(rot.):     0.1033E-04    0.3580E-05    0.3333E-01
# Minimization at step:    60 with Value:     0.0000Tol(Act/Req):0.7351E-01/0.1000E-04
# With parameters(tra.):     0.2752E-05   -0.2301E-05    0.3333E-01
# With parameters(rot.):     0.5374E-05    0.7528E-06    0.3333E-01
# Minimization at step:    61 with Value:     0.0000Tol(Act/Req):0.6536E-01/0.1000E-04
# With parameters(tra.):     0.2966E-05   -0.1389E-05    0.3333E-01
# With parameters(rot.):     0.3927E-05    0.5526E-06    0.3333E-01
# Minimization at step:    62 with Value:     0.0000Tol(Act/Req):0.4012E-01/0.1000E-04
# With parameters(tra.):     0.2331E-05   -0.1299E-05    0.3333E-01
# With parameters(rot.):     0.5045E-05    0.1243E-05    0.3333E-01
# Minimization at step:    63 with Value:     0.0000Tol(Act/Req):0.2965E-01/0.1000E-04
# With parameters(tra.):     0.1868E-05   -0.1486E-05    0.3333E-01
# With parameters(rot.):     0.4964E-05   -0.3483E-06    0.3333E-01
# Minimization at step:    64 with Value:     0.0000Tol(Act/Req):0.2195E-01/0.1000E-04
# With parameters(tra.):     0.2182E-05   -0.1523E-05    0.3333E-01
# With parameters(rot.):     0.1617E-05    0.2188E-05    0.3333E-01
# Minimization at step:    65 with Value:     0.0000Tol(Act/Req):0.1893E-01/0.1000E-04
# With parameters(tra.):     0.2307E-05   -0.1890E-06    0.3333E-01
# With parameters(rot.):    -0.1131E-05    0.2296E-05    0.3333E-01
# Minimization at step:    66 with Value:     0.0000Tol(Act/Req):0.1205E-01/0.1000E-04
# With parameters(tra.):     0.1349E-05    0.2237E-06    0.3333E-01
# With parameters(rot.):    -0.9981E-06    0.3595E-05    0.3333E-01
# Minimization at step:    67 with Value:     0.0000Tol(Act/Req):0.8341E-02/0.1000E-04
# With parameters(tra.):     0.5254E-06    0.3707E-06    0.3333E-01
# With parameters(rot.):    -0.2610E-05    0.2194E-05    0.3333E-01
# Minimization at step:    68 with Value:     0.0000Tol(Act/Req):0.6240E-02/0.1000E-04
# With parameters(tra.):    -0.4574E-07    0.8628E-06    0.3333E-01
# With parameters(rot.):    -0.1993E-05    0.9273E-06    0.3333E-01
# Minimization at step:    69 with Value:     0.0000Tol(Act/Req):0.3527E-02/0.1000E-04
# With parameters(tra.):    -0.6964E-06    0.4588E-06    0.3333E-01
# With parameters(rot.):    -0.8350E-06    0.5309E-06    0.3333E-01
# Minimization at step:    70 with Value:     0.0000Tol(Act/Req):0.2609E-02/0.1000E-04
# With parameters(tra.):    -0.7287E-06    0.3113E-06    0.3333E-01
# With parameters(rot.):    -0.8604E-06   -0.8843E-06    0.3333E-01
# Minimization at step:    71 with Value:     0.0000Tol(Act/Req):0.1802E-02/0.1000E-04
# With parameters(tra.):    -0.6304E-06    0.2228E-06    0.3333E-01
# With parameters(rot.):     0.3827E-06   -0.9534E-06    0.3333E-01
# Minimization at step:    72 with Value:     0.0000Tol(Act/Req):0.1683E-02/0.1000E-04
# With parameters(tra.):    -0.4445E-06   -0.3185E-06    0.3333E-01
# With parameters(rot.):     0.7637E-06   -0.7360E-06    0.3333E-01
# Minimization at step:    73 with Value:     0.0000Tol(Act/Req):0.1389E-02/0.1000E-04
# With parameters(tra.):    -0.5626E-07   -0.3108E-06    0.3333E-01
# With parameters(rot.):     0.5842E-06   -0.8545E-06    0.3333E-01
# Minimization at step:    74 with Value:     0.0000Tol(Act/Req):0.9733E-03/0.1000E-04
# With parameters(tra.):    -0.7037E-07   -0.1749E-06    0.3333E-01
# With parameters(rot.):     0.4740E-06   -0.9188E-06    0.3333E-01
# Minimization at step:    75 with Value:     0.0000Tol(Act/Req):0.6965E-03/0.1000E-04
# With parameters(tra.):     0.1104E-06   -0.2226E-06    0.3333E-01
# With parameters(rot.):     0.8204E-06   -0.2198E-06    0.3333E-01
# Minimization at step:    76 with Value:     0.0000Tol(Act/Req):0.3956E-03/0.1000E-04
# With parameters(tra.):     0.1557E-06   -0.2450E-06    0.3333E-01
# With parameters(rot.):     0.6497E-06   -0.1471E-06    0.3333E-01
# Minimization at step:    77 with Value:     0.0000Tol(Act/Req):0.3886E-03/0.1000E-04
# With parameters(tra.):    -0.3245E-07   -0.2282E-06    0.3333E-01
# With parameters(rot.):     0.7911E-06    0.1677E-06    0.3333E-01
# Minimization at step:    78 with Value:     0.0000Tol(Act/Req):0.3867E-03/0.1000E-04
# With parameters(tra.):    -0.4803E-07    0.2600E-07    0.3333E-01
# With parameters(rot.):     0.6764E-06    0.4014E-06    0.3333E-01
# Minimization at step:    79 with Value:     0.0000Tol(Act/Req):0.3782E-03/0.1000E-04
# With parameters(tra.):     0.1350E-06    0.9391E-07    0.3333E-01
# With parameters(rot.):     0.4967E-06    0.1645E-06    0.3333E-01
# Minimization at step:    80 with Value:     0.0000Tol(Act/Req):0.2774E-03/0.1000E-04
# With parameters(tra.):     0.1541E-06    0.3602E-07    0.3333E-01
# With parameters(rot.):     0.5104E-06    0.8634E-07    0.3333E-01
# Minimization at step:    81 with Value:     0.0000Tol(Act/Req):0.2763E-03/0.1000E-04
# With parameters(tra.):     0.1100E-06    0.1422E-07    0.3333E-01
# With parameters(rot.):     0.5565E-06    0.1391E-06    0.3333E-01
# Minimization at step:    82 with Value:     0.0000Tol(Act/Req):0.2009E-03/0.1000E-04
# With parameters(tra.):    -0.1070E-07    0.1250E-06    0.3333E-01
# With parameters(rot.):     0.2376E-06   -0.2073E-06    0.3333E-01
# Minimization at step:    83 with Value:     0.0000Tol(Act/Req):0.1979E-03/0.1000E-04
# With parameters(tra.):    -0.1892E-08    0.1447E-06    0.3333E-01
# With parameters(rot.):     0.1179E-06   -0.1760E-06    0.3333E-01
# Minimization at step:    84 with Value:     0.0000Tol(Act/Req):0.9752E-04/0.1000E-04
# With parameters(tra.):     0.2901E-07    0.1186E-06    0.3333E-01
# With parameters(rot.):     0.1877E-06   -0.8683E-07    0.3333E-01
# Minimization at step:    85 with Value:     0.0000Tol(Act/Req):0.5468E-04/0.1000E-04
# With parameters(tra.):     0.2644E-07    0.5240E-07    0.3333E-01
# With parameters(rot.):     0.1275E-06   -0.2474E-06    0.3333E-01
# Minimization at step:    86 with Value:     0.0000Tol(Act/Req):0.4028E-04/0.1000E-04
# With parameters(tra.):    -0.6066E-07    0.2924E-07    0.3333E-01
# With parameters(rot.):     0.8938E-07   -0.2649E-06    0.3333E-01
# Minimization at step:    87 with Value:     0.0000Tol(Act/Req):0.3794E-04/0.1000E-04
# With parameters(tra.):    -0.6215E-07    0.2986E-07    0.3333E-01
# With parameters(rot.):    -0.9730E-07   -0.2402E-06    0.3333E-01
# Minimization at step:    88 with Value:     0.0000Tol(Act/Req):0.1839E-04/0.1000E-04
# With parameters(tra.):    -0.3860E-07   -0.3142E-07    0.3333E-01
# With parameters(rot.):    -0.6393E-07   -0.1447E-06    0.3333E-01
# Minimization at step:    89 with Value:     0.0000Tol(Act/Req):0.1418E-04/0.1000E-04
# With parameters(tra.):    -0.5357E-07   -0.1928E-07    0.3333E-01
# With parameters(rot.):    -0.8172E-07   -0.3876E-07    0.3333E-01
# Minimization at step:    90 with Value:     0.0000Tol(Act/Req):0.1220E-04/0.1000E-04
# With parameters(tra.):    -0.8248E-08   -0.1983E-07    0.3333E-01
# With parameters(rot.):    -0.1054E-06    0.2655E-07    0.3333E-01
# Minimization at step:    91 with Value:     0.0000Tol(Act/Req):0.6589E-05/0.1000E-04
# With parameters(tra.):     0.5971E-08   -0.3256E-07    0.3333E-01
# With parameters(rot.):    -0.1412E-07    0.8086E-07    0.3333E-01
# CSM Values after x minimization.
# Final Number of optim. Steps:    91
#      Before min is:      0.07836918391
# Final CSM Value is:      0.00000000009
# Coordinates rotated along Y.
[molecule] Nrec=  13 Format=nscxyz
  c                1    6    0.75000000D+00  -0.91848510D-16  -0.45924255D-16
  h                2    1   -0.25000000D+00  -0.93127301D+00   0.36432209D+00
  he               3    2   -0.25000000D+00  -0.96286669D+00   0.26983882D+00
  h                4    1   -0.25000000D+00  -0.78113944D+00  -0.62432138D+00
  he               5    2   -0.25000000D+00  -0.71511217D+00  -0.69900967D+00
  h                6    1   -0.25000000D+00   0.15013357D+00  -0.98864347D+00
  he               7    2   -0.25000000D+00   0.24775451D+00  -0.96884849D+00
  h                8    1   -0.25000000D+00   0.93127301D+00  -0.36432209D+00
  he               9    2   -0.25000000D+00   0.96286669D+00  -0.26983882D+00
  h               10    1   -0.25000000D+00   0.78113944D+00   0.62432138D+00
  he              11    2   -0.25000000D+00   0.71511217D+00   0.69900967D+00
  h               12    1   -0.25000000D+00  -0.15013357D+00   0.98864347D+00
  he              13    2   -0.25000000D+00  -0.24775451D+00   0.96884849D+00
# Minimization at step:     0 with Value:     0.0065Tol(Act/Req):0.2000E+01/0.1000E-04
# With parameters(tra.):     0.1429E-01    0.1429E-01    0.1429E-01
# With parameters(rot.):     0.1429E-01    0.1429E-01    0.1429E-01
# Minimization at step:     1 with Value:     0.0045Tol(Act/Req):0.2000E+01/0.1000E-04
# With parameters(tra.):     0.7143E-02    0.1548E-01    0.1548E-01
# With parameters(rot.):     0.1548E-01    0.1548E-01    0.1548E-01
# Minimization at step:     2 with Value:     0.0023Tol(Act/Req):0.2000E+01/0.1000E-04
# With parameters(tra.):     0.8929E-02   -0.5655E-02    0.1935E-01
# With parameters(rot.):     0.1935E-01    0.1935E-01    0.1935E-01
# Minimization at step:     3 with Value:     0.0018Tol(Act/Req):0.2000E+01/0.1000E-04
# With parameters(tra.):     0.5506E-02   -0.6820E-02    0.2026E-01
# With parameters(rot.):     0.2026E-01    0.2026E-01    0.2026E-01
# Minimization at step:     4 with Value:     0.0013Tol(Act/Req):0.2000E+01/0.1000E-04
# With parameters(tra.):     0.4923E-02   -0.3396E-02    0.1969E-01
# With parameters(rot.):     0.1969E-01    0.1969E-01    0.1969E-01
# Minimization at step:     5 with Value:     0.0010Tol(Act/Req):0.2000E+01/0.1000E-04
# With parameters(tra.):     0.5333E-02   -0.3679E-02    0.2134E-01
# With parameters(rot.):     0.1300E-01    0.2134E-01    0.2134E-01
# Minimization at step:     6 with Value:     0.0007Tol(Act/Req):0.2000E+01/0.1000E-04
# With parameters(tra.):     0.5778E-02   -0.3985E-02    0.2311E-01
# With parameters(rot.):     0.1409E-01    0.1478E-01    0.2311E-01
# Minimization at step:     7 with Value:     0.0005Tol(Act/Req):0.2000E+01/0.1000E-04
# With parameters(tra.):     0.7119E-03   -0.5025E-02    0.2520E-01
# With parameters(rot.):     0.1392E-01    0.1479E-01    0.2520E-01
# Minimization at step:     8 with Value:     0.0004Tol(Act/Req):0.2000E+01/0.1000E-04
# With parameters(tra.):    -0.1215E-02   -0.2953E-03    0.2573E-01
# With parameters(rot.):     0.1162E-01    0.1271E-01    0.2573E-01
# Minimization at step:     9 with Value:     0.0004Tol(Act/Req):0.2000E+01/0.1000E-04
# With parameters(tra.):    -0.2578E-02    0.2665E-03    0.3047E-01
# With parameters(rot.):    -0.2223E-02    0.1311E-01    0.3047E-01
# Minimization at step:    10 with Value:     0.0003Tol(Act/Req):0.2000E+01/0.1000E-04
# With parameters(tra.):    -0.4474E-02    0.1071E-02    0.3648E-01
# With parameters(rot.):    -0.5492E-02   -0.5540E-03    0.3648E-01
# Minimization at step:    11 with Value:     0.0002Tol(Act/Req):0.2000E+01/0.1000E-04
# With parameters(tra.):    -0.3926E-02    0.8504E-03    0.3443E-01
# With parameters(rot.):     0.4074E-02   -0.4275E-02    0.3443E-01
# Minimization at step:    12 with Value:     0.0002Tol(Act/Req):0.2000E+01/0.1000E-04
# With parameters(tra.):    -0.3406E-02    0.6310E-03    0.3275E-01
# With parameters(rot.):     0.5688E-02   -0.1169E-02    0.3275E-01
# Minimization at step:    13 with Value:     0.0001Tol(Act/Req):0.2000E+01/0.1000E-04
# With parameters(tra.):    -0.2905E-02    0.1276E-02    0.3303E-01
# With parameters(rot.):     0.5030E-02   -0.2499E-02    0.3303E-01
# Minimization at step:    14 with Value:     0.0001Tol(Act/Req):0.2000E+01/0.1000E-04
# With parameters(tra.):    -0.2364E-02   -0.6966E-03    0.3460E-01
# With parameters(rot.):     0.4531E-02   -0.5261E-02    0.3460E-01
# Minimization at step:    15 with Value:     0.0001Tol(Act/Req):0.2000E+01/0.1000E-04
# With parameters(tra.):    -0.2248E-02   -0.9731E-03    0.3567E-01
# With parameters(rot.):    -0.1377E-03   -0.3647E-02    0.3567E-01
# Minimization at step:    16 with Value:     0.0000Tol(Act/Req):0.2000E+01/0.1000E-04
# With parameters(tra.):    -0.1178E-02   -0.1703E-02    0.3389E-01
# With parameters(rot.):     0.8275E-03    0.3938E-03    0.3389E-01
# Minimization at step:    17 with Value:     0.0000Tol(Act/Req):0.2000E+01/0.1000E-04
# With parameters(tra.):     0.5079E-05   -0.1481E-02    0.3452E-01
# With parameters(rot.):    -0.1210E-02   -0.8788E-03    0.3452E-01
# Minimization at step:    18 with Value:     0.0000Tol(Act/Req):0.2000E+01/0.1000E-04
# With parameters(tra.):     0.3269E-03   -0.6911E-03    0.3372E-01
# With parameters(rot.):    -0.2396E-02    0.1597E-02    0.3372E-01
# Minimization at step:    19 with Value:     0.0000Tol(Act/Req):0.2000E+01/0.1000E-04
# With parameters(tra.):     0.9122E-03   -0.4823E-03    0.3270E-01
# With parameters(rot.):    -0.6257E-03    0.2101E-02    0.3270E-01
# Minimization at step:    20 with Value:     0.0000Tol(Act/Req):0.1999E+01/0.1000E-04
# With parameters(tra.):     0.9002E-03    0.1880E-03    0.3329E-01
# With parameters(rot.):    -0.1472E-02    0.5081E-03    0.3329E-01
# Minimization at step:    21 with Value:     0.0000Tol(Act/Req):0.1999E+01/0.1000E-04
# With parameters(tra.):     0.5323E-03    0.4942E-03    0.3267E-01
# With parameters(rot.):    -0.5182E-03    0.1491E-02    0.3267E-01
# Minimization at step:    22 with Value:     0.0000Tol(Act/Req):0.1998E+01/0.1000E-04
# With parameters(tra.):     0.4227E-03    0.3955E-03    0.3280E-01
# With parameters(rot.):     0.5439E-03    0.2264E-03    0.3280E-01
# Minimization at step:    23 with Value:     0.0000Tol(Act/Req):0.1998E+01/0.1000E-04
# With parameters(tra.):    -0.1306E-03    0.5489E-03    0.3352E-01
# With parameters(rot.):    -0.2461E-03   -0.7345E-03    0.3352E-01
# Minimization at step:    24 with Value:     0.0000Tol(Act/Req):0.1998E+01/0.1000E-04
# With parameters(tra.):    -0.2145E-03    0.4673E-03    0.3344E-01
# With parameters(rot.):    -0.3036E-05   -0.5725E-03    0.3344E-01
# Minimization at step:    25 with Value:     0.0000Tol(Act/Req):0.1998E+01/0.1000E-04
# With parameters(tra.):    -0.8319E-04    0.4221E-03    0.3326E-01
# With parameters(rot.):     0.2147E-03   -0.3188E-03    0.3326E-01
# Minimization at step:    26 with Value:     0.0000Tol(Act/Req):0.1996E+01/0.1000E-04
# With parameters(tra.):    -0.7316E-04    0.3651E-03    0.3341E-01
# With parameters(rot.):     0.1169E-03   -0.6334E-03    0.3341E-01
# Minimization at step:    27 with Value:     0.0000Tol(Act/Req):0.1994E+01/0.1000E-04
# With parameters(tra.):    -0.9622E-04    0.3790E-03    0.3344E-01
# With parameters(rot.):    -0.9568E-04   -0.4943E-03    0.3344E-01
# Minimization at step:    28 with Value:     0.0000Tol(Act/Req):0.1993E+01/0.1000E-04
# With parameters(tra.):    -0.2246E-03    0.1863E-03    0.3327E-01
# With parameters(rot.):     0.3596E-03   -0.1443E-03    0.3327E-01
# Minimization at step:    29 with Value:     0.0000Tol(Act/Req):0.1991E+01/0.1000E-04
# With parameters(tra.):    -0.1707E-03    0.1441E-03    0.3318E-01
# With parameters(rot.):     0.4806E-03   -0.2851E-05    0.3318E-01
# Minimization at step:    30 with Value:     0.0000Tol(Act/Req):0.1990E+01/0.1000E-04
# With parameters(tra.):    -0.1341E-03    0.1887E-03    0.3322E-01
# With parameters(rot.):     0.3769E-03   -0.7858E-04    0.3322E-01
# Minimization at step:    31 with Value:     0.0000Tol(Act/Req):0.1987E+01/0.1000E-04
# With parameters(tra.):    -0.1343E-03    0.5908E-04    0.3340E-01
# With parameters(rot.):     0.2951E-03   -0.4119E-03    0.3340E-01
# Minimization at step:    32 with Value:     0.0000Tol(Act/Req):0.1976E+01/0.1000E-04
# With parameters(tra.):    -0.1784E-03   -0.3872E-07    0.3343E-01
# With parameters(rot.):     0.7390E-04   -0.1826E-03    0.3343E-01
# Minimization at step:    33 with Value:     0.0000Tol(Act/Req):0.1971E+01/0.1000E-04
# With parameters(tra.):    -0.9954E-04   -0.9941E-04    0.3335E-01
# With parameters(rot.):     0.1537E-03   -0.1537E-04    0.3335E-01
# Minimization at step:    34 with Value:     0.0000Tol(Act/Req):0.1956E+01/0.1000E-04
# With parameters(tra.):    -0.7836E-04   -0.1011E-03    0.3338E-01
# With parameters(rot.):     0.8319E-04   -0.4796E-04    0.3338E-01
# Minimization at step:    35 with Value:     0.0000Tol(Act/Req):0.1936E+01/0.1000E-04
# With parameters(tra.):    -0.7366E-04   -0.9283E-04    0.3335E-01
# With parameters(rot.):     0.7915E-04    0.3791E-04    0.3335E-01
# Minimization at step:    36 with Value:     0.0000Tol(Act/Req):0.1903E+01/0.1000E-04
# With parameters(tra.):    -0.2541E-04   -0.8647E-04    0.3331E-01
# With parameters(rot.):     0.1911E-03   -0.2163E-04    0.3331E-01
# Minimization at step:    37 with Value:     0.0000Tol(Act/Req):0.1899E+01/0.1000E-04
# With parameters(tra.):    -0.5331E-04   -0.1591E-04    0.3335E-01
# With parameters(rot.):     0.1504E-03   -0.1352E-03    0.3335E-01
# Minimization at step:    38 with Value:     0.0000Tol(Act/Req):0.1884E+01/0.1000E-04
# With parameters(tra.):    -0.4063E-04   -0.9652E-05    0.3336E-01
# With parameters(rot.):     0.1207E-03   -0.1587E-03    0.3336E-01
# Minimization at step:    39 with Value:     0.0000Tol(Act/Req):0.1836E+01/0.1000E-04
# With parameters(tra.):    -0.3260E-04   -0.2677E-04    0.3335E-01
# With parameters(rot.):     0.1284E-03   -0.1323E-03    0.3335E-01
# Minimization at step:    40 with Value:     0.0000Tol(Act/Req):0.1771E+01/0.1000E-04
# With parameters(tra.):    -0.1529E-04    0.2134E-05    0.3331E-01
# With parameters(rot.):     0.1347E-03   -0.4607E-04    0.3331E-01
# Minimization at step:    41 with Value:     0.0000Tol(Act/Req):0.1690E+01/0.1000E-04
# With parameters(tra.):    -0.3689E-04    0.2110E-04    0.3332E-01
# With parameters(rot.):     0.6465E-04   -0.2241E-04    0.3332E-01
# Minimization at step:    42 with Value:     0.0000Tol(Act/Req):0.1653E+01/0.1000E-04
# With parameters(tra.):    -0.1029E-04    0.4387E-04    0.3333E-01
# With parameters(rot.):    -0.1333E-04   -0.2409E-04    0.3333E-01
# Minimization at step:    43 with Value:     0.0000Tol(Act/Req):0.1625E+01/0.1000E-04
# With parameters(tra.):     0.7332E-05    0.3585E-04    0.3332E-01
# With parameters(rot.):    -0.3720E-04    0.4260E-04    0.3332E-01
# Minimization at step:    44 with Value:     0.0000Tol(Act/Req):0.1413E+01/0.1000E-04
# With parameters(tra.):     0.2151E-05    0.2949E-04    0.3331E-01
# With parameters(rot.):    -0.1970E-04    0.4857E-04    0.3331E-01
# Minimization at step:    45 with Value:     0.0000Tol(Act/Req):0.1346E+01/0.1000E-04
# With parameters(tra.):    -0.2143E-05    0.2188E-04    0.3334E-01
# With parameters(rot.):    -0.6143E-04    0.2911E-04    0.3334E-01
# Minimization at step:    46 with Value:     0.0000Tol(Act/Req):0.1134E+01/0.1000E-04
# With parameters(tra.):     0.4352E-05    0.1879E-04    0.3334E-01
# With parameters(rot.):    -0.6027E-04    0.2946E-04    0.3334E-01
# Minimization at step:    47 with Value:     0.0000Tol(Act/Req):0.1105E+01/0.1000E-04
# With parameters(tra.):    -0.8389E-05    0.1844E-04    0.3335E-01
# With parameters(rot.):    -0.5203E-04   -0.1938E-04    0.3335E-01
# Minimization at step:    48 with Value:     0.0000Tol(Act/Req):0.1032E+01/0.1000E-04
# With parameters(tra.):    -0.1880E-04    0.6138E-05    0.3336E-01
# With parameters(rot.):    -0.3386E-04   -0.2740E-04    0.3336E-01
# Minimization at step:    49 with Value:     0.0000Tol(Act/Req):0.8311E+00/0.1000E-04
# With parameters(tra.):    -0.1184E-04    0.3320E-05    0.3335E-01
# With parameters(rot.):    -0.3549E-04    0.7225E-05    0.3335E-01
# Minimization at step:    50 with Value:     0.0000Tol(Act/Req):0.7654E+00/0.1000E-04
# With parameters(tra.):    -0.1221E-04    0.2207E-05    0.3333E-01
# With parameters(rot.):     0.9755E-06    0.1291E-04    0.3333E-01
# Minimization at step:    51 with Value:     0.0000Tol(Act/Req):0.6694E+00/0.1000E-04
# With parameters(tra.):    -0.6610E-05   -0.6582E-05    0.3333E-01
# With parameters(rot.):     0.1804E-04    0.9293E-05    0.3333E-01
# Minimization at step:    52 with Value:     0.0000Tol(Act/Req):0.5262E+00/0.1000E-04
# With parameters(tra.):    -0.6051E-05   -0.7037E-05    0.3333E-01
# With parameters(rot.):     0.1034E-04    0.7572E-05    0.3333E-01
# Minimization at step:    53 with Value:     0.0000Tol(Act/Req):0.4047E+00/0.1000E-04
# With parameters(tra.):    -0.3254E-05   -0.6084E-05    0.3333E-01
# With parameters(rot.):     0.1100E-04    0.1182E-04    0.3333E-01
# Minimization at step:    54 with Value:     0.0000Tol(Act/Req):0.2636E+00/0.1000E-04
# With parameters(tra.):    -0.3698E-05   -0.6398E-05    0.3333E-01
# With parameters(rot.):     0.1515E-04    0.6435E-05    0.3333E-01
# Minimization at step:    55 with Value:     0.0000Tol(Act/Req):0.2449E+00/0.1000E-04
# With parameters(tra.):    -0.6461E-05   -0.4767E-06    0.3333E-01
# With parameters(rot.):     0.2805E-05    0.7891E-05    0.3333E-01
# Minimization at step:    56 with Value:     0.0000Tol(Act/Req):0.2268E+00/0.1000E-04
# With parameters(tra.):    -0.6216E-05   -0.1572E-06    0.3333E-01
# With parameters(rot.):    -0.1671E-05    0.7057E-05    0.3333E-01
# Minimization at step:    57 with Value:     0.0000Tol(Act/Req):0.1780E+00/0.1000E-04
# With parameters(tra.):    -0.4082E-05   -0.4518E-05    0.3333E-01
# With parameters(rot.):     0.6465E-05    0.5756E-05    0.3333E-01
# Minimization at step:    58 with Value:     0.0000Tol(Act/Req):0.1200E+00/0.1000E-04
# With parameters(tra.):    -0.9390E-07   -0.2698E-05    0.3333E-01
# With parameters(rot.):     0.6315E-05    0.1062E-04    0.3333E-01
# Minimization at step:    59 with Value:     0.0000Tol(Act/Req):0.7993E-01/0.1000E-04
# With parameters(tra.):     0.1418E-06   -0.2244E-05    0.3333E-01
# With parameters(rot.):     0.1033E-04    0.3580E-05    0.3333E-01
# Minimization at step:    60 with Value:     0.0000Tol(Act/Req):0.7351E-01/0.1000E-04
# With parameters(tra.):     0.2752E-05   -0.2301E-05    0.3333E-01
# With parameters(rot.):     0.5374E-05    0.7528E-06    0.3333E-01
# Minimization at step:    61 with Value:     0.0000Tol(Act/Req):0.6536E-01/0.1000E-04
# With parameters(tra.):     0.2966E-05   -0.1389E-05    0.3333E-01
# With parameters(rot.):     0.3927E-05    0.5526E-06    0.3333E-01
# Minimization at step:    62 with Value:     0.0000Tol(Act/Req):0.4012E-01/0.1000E-04
# With parameters(tra.):     0.2331E-05   -0.1299E-05    0.3333E-01
# With parameters(rot.):     0.5045E-05    0.1243E-05    0.3333E-01
# Minimization at step:    63 with Value:     0.0000Tol(Act/Req):0.2965E-01/0.1000E-04
# With parameters(tra.):     0.1868E-05   -0.1486E-05    0.3333E-01
# With parameters(rot.):     0.4964E-05   -0.3483E-06    0.3333E-01
# Minimization at step:    64 with Value:     0.0000Tol(Act/Req):0.2195E-01/0.1000E-04
# With parameters(tra.):     0.2182E-05   -0.1523E-05    0.3333E-01
# With parameters(rot.):     0.1617E-05    0.2188E-05    0.3333E-01
# Minimization at step:    65 with Value:     0.0000Tol(Act/Req):0.1893E-01/0.1000E-04
# With parameters(tra.):     0.2307E-05   -0.1890E-06    0.3333E-01
# With parameters(rot.):    -0.1131E-05    0.2296E-05    0.3333E-01
# Minimization at step:    66 with Value:     0.0000Tol(Act/Req):0.1205E-01/0.1000E-04
# With parameters(tra.):     0.1349E-05    0.2237E-06    0.3333E-01
# With parameters(rot.):    -0.9981E-06    0.3595E-05    0.3333E-01
# Minimization at step:    67 with Value:     0.0000Tol(Act/Req):0.8341E-02/0.1000E-04
# With parameters(tra.):     0.5254E-06    0.3707E-06    0.3333E-01
# With parameters(rot.):    -0.2610E-05    0.2194E-05    0.3333E-01
# Minimization at step:    68 with Value:     0.0000Tol(Act/Req):0.6240E-02/0.1000E-04
# With parameters(tra.):    -0.4574E-07    0.8628E-06    0.3333E-01
# With parameters(rot.):    -0.1993E-05    0.9273E-06    0.3333E-01
# Minimization at step:    69 with Value:     0.0000Tol(Act/Req):0.3527E-02/0.1000E-04
# With parameters(tra.):    -0.6964E-06    0.4588E-06    0.3333E-01
# With parameters(rot.):    -0.8350E-06    0.5309E-06    0.3333E-01
# Minimization at step:    70 with Value:     0.0000Tol(Act/Req):0.2609E-02/0.1000E-04
# With parameters(tra.):    -0.7287E-06    0.3113E-06    0.3333E-01
# With parameters(rot.):    -0.8604E-06   -0.8843E-06    0.3333E-01
# Minimization at step:    71 with Value:     0.0000Tol(Act/Req):0.1802E-02/0.1000E-04
# With parameters(tra.):    -0.6304E-06    0.2228E-06    0.3333E-01
# With parameters(rot.):     0.3827E-06   -0.9534E-06    0.3333E-01
# Minimization at step:    72 with Value:     0.0000Tol(Act/Req):0.1683E-02/0.1000E-04
# With parameters(tra.):    -0.4445E-06   -0.3185E-06    0.3333E-01
# With parameters(rot.):     0.7637E-06   -0.7360E-06    0.3333E-01
# Minimization at step:    73 with Value:     0.0000Tol(Act/Req):0.1389E-02/0.1000E-04
# With parameters(tra.):    -0.5626E-07   -0.3108E-06    0.3333E-01
# With parameters(rot.):     0.5842E-06   -0.8545E-06    0.3333E-01
# Minimization at step:    74 with Value:     0.0000Tol(Act/Req):0.9733E-03/0.1000E-04
# With parameters(tra.):    -0.7037E-07   -0.1749E-06    0.3333E-01
# With parameters(rot.):     0.4740E-06   -0.9188E-06    0.3333E-01
# Minimization at step:    75 with Value:     0.0000Tol(Act/Req):0.6965E-03/0.1000E-04
# With parameters(tra.):     0.1104E-06   -0.2226E-06    0.3333E-01
# With parameters(rot.):     0.8204E-06   -0.2198E-06    0.3333E-01
# Minimization at step:    76 with Value:     0.0000Tol(Act/Req):0.3956E-03/0.1000E-04
# With parameters(tra.):     0.1557E-06   -0.2450E-06    0.3333E-01
# With parameters(rot.):     0.6497E-06   -0.1471E-06    0.3333E-01
# Minimization at step:    77 with Value:     0.0000Tol(Act/Req):0.3886E-03/0.1000E-04
# With parameters(tra.):    -0.3245E-07   -0.2282E-06    0.3333E-01
# With parameters(rot.):     0.7911E-06    0.1677E-06    0.3333E-01
# Minimization at step:    78 with Value:     0.0000Tol(Act/Req):0.3867E-03/0.1000E-04
# With parameters(tra.):    -0.4803E-07    0.2600E-07    0.3333E-01
# With parameters(rot.):     0.6764E-06    0.4014E-06    0.3333E-01
# Minimization at step:    79 with Value:     0.0000Tol(Act/Req):0.3782E-03/0.1000E-04
# With parameters(tra.):     0.1350E-06    0.9391E-07    0.3333E-01
# With parameters(rot.):     0.4967E-06    0.1645E-06    0.3333E-01
# Minimization at step:    80 with Value:     0.0000Tol(Act/Req):0.2774E-03/0.1000E-04
# With parameters(tra.):     0.1541E-06    0.3602E-07    0.3333E-01
# With parameters(rot.):     0.5104E-06    0.8634E-07    0.3333E-01
# Minimization at step:    81 with Value:     0.0000Tol(Act/Req):0.2763E-03/0.1000E-04
# With parameters(tra.):     0.1100E-06    0.1422E-07    0.3333E-01
# With parameters(rot.):     0.5565E-06    0.1391E-06    0.3333E-01
# Minimization at step:    82 with Value:     0.0000Tol(Act/Req):0.2009E-03/0.1000E-04
# With parameters(tra.):    -0.1070E-07    0.1250E-06    0.3333E-01
# With parameters(rot.):     0.2376E-06   -0.2073E-06    0.3333E-01
# Minimization at step:    83 with Value:     0.0000Tol(Act/Req):0.1979E-03/0.1000E-04
# With parameters(tra.):    -0.1892E-08    0.1447E-06    0.3333E-01
# With parameters(rot.):     0.1179E-06   -0.1760E-06    0.3333E-01
# Minimization at step:    84 with Value:     0.0000Tol(Act/Req):0.9752E-04/0.1000E-04
# With parameters(tra.):     0.2901E-07    0.1186E-06    0.3333E-01
# With parameters(rot.):     0.1877E-06   -0.8683E-07    0.3333E-01
# Minimization at step:    85 with Value:     0.0000Tol(Act/Req):0.5468E-04/0.1000E-04
# With parameters(tra.):     0.2644E-07    0.5240E-07    0.3333E-01
# With parameters(rot.):     0.1275E-06   -0.2474E-06    0.3333E-01
# Minimization at step:    86 with Value:     0.0000Tol(Act/Req):0.4028E-04/0.1000E-04
# With parameters(tra.):    -0.6066E-07    0.2924E-07    0.3333E-01
# With parameters(rot.):     0.8938E-07   -0.2649E-06    0.3333E-01
# Minimization at step:    87 with Value:     0.0000Tol(Act/Req):0.3794E-04/0.1000E-04
# With parameters(tra.):    -0.6215E-07    0.2986E-07    0.3333E-01
# With parameters(rot.):    -0.9730E-07   -0.2402E-06    0.3333E-01
# Minimization at step:    88 with Value:     0.0000Tol(Act/Req):0.1839E-04/0.1000E-04
# With parameters(tra.):    -0.3860E-07   -0.3142E-07    0.3333E-01
# With parameters(rot.):    -0.6393E-07   -0.1447E-06    0.3333E-01
# Minimization at step:    89 with Value:     0.0000Tol(Act/Req):0.1418E-04/0.1000E-04
# With parameters(tra.):    -0.5357E-07   -0.1928E-07    0.3333E-01
# With parameters(rot.):    -0.8172E-07   -0.3876E-07    0.3333E-01
# Minimization at step:    90 with Value:     0.0000Tol(Act/Req):0.1220E-04/0.1000E-04
# With parameters(tra.):    -0.8248E-08   -0.1983E-07    0.3333E-01
# With parameters(rot.):    -0.1054E-06    0.2655E-07    0.3333E-01
# Minimization at step:    91 with Value:     0.0000Tol(Act/Req):0.6589E-05/0.1000E-04
# With parameters(tra.):     0.5971E-08   -0.3256E-07    0.3333E-01
# With parameters(rot.):    -0.1412E-07    0.8086E-07    0.3333E-01
# CSM Values after y minimization.
# Final Number of optim. Steps:    91
#      Before min is:      0.07838820016
# Final CSM Value is:      0.00000000009
# Coordinates rotated along Z.
[molecule] Nrec=  13 Format=nscxyz
  c                1    6    0.00000000D+00   0.00000000D+00  -0.75000000D+00
  h                2    1   -0.93127301D+00  -0.36432209D+00   0.25000000D+00
  he               3    2   -0.96286669D+00  -0.26983882D+00   0.25000000D+00
  h                4    1   -0.78113944D+00   0.62432138D+00   0.25000000D+00
  he               5    2   -0.71511217D+00   0.69900967D+00   0.25000000D+00
  h                6    1    0.15013357D+00   0.98864347D+00   0.25000000D+00
  he               7    2    0.24775451D+00   0.96884849D+00   0.25000000D+00
  h                8    1    0.93127301D+00   0.36432209D+00   0.25000000D+00
  he               9    2    0.96286669D+00   0.26983882D+00   0.25000000D+00
  h               10    1    0.78113944D+00  -0.62432138D+00   0.25000000D+00
  he              11    2    0.71511217D+00  -0.69900967D+00   0.25000000D+00
  h               12    1   -0.15013357D+00  -0.98864347D+00   0.25000000D+00
  he              13    2   -0.24775451D+00  -0.96884849D+00   0.25000000D+00
# Minimization at step:     0 with Value:     0.0065Tol(Act/Req):0.2000E+01/0.1000E-04
# With parameters(tra.):     0.1429E-01    0.1429E-01    0.1429E-01
# With parameters(rot.):     0.1429E-01    0.1429E-01    0.1429E-01
# Minimization at step:     1 with Value:     0.0045Tol(Act/Req):0.2000E+01/0.1000E-04
# With parameters(tra.):     0.7143E-02    0.1548E-01    0.1548E-01
# With parameters(rot.):     0.1548E-01    0.1548E-01    0.1548E-01
# Minimization at step:     2 with Value:     0.0023Tol(Act/Req):0.2000E+01/0.1000E-04
# With parameters(tra.):     0.8929E-02   -0.5655E-02    0.1935E-01
# With parameters(rot.):     0.1935E-01    0.1935E-01    0.1935E-01
# Minimization at step:     3 with Value:     0.0018Tol(Act/Req):0.2000E+01/0.1000E-04
# With parameters(tra.):     0.5506E-02   -0.6820E-02    0.2026E-01
# With parameters(rot.):     0.2026E-01    0.2026E-01    0.2026E-01
# Minimization at step:     4 with Value:     0.0013Tol(Act/Req):0.2000E+01/0.1000E-04
# With parameters(tra.):     0.4923E-02   -0.3396E-02    0.1969E-01
# With parameters(rot.):     0.1969E-01    0.1969E-01    0.1969E-01
# Minimization at step:     5 with Value:     0.0010Tol(Act/Req):0.2000E+01/0.1000E-04
# With parameters(tra.):     0.5333E-02   -0.3679E-02    0.2134E-01
# With parameters(rot.):     0.1300E-01    0.2134E-01    0.2134E-01
# Minimization at step:     6 with Value:     0.0007Tol(Act/Req):0.2000E+01/0.1000E-04
# With parameters(tra.):     0.5778E-02   -0.3985E-02    0.2311E-01
# With parameters(rot.):     0.1409E-01    0.1478E-01    0.2311E-01
# Minimization at step:     7 with Value:     0.0005Tol(Act/Req):0.2000E+01/0.1000E-04
# With parameters(tra.):     0.7119E-03   -0.5025E-02    0.2520E-01
# With parameters(rot.):     0.1392E-01    0.1479E-01    0.2520E-01
# Minimization at step:     8 with Value:     0.0004Tol(Act/Req):0.2000E+01/0.1000E-04
# With parameters(tra.):    -0.1215E-02   -0.2953E-03    0.2573E-01
# With parameters(rot.):     0.1162E-01    0.1271E-01    0.2573E-01
# Minimization at step:     9 with Value:     0.0004Tol(Act/Req):0.2000E+01/0.1000E-04
# With parameters(tra.):    -0.2578E-02    0.2665E-03    0.3047E-01
# With parameters(rot.):    -0.2223E-02    0.1311E-01    0.3047E-01
# Minimization at step:    10 with Value:     0.0003Tol(Act/Req):0.2000E+01/0.1000E-04
# With parameters(tra.):    -0.4474E-02    0.1071E-02    0.3648E-01
# With parameters(rot.):    -0.5492E-02   -0.5540E-03    0.3648E-01
# Minimization at step:    11 with Value:     0.0002Tol(Act/Req):0.2000E+01/0.1000E-04
# With parameters(tra.):    -0.3926E-02    0.8504E-03    0.3443E-01
# With parameters(rot.):     0.4074E-02   -0.4275E-02    0.3443E-01
# Minimization at step:    12 with Value:     0.0002Tol(Act/Req):0.2000E+01/0.1000E-04
# With parameters(tra.):    -0.3406E-02    0.6310E-03    0.3275E-01
# With parameters(rot.):     0.5688E-02   -0.1169E-02    0.3275E-01
# Minimization at step:    13 with Value:     0.0001Tol(Act/Req):0.2000E+01/0.1000E-04
# With parameters(tra.):    -0.2905E-02    0.1276E-02    0.3303E-01
# With parameters(rot.):     0.5030E-02   -0.2499E-02    0.3303E-01
# Minimization at step:    14 with Value:     0.0001Tol(Act/Req):0.2000E+01/0.1000E-04
# With parameters(tra.):    -0.2364E-02   -0.6966E-03    0.3460E-01
# With parameters(rot.):     0.4531E-02   -0.5261E-02    0.3460E-01
# Minimization at step:    15 with Value:     0.0001Tol(Act/Req):0.2000E+01/0.1000E-04
# With parameters(tra.):    -0.2248E-02   -0.9731E-03    0.3567E-01
# With parameters(rot.):    -0.1377E-03   -0.3647E-02    0.3567E-01
# Minimization at step:    16 with Value:     0.0000Tol(Act/Req):0.2000E+01/0.1000E-04
# With parameters(tra.):    -0.1178E-02   -0.1703E-02    0.3389E-01
# With parameters(rot.):     0.8275E-03    0.3938E-03    0.3389E-01
# Minimization at step:    17 with Value:     0.0000Tol(Act/Req):0.2000E+01/0.1000E-04
# With parameters(tra.):     0.5079E-05   -0.1481E-02    0.3452E-01
# With parameters(rot.):    -0.1210E-02   -0.8788E-03    0.3452E-01
# Minimization at step:    18 with Value:     0.0000Tol(Act/Req):0.2000E+01/0.1000E-04
# With parameters(tra.):     0.3269E-03   -0.6911E-03    0.3372E-01
# With parameters(rot.):    -0.2396E-02    0.1597E-02    0.3372E-01
# Minimization at step:    19 with Value:     0.0000Tol(Act/Req):0.2000E+01/0.1000E-04
# With parameters(tra.):     0.9122E-03   -0.4823E-03    0.3270E-01
# With parameters(rot.):    -0.6257E-03    0.2101E-02    0.3270E-01
# Minimization at step:    20 with Value:     0.0000Tol(Act/Req):0.1999E+01/0.1000E-04
# With parameters(tra.):     0.9002E-03    0.1880E-03    0.3329E-01
# With parameters(rot.):    -0.1472E-02    0.5081E-03    0.3329E-01
# Minimization at step:    21 with Value:     0.0000Tol(Act/Req):0.1999E+01/0.1000E-04
# With parameters(tra.):     0.5323E-03    0.4942E-03    0.3267E-01
# With parameters(rot.):    -0.5182E-03    0.1491E-02    0.3267E-01
# Minimization at step:    22 with Value:     0.0000Tol(Act/Req):0.1998E+01/0.1000E-04
# With parameters(tra.):     0.4227E-03    0.3955E-03    0.3280E-01
# With parameters(rot.):     0.5439E-03    0.2264E-03    0.3280E-01
# Minimization at step:    23 with Value:     0.0000Tol(Act/Req):0.1998E+01/0.1000E-04
# With parameters(tra.):    -0.1306E-03    0.5489E-03    0.3352E-01
# With parameters(rot.):    -0.2461E-03   -0.7345E-03    0.3352E-01
# Minimization at step:    24 with Value:     0.0000Tol(Act/Req):0.1998E+01/0.1000E-04
# With parameters(tra.):    -0.2145E-03    0.4673E-03    0.3344E-01
# With parameters(rot.):    -0.3036E-05   -0.5725E-03    0.3344E-01
# Minimization at step:    25 with Value:     0.0000Tol(Act/Req):0.1998E+01/0.1000E-04
# With parameters(tra.):    -0.8319E-04    0.4221E-03    0.3326E-01
# With parameters(rot.):     0.2147E-03   -0.3188E-03    0.3326E-01
# Minimization at step:    26 with Value:     0.0000Tol(Act/Req):0.1996E+01/0.1000E-04
# With parameters(tra.):    -0.7316E-04    0.3651E-03    0.3341E-01
# With parameters(rot.):     0.1169E-03   -0.6334E-03    0.3341E-01
# Minimization at step:    27 with Value:     0.0000Tol(Act/Req):0.1994E+01/0.1000E-04
# With parameters(tra.):    -0.9622E-04    0.3790E-03    0.3344E-01
# With parameters(rot.):    -0.9568E-04   -0.4943E-03    0.3344E-01
# Minimization at step:    28 with Value:     0.0000Tol(Act/Req):0.1993E+01/0.1000E-04
# With parameters(tra.):    -0.2246E-03    0.1863E-03    0.3327E-01
# With parameters(rot.):     0.3596E-03   -0.1443E-03    0.3327E-01
# Minimization at step:    29 with Value:     0.0000Tol(Act/Req):0.1991E+01/0.1000E-04
# With parameters(tra.):    -0.1707E-03    0.1441E-03    0.3318E-01
# With parameters(rot.):     0.4806E-03   -0.2851E-05    0.3318E-01
# Minimization at step:    30 with Value:     0.0000Tol(Act/Req):0.1990E+01/0.1000E-04
# With parameters(tra.):    -0.1341E-03    0.1887E-03    0.3322E-01
# With parameters(rot.):     0.3769E-03   -0.7858E-04    0.3322E-01
# Minimization at step:    31 with Value:     0.0000Tol(Act/Req):0.1987E+01/0.1000E-04
# With parameters(tra.):    -0.1343E-03    0.5908E-04    0.3340E-01
# With parameters(rot.):     0.2951E-03   -0.4119E-03    0.3340E-01
# Minimization at step:    32 with Value:     0.0000Tol(Act/Req):0.1976E+01/0.1000E-04
# With parameters(tra.):    -0.1784E-03   -0.3872E-07    0.3343E-01
# With parameters(rot.):     0.7390E-04   -0.1826E-03    0.3343E-01
# Minimization at step:    33 with Value:     0.0000Tol(Act/Req):0.1971E+01/0.1000E-04
# With parameters(tra.):    -0.9954E-04   -0.9941E-04    0.3335E-01
# With parameters(rot.):     0.1537E-03   -0.1537E-04    0.3335E-01
# Minimization at step:    34 with Value:     0.0000Tol(Act/Req):0.1956E+01/0.1000E-04
# With parameters(tra.):    -0.7836E-04   -0.1011E-03    0.3338E-01
# With parameters(rot.):     0.8319E-04   -0.4796E-04    0.3338E-01
# Minimization at step:    35 with Value:     0.0000Tol(Act/Req):0.1936E+01/0.1000E-04
# With parameters(tra.):    -0.7366E-04   -0.9283E-04    0.3335E-01
# With parameters(rot.):     0.7915E-04    0.3791E-04    0.3335E-01
# Minimization at step:    36 with Value:     0.0000Tol(Act/Req):0.1903E+01/0.1000E-04
# With parameters(tra.):    -0.2541E-04   -0.8647E-04    0.3331E-01
# With parameters(rot.):     0.1911E-03   -0.2163E-04    0.3331E-01
# Minimization at step:    37 with Value:     0.0000Tol(Act/Req):0.1899E+01/0.1000E-04
# With parameters(tra.):    -0.5331E-04   -0.1591E-04    0.3335E-01
# With parameters(rot.):     0.1504E-03   -0.1352E-03    0.3335E-01
# Minimization at step:    38 with Value:     0.0000Tol(Act/Req):0.1884E+01/0.1000E-04
# With parameters(tra.):    -0.4063E-04   -0.9652E-05    0.3336E-01
# With parameters(rot.):     0.1207E-03   -0.1587E-03    0.3336E-01
# Minimization at step:    39 with Value:     0.0000Tol(Act/Req):0.1836E+01/0.1000E-04
# With parameters(tra.):    -0.3260E-04   -0.2677E-04    0.3335E-01
# With parameters(rot.):     0.1284E-03   -0.1323E-03    0.3335E-01
# Minimization at step:    40 with Value:     0.0000Tol(Act/Req):0.1771E+01/0.1000E-04
# With parameters(tra.):    -0.1529E-04    0.2134E-05    0.3331E-01
# With parameters(rot.):     0.1347E-03   -0.4607E-04    0.3331E-01
# Minimization at step:    41 with Value:     0.0000Tol(Act/Req):0.1690E+01/0.1000E-04
# With parameters(tra.):    -0.3689E-04    0.2110E-04    0.3332E-01
# With parameters(rot.):     0.6465E-04   -0.2241E-04    0.3332E-01
# Minimization at step:    42 with Value:     0.0000Tol(Act/Req):0.1653E+01/0.1000E-04
# With parameters(tra.):    -0.1029E-04    0.4387E-04    0.3333E-01
# With parameters(rot.):    -0.1333E-04   -0.2409E-04    0.3333E-01
# Minimization at step:    43 with Value:     0.0000Tol(Act/Req):0.1625E+01/0.1000E-04
# With parameters(tra.):     0.7332E-05    0.3585E-04    0.3332E-01
# With parameters(rot.):    -0.3720E-04    0.4260E-04    0.3332E-01
# Minimization at step:    44 with Value:     0.0000Tol(Act/Req):0.1413E+01/0.1000E-04
# With parameters(tra.):     0.2151E-05    0.2949E-04    0.3331E-01
# With parameters(rot.):    -0.1970E-04    0.4857E-04    0.3331E-01
# Minimization at step:    45 with Value:     0.0000Tol(Act/Req):0.1346E+01/0.1000E-04
# With parameters(tra.):    -0.2143E-05    0.2188E-04    0.3334E-01
# With parameters(rot.):    -0.6143E-04    0.2911E-04    0.3334E-01
# Minimization at step:    46 with Value:     0.0000Tol(Act/Req):0.1134E+01/0.1000E-04
# With parameters(tra.):     0.4352E-05    0.1879E-04    0.3334E-01
# With parameters(rot.):    -0.6027E-04    0.2946E-04    0.3334E-01
# Minimization at step:    47 with Value:     0.0000Tol(Act/Req):0.1105E+01/0.1000E-04
# With parameters(tra.):    -0.8389E-05    0.1844E-04    0.3335E-01
# With parameters(rot.):    -0.5203E-04   -0.1938E-04    0.3335E-01
# Minimization at step:    48 with Value:     0.0000Tol(Act/Req):0.1032E+01/0.1000E-04
# With parameters(tra.):    -0.1880E-04    0.6138E-05    0.3336E-01
# With parameters(rot.):    -0.3386E-04   -0.2740E-04    0.3336E-01
# Minimization at step:    49 with Value:     0.0000Tol(Act/Req):0.8311E+00/0.1000E-04
# With parameters(tra.):    -0.1184E-04    0.3320E-05    0.3335E-01
# With parameters(rot.):    -0.3549E-04    0.7225E-05    0.3335E-01
# Minimization at step:    50 with Value:     0.0000Tol(Act/Req):0.7654E+00/0.1000E-04
# With parameters(tra.):    -0.1221E-04    0.2207E-05    0.3333E-01
# With parameters(rot.):     0.9755E-06    0.1291E-04    0.3333E-01
# Minimization at step:    51 with Value:     0.0000Tol(Act/Req):0.6694E+00/0.1000E-04
# With parameters(tra.):    -0.6610E-05   -0.6582E-05    0.3333E-01
# With parameters(rot.):     0.1804E-04    0.9293E-05    0.3333E-01
# Minimization at step:    52 with Value:     0.0000Tol(Act/Req):0.5262E+00/0.1000E-04
# With parameters(tra.):    -0.6051E-05   -0.7037E-05    0.3333E-01
# With parameters(rot.):     0.1034E-04    0.7572E-05    0.3333E-01
# Minimization at step:    53 with Value:     0.0000Tol(Act/Req):0.4047E+00/0.1000E-04
# With parameters(tra.):    -0.3254E-05   -0.6084E-05    0.3333E-01
# With parameters(rot.):     0.1100E-04    0.1182E-04    0.3333E-01
# Minimization at step:    54 with Value:     0.0000Tol(Act/Req):0.2636E+00/0.1000E-04
# With parameters(tra.):    -0.3698E-05   -0.6398E-05    0.3333E-01
# With parameters(rot.):     0.1515E-04    0.6435E-05    0.3333E-01
# Minimization at step:    55 with Value:     0.0000Tol(Act/Req):0.2449E+00/0.1000E-04
# With parameters(tra.):    -0.6461E-05   -0.4767E-06    0.3333E-01
# With parameters(rot.):     0.2805E-05    0.7891E-05    0.3333E-01
# Minimization at step:    56 with Value:     0.0000Tol(Act/Req):0.2268E+00/0.1000E-04
# With parameters(tra.):    -0.6216E-05   -0.1572E-06    0.3333E-01
# With parameters(rot.):    -0.1671E-05    0.7057E-05    0.3333E-01
# Minimization at step:    57 with Value:     0.0000Tol(Act/Req):0.1780E+00/0.1000E-04
# With parameters(tra.):    -0.4082E-05   -0.4518E-05    0.3333E-01
# With parameters(rot.):     0.6465E-05    0.5756E-05    0.3333E-01
# Minimization at step:    58 with Value:     0.0000Tol(Act/Req):0.1200E+00/0.1000E-04
# With parameters(tra.):    -0.9390E-07   -0.2698E-05    0.3333E-01
# With parameters(rot.):     0.6315E-05    0.1062E-04    0.3333E-01
# Minimization at step:    59 with Value:     0.0000Tol(Act/Req):0.7993E-01/0.1000E-04
# With parameters(tra.):     0.1418E-06   -0.2244E-05    0.3333E-01
# With parameters(rot.):     0.1033E-04    0.3580E-05    0.3333E-01
# Minimization at step:    60 with Value:     0.0000Tol(Act/Req):0.7351E-01/0.1000E-04
# With parameters(tra.):     0.2752E-05   -0.2301E-05    0.3333E-01
# With parameters(rot.):     0.5374E-05    0.7528E-06    0.3333E-01
# Minimization at step:    61 with Value:     0.0000Tol(Act/Req):0.6536E-01/0.1000E-04
# With parameters(tra.):     0.2966E-05   -0.1389E-05    0.3333E-01
# With parameters(rot.):     0.3927E-05    0.5526E-06    0.3333E-01
# Minimization at step:    62 with Value:     0.0000Tol(Act/Req):0.4012E-01/0.1000E-04
# With parameters(tra.):     0.2331E-05   -0.1299E-05    0.3333E-01
# With parameters(rot.):     0.5045E-05    0.1243E-05    0.3333E-01
# Minimization at step:    63 with Value:     0.0000Tol(Act/Req):0.2965E-01/0.1000E-04
# With parameters(tra.):     0.1868E-05   -0.1486E-05    0.3333E-01
# With parameters(rot.):     0.4964E-05   -0.3483E-06    0.3333E-01
# Minimization at step:    64 with Value:     0.0000Tol(Act/Req):0.2195E-01/0.1000E-04
# With parameters(tra.):     0.2182E-05   -0.1523E-05    0.3333E-01
# With parameters(rot.):     0.1617E-05    0.2188E-05    0.3333E-01
# Minimization at step:    65 with Value:     0.0000Tol(Act/Req):0.1893E-01/0.1000E-04
# With parameters(tra.):     0.2307E-05   -0.1890E-06    0.3333E-01
# With parameters(rot.):    -0.1131E-05    0.2296E-05    0.3333E-01
# Minimization at step:    66 with Value:     0.0000Tol(Act/Req):0.1205E-01/0.1000E-04
# With parameters(tra.):     0.1349E-05    0.2237E-06    0.3333E-01
# With parameters(rot.):    -0.9981E-06    0.3595E-05    0.3333E-01
# Minimization at step:    67 with Value:     0.0000Tol(Act/Req):0.8341E-02/0.1000E-04
# With parameters(tra.):     0.5254E-06    0.3707E-06    0.3333E-01
# With parameters(rot.):    -0.2610E-05    0.2194E-05    0.3333E-01
# Minimization at step:    68 with Value:     0.0000Tol(Act/Req):0.6240E-02/0.1000E-04
# With parameters(tra.):    -0.4574E-07    0.8628E-06    0.3333E-01
# With parameters(rot.):    -0.1993E-05    0.9273E-06    0.3333E-01
# Minimization at step:    69 with Value:     0.0000Tol(Act/Req):0.3527E-02/0.1000E-04
# With parameters(tra.):    -0.6964E-06    0.4588E-06    0.3333E-01
# With parameters(rot.):    -0.8350E-06    0.5309E-06    0.3333E-01
# Minimization at step:    70 with Value:     0.0000Tol(Act/Req):0.2609E-02/0.1000E-04
# With parameters(tra.):    -0.7287E-06    0.3113E-06    0.3333E-01
# With parameters(rot.):    -0.8604E-06   -0.8843E-06    0.3333E-01
# Minimization at step:    71 with Value:     0.0000Tol(Act/Req):0.1802E-02/0.1000E-04
# With parameters(tra.):    -0.6304E-06    0.2228E-06    0.3333E-01
# With parameters(rot.):     0.3827E-06   -0.9534E-06    0.3333E-01
# Minimization at step:    72 with Value:     0.0000Tol(Act/Req):0.1683E-02/0.1000E-04
# With parameters(tra.):    -0.4445E-06   -0.3185E-06    0.3333E-01
# With parameters(rot.):     0.7637E-06   -0.7360E-06    0.3333E-01
# Minimization at step:    73 with Value:     0.0000Tol(Act/Req):0.1389E-02/0.1000E-04
# With parameters(tra.):    -0.5626E-07   -0.3108E-06    0.3333E-01
# With parameters(rot.):     0.5842E-06   -0.8545E-06    0.3333E-01
# Minimization at step:    74 with Value:     0.0000Tol(Act/Req):0.9733E-03/0.1000E-04
# With parameters(tra.):    -0.7037E-07   -0.1749E-06    0.3333E-01
# With parameters(rot.):     0.4740E-06   -0.9188E-06    0.3333E-01
# Minimization at step:    75 with Value:     0.0000Tol(Act/Req):0.6965E-03/0.1000E-04
# With parameters(tra.):     0.1104E-06   -0.2226E-06    0.3333E-01
# With parameters(rot.):     0.8204E-06   -0.2198E-06    0.3333E-01
# Minimization at step:    76 with Value:     0.0000Tol(Act/Req):0.3956E-03/0.1000E-04
# With parameters(tra.):     0.1557E-06   -0.2450E-06    0.3333E-01
# With parameters(rot.):     0.6497E-06   -0.1471E-06    0.3333E-01
# Minimization at step:    77 with Value:     0.0000Tol(Act/Req):0.3886E-03/0.1000E-04
# With parameters(tra.):    -0.3245E-07   -0.2282E-06    0.3333E-01
# With parameters(rot.):     0.7911E-06    0.1677E-06    0.3333E-01
# Minimization at step:    78 with Value:     0.0000Tol(Act/Req):0.3867E-03/0.1000E-04
# With parameters(tra.):    -0.4803E-07    0.2600E-07    0.3333E-01
# With parameters(rot.):     0.6764E-06    0.4014E-06    0.3333E-01
# Minimization at step:    79 with Value:     0.0000Tol(Act/Req):0.3782E-03/0.1000E-04
# With parameters(tra.):     0.1350E-06    0.9391E-07    0.3333E-01
# With parameters(rot.):     0.4967E-06    0.1645E-06    0.3333E-01
# Minimization at step:    80 with Value:     0.0000Tol(Act/Req):0.2774E-03/0.1000E-04
# With parameters(tra.):     0.1541E-06    0.3602E-07    0.3333E-01
# With parameters(rot.):     0.5104E-06    0.8634E-07    0.3333E-01
# Minimization at step:    81 with Value:     0.0000Tol(Act/Req):0.2763E-03/0.1000E-04
# With parameters(tra.):     0.1100E-06    0.1422E-07    0.3333E-01
# With parameters(rot.):     0.5565E-06    0.1391E-06    0.3333E-01
# Minimization at step:    82 with Value:     0.0000Tol(Act/Req):0.2009E-03/0.1000E-04
# With parameters(tra.):    -0.1070E-07    0.1250E-06    0.3333E-01
# With parameters(rot.):     0.2376E-06   -0.2073E-06    0.3333E-01
# Minimization at step:    83 with Value:     0.0000Tol(Act/Req):0.1979E-03/0.1000E-04
# With parameters(tra.):    -0.1892E-08    0.1447E-06    0.3333E-01
# With parameters(rot.):     0.1179E-06   -0.1760E-06    0.3333E-01
# Minimization at step:    84 with Value:     0.0000Tol(Act/Req):0.9752E-04/0.1000E-04
# With parameters(tra.):     0.2901E-07    0.1186E-06    0.3333E-01
# With parameters(rot.):     0.1877E-06   -0.8683E-07    0.3333E-01
# Minimization at step:    85 with Value:     0.0000Tol(Act/Req):0.5468E-04/0.1000E-04
# With parameters(tra.):     0.2644E-07    0.5240E-07    0.3333E-01
# With parameters(rot.):     0.1275E-06   -0.2474E-06    0.3333E-01
# Minimization at step:    86 with Value:     0.0000Tol(Act/Req):0.4028E-04/0.1000E-04
# With parameters(tra.):    -0.6066E-07    0.2924E-07    0.3333E-01
# With parameters(rot.):     0.8938E-07   -0.2649E-06    0.3333E-01
# Minimization at step:    87 with Value:     0.0000Tol(Act/Req):0.3794E-04/0.1000E-04
# With parameters(tra.):    -0.6215E-07    0.2986E-07    0.3333E-01
# With parameters(rot.):    -0.9730E-07   -0.2402E-06    0.3333E-01
# Minimization at step:    88 with Value:     0.0000Tol(Act/Req):0.1839E-04/0.1000E-04
# With parameters(tra.):    -0.3860E-07   -0.3142E-07    0.3333E-01
# With parameters(rot.):    -0.6393E-07   -0.1447E-06    0.3333E-01
# Minimization at step:    89 with Value:     0.0000Tol(Act/Req):0.1418E-04/0.1000E-04
# With parameters(tra.):    -0.5357E-07   -0.1928E-07    0.3333E-01
# With parameters(rot.):    -0.8172E-07   -0.3876E-07    0.3333E-01
# Minimization at step:    90 with Value:     0.0000Tol(Act/Req):0.1220E-04/0.1000E-04
# With parameters(tra.):    -0.8248E-08   -0.1983E-07    0.3333E-01
# With parameters(rot.):    -0.1054E-06    0.2655E-07    0.3333E-01
# Minimization at step:    91 with Value:     0.0000Tol(Act/Req):0.6589E-05/0.1000E-04
# With parameters(tra.):     0.5971E-08   -0.3256E-07    0.3333E-01
# With parameters(rot.):    -0.1412E-07    0.8086E-07    0.3333E-01
# CSM Values after z minimization.
# Final Number of optim. Steps:    91
#      Before min is:      0.00000000009
# Final CSM Simplex Value is:      0.00000000009
# CSM Summary.
#    Inizial CSM Value is:      0.00000000009
#   After optimization is:      0.00000000009
#          Along x axe is:      0.00000000009
#          Along y axe is:      0.00000000009
#          Along z axe is:      0.00000000009
# The Lowest CSM Value is:      0.00000000009
#    Obtained CSM in % is:      0.00000000884
