# [csmmod_rdinput] messages reinitialized.
# MESLOG:[csmmod_rdinput] messages reinitialized.
# Input  file unit is: 5
# Input  file name is:stdin
# Output file unit is: 6
# Output file name is:stdout
# Error  file unit is: 6
# Error  file name is:stderr
# Log    file unit is: 6
# Log    file name is:stdlog
# MESLOG:[csm_rdinput] molecule_init called with debug.
[molecule] Nrec=   4 Format=nscxyz
  h                1    1    0.00000000D+00   0.00000000D+00   0.10000000D+01
  h                2    1   -0.94280000D+00   0.00000000D+00  -0.33333300D+00
  h                3    1    0.47140000D+00   0.81650000D+00  -0.33333300D+00
  h                4    1    0.47140000D+00  -0.81650000D+00  -0.33333300D+00
# Molecule moved to the center of mass
# Shift Vector is:        0.00000000       0.00000000       0.00000013
# Inertia Tensor: (Before Diagonalization)
# Up Diagonal Columnwise
#    0.74674524D+00  -0.00000000D+00   0.74673495D+00  -0.00000000D+00  -0.00000000D+00   0.74673826D+00
# Inertia Tensor: (Full Matrix)
# 1,1 - 1,3           0.74674524D+00  -0.00000000D+00  -0.00000000D+00
# 2,1 - 2,3          -0.00000000D+00   0.74673495D+00  -0.00000000D+00
# 3,1 - 3,3          -0.00000000D+00  -0.00000000D+00   0.74673826D+00
# Inertia Tensor
# Inertia EigenValues:     0.74673495D+00   0.74673826D+00   0.74674524D+00
# Eigen Vectors:
# 1,1 - 1,3           0.00000000D+00   0.00000000D+00   0.10000000D+01
# 2,1 - 2,3           0.10000000D+01   0.00000000D+00   0.00000000D+00
# 3,1 - 3,3           0.00000000D+00   0.10000000D+01   0.00000000D+00
# Molecule Rotated to match inertia axes
[molecule] Nrec=   4 Format=nscxyz
  h                1    1    0.00000000D+00   0.99999975D+00   0.00000000D+00
  h                2    1    0.00000000D+00  -0.33333325D+00  -0.94280000D+00
  h                3    1    0.81650000D+00  -0.33333325D+00   0.47140000D+00
  h                4    1   -0.81650000D+00  -0.33333325D+00   0.47140000D+00
# Initial Integrals follow ...
# INT: Number of electrons from integrated RHO:      4.00000069311
# INT: \int \rho \rho dr:       6.34653227708
# INT: \int \rho \tilde{\rho} dr/ng:       5.14929885676
# INT: \int \rho \tilde{\rho}m dr/ng:       4.91424210575
#  DEBUG     \int rr  =      6.34653227708
#  DEBUG     \int rr~ =      5.14929885676
#  DEBUG     \int rr~ =      5.14929885676
#  DEBUG     CSM value =      0.18864371409
#  DEBUG     CSM value =      0.18864371409
# Number of electrons =      4.00000069311
# Initial rho^2 value =      6.34653227708
#  Initial rrii value =      5.42831120735
#  Initial rrij value =      0.91822106973
#  Initial imj  value =      5.14929885676
#  Initial impj value =      4.91424210575
#  Initial CSM  value =      0.18864371409
#  Initial CSM% value =     18.86437140881
[molecule] Nrec=   4 Format=nscxyz
  h                1    1    0.00000000D+00   0.99999975D+00   0.00000000D+00
  h                2    1    0.00000000D+00  -0.33333325D+00  -0.94280000D+00
  h                3    1    0.81650000D+00  -0.33333325D+00   0.47140000D+00
  h                4    1   -0.81650000D+00  -0.33333325D+00   0.47140000D+00
# Request Simplex: Run it with internal procedure. NOT IMPLEMENTED!
# Request for Simplex: Initial Coordinates.
[molecule] Nrec=   4 Format=nscxyz
  h                1    1    0.00000000D+00   0.99999975D+00   0.00000000D+00
  h                2    1    0.00000000D+00  -0.33333325D+00  -0.94280000D+00
  h                3    1    0.81650000D+00  -0.33333325D+00   0.47140000D+00
  h                4    1   -0.81650000D+00  -0.33333325D+00   0.47140000D+00
# Minimization at step:     0 with Value:     0.2014Tol(Act/Req):0.1264E+00/0.1000E-04
# With parameters(tra.):     0.1429E-01    0.1429E-01    0.1429E-01
# With parameters(rot.):     0.1429E-01    0.1429E-01    0.1429E-01
# Minimization at step:     1 with Value:     0.1990Tol(Act/Req):0.1204E+00/0.1000E-04
# With parameters(tra.):     0.7143E-02    0.1548E-01    0.1548E-01
# With parameters(rot.):     0.1548E-01    0.1548E-01    0.1548E-01
# Minimization at step:     2 with Value:     0.1967Tol(Act/Req):0.7772E-01/0.1000E-04
# With parameters(tra.):     0.7738E-02    0.1677E-01    0.8433E-02
# With parameters(rot.):     0.1677E-01    0.1677E-01    0.1677E-01
# Minimization at step:     3 with Value:     0.1953Tol(Act/Req):0.5707E-01/0.1000E-04
# With parameters(tra.):     0.8383E-02    0.9830E-02    0.9135E-02
# With parameters(rot.):     0.1816E-01    0.1816E-01    0.1816E-01
# Minimization at step:     4 with Value:     0.1924Tol(Act/Req):0.9665E-01/0.1000E-04
# With parameters(tra.):     0.1257E-01    0.1474E-01    0.1370E-01
# With parameters(rot.):     0.2724E-01    0.2724E-01   -0.2276E-01
# Minimization at step:     5 with Value:     0.1915Tol(Act/Req):0.9457E-01/0.1000E-04
# With parameters(tra.):     0.9921E-04    0.1688E-01    0.1549E-01
# With parameters(rot.):     0.3355E-01    0.3355E-01   -0.3312E-01
# Minimization at step:     6 with Value:     0.1884Tol(Act/Req):0.1152E+00/0.1000E-04
# With parameters(tra.):     0.1488E-03    0.2532E-01    0.2324E-01
# With parameters(rot.):     0.3224E-03    0.5032E-01   -0.4968E-01
# Minimization at step:     7 with Value:     0.1855Tol(Act/Req):0.1001E+00/0.1000E-04
# With parameters(tra.):    -0.1190E-02    0.3075E-01    0.1409E-01
# With parameters(rot.):    -0.2579E-02    0.6409E-01   -0.6925E-01
# Minimization at step:     8 with Value:     0.1807Tol(Act/Req):0.1881E+00/0.1000E-04
# With parameters(tra.):    -0.4043E-02    0.2041E-01    0.1867E-01
# With parameters(rot.):    -0.8759E-02    0.9124E-01   -0.1088E+00
# Minimization at step:     9 with Value:     0.1748Tol(Act/Req):0.2307E+00/0.1000E-04
# With parameters(tra.):    -0.6064E-02    0.3061E-01    0.2801E-01
# With parameters(rot.):    -0.1314E-01    0.8686E-01   -0.1631E+00
# Minimization at step:    10 with Value:     0.1658Tol(Act/Req):0.3781E+00/0.1000E-04
# With parameters(tra.):     0.9567E-02    0.3427E-01    0.3158E-01
# With parameters(rot.):    -0.4594E-01    0.1041E+00   -0.2126E+00
# Minimization at step:    11 with Value:     0.1611Tol(Act/Req):0.3299E+00/0.1000E-04
# With parameters(tra.):     0.1276E-01    0.4569E-01    0.4211E-01
# With parameters(rot.):    -0.6125E-01    0.1387E+00   -0.2835E+00
# Minimization at step:    12 with Value:     0.1531Tol(Act/Req):0.3531E+00/0.1000E-04
# With parameters(tra.):     0.7228E-02    0.4946E-01    0.4548E-01
# With parameters(rot.):    -0.1029E+00    0.1638E+00   -0.3158E+00
# Minimization at step:    13 with Value:     0.1504Tol(Act/Req):0.3471E+00/0.1000E-04
# With parameters(tra.):     0.1137E-01    0.5026E-01    0.6510E-01
# With parameters(rot.):    -0.1334E+00    0.1833E+00   -0.3784E+00
# Minimization at step:    14 with Value:     0.1472Tol(Act/Req):0.2578E+00/0.1000E-04
# With parameters(tra.):     0.1505E-01    0.4732E-01    0.6873E-01
# With parameters(rot.):    -0.1336E+00    0.2052E+00   -0.4660E+00
# Minimization at step:    15 with Value:     0.1432Tol(Act/Req):0.2422E+00/0.1000E-04
# With parameters(tra.):     0.1759E-01    0.5301E-01    0.7137E-01
# With parameters(rot.):    -0.1420E+00    0.2057E+00   -0.4825E+00
# Minimization at step:    16 with Value:     0.1406Tol(Act/Req):0.2307E+00/0.1000E-04
# With parameters(tra.):     0.1552E-01    0.5312E-01    0.5384E-01
# With parameters(rot.):    -0.1143E+00    0.1937E+00   -0.4546E+00
# Minimization at step:    17 with Value:     0.1321Tol(Act/Req):0.4556E+00/0.1000E-04
# With parameters(tra.):     0.1212E-01    0.3970E-01    0.4392E-01
# With parameters(rot.):    -0.1179E+00    0.1691E+00   -0.4339E+00
# Minimization at step:    18 with Value:     0.1274Tol(Act/Req):0.4507E+00/0.1000E-04
# With parameters(tra.):     0.1095E-01    0.3980E-01    0.4095E-01
# With parameters(rot.):    -0.1165E+00    0.1606E+00   -0.4094E+00
# Minimization at step:    19 with Value:     0.1217Tol(Act/Req):0.3712E+00/0.1000E-04
# With parameters(tra.):     0.1932E-01    0.2926E-01    0.3281E-01
# With parameters(rot.):    -0.1452E+00    0.1910E+00   -0.4189E+00
# Minimization at step:    20 with Value:     0.1172Tol(Act/Req):0.3145E+00/0.1000E-04
# With parameters(tra.):     0.2266E-01    0.2120E-01    0.4333E-01
# With parameters(rot.):    -0.1831E+00    0.2022E+00   -0.4349E+00
# Minimization at step:    21 with Value:     0.1109Tol(Act/Req):0.3759E+00/0.1000E-04
# With parameters(tra.):     0.2943E-01    0.2197E-01    0.3927E-01
# With parameters(rot.):    -0.2135E+00    0.2019E+00   -0.4523E+00
# Minimization at step:    22 with Value:     0.1059Tol(Act/Req):0.3359E+00/0.1000E-04
# With parameters(tra.):     0.1521E-01    0.1300E-01    0.3707E-01
# With parameters(rot.):    -0.2256E+00    0.2116E+00   -0.4662E+00
# Minimization at step:    23 with Value:     0.1018Tol(Act/Req):0.3030E+00/0.1000E-04
# With parameters(tra.):     0.2340E-01   -0.2920E-02    0.3089E-01
# With parameters(rot.):    -0.2249E+00    0.2024E+00   -0.4840E+00
# Minimization at step:    24 with Value:     0.0990Tol(Act/Req):0.2425E+00/0.1000E-04
# With parameters(tra.):     0.2522E-01   -0.1696E-01    0.2159E-01
# With parameters(rot.):    -0.2583E+00    0.1994E+00   -0.4597E+00
# Minimization at step:    25 with Value:     0.0934Tol(Act/Req):0.3876E+00/0.1000E-04
# With parameters(tra.):     0.1563E-01   -0.2426E-01    0.2818E-01
# With parameters(rot.):    -0.2719E+00    0.1579E+00   -0.4658E+00
# Minimization at step:    26 with Value:     0.0887Tol(Act/Req):0.3026E+00/0.1000E-04
# With parameters(tra.):     0.9941E-02   -0.3135E-01    0.1261E-01
# With parameters(rot.):    -0.2636E+00    0.1320E+00   -0.4601E+00
# Minimization at step:    27 with Value:     0.0861Tol(Act/Req):0.2669E+00/0.1000E-04
# With parameters(tra.):     0.3023E-02   -0.2210E-01    0.1891E-01
# With parameters(rot.):    -0.2320E+00    0.1126E+00   -0.4844E+00
# Minimization at step:    28 with Value:     0.0849Tol(Act/Req):0.2512E+00/0.1000E-04
# With parameters(tra.):     0.4530E-02   -0.2481E-01    0.2381E-01
# With parameters(rot.):    -0.2653E+00    0.1265E+00   -0.5289E+00
# Minimization at step:    29 with Value:     0.0809Tol(Act/Req):0.3348E+00/0.1000E-04
# With parameters(tra.):    -0.9950E-02   -0.1619E-01    0.2763E-01
# With parameters(rot.):    -0.2794E+00    0.1104E+00   -0.5261E+00
# Minimization at step:    30 with Value:     0.0750Tol(Act/Req):0.5097E+00/0.1000E-04
# With parameters(tra.):    -0.4116E-02   -0.1694E-01    0.2669E-01
# With parameters(rot.):    -0.2852E+00    0.6698E-01   -0.5321E+00
# Minimization at step:    31 with Value:     0.0710Tol(Act/Req):0.5079E+00/0.1000E-04
# With parameters(tra.):    -0.8605E-02   -0.2038E-01    0.2665E-01
# With parameters(rot.):    -0.2836E+00    0.5581E-01   -0.5344E+00
# Minimization at step:    32 with Value:     0.0673Tol(Act/Req):0.4374E+00/0.1000E-04
# With parameters(tra.):    -0.1302E-01   -0.1724E-01    0.2369E-01
# With parameters(rot.):    -0.2632E+00    0.2768E-01   -0.5024E+00
# Minimization at step:    33 with Value:     0.0651Tol(Act/Req):0.3626E+00/0.1000E-04
# With parameters(tra.):    -0.1145E-01   -0.2486E-01    0.1898E-01
# With parameters(rot.):    -0.3052E+00    0.1876E-01   -0.4841E+00
# Minimization at step:    34 with Value:     0.0623Tol(Act/Req):0.3383E+00/0.1000E-04
# With parameters(tra.):    -0.1181E-01   -0.2255E-01    0.2340E-01
# With parameters(rot.):    -0.3108E+00    0.1579E-01   -0.4876E+00
# Minimization at step:    35 with Value:     0.0589Tol(Act/Req):0.2797E+00/0.1000E-04
# With parameters(tra.):    -0.8158E-02   -0.1224E-01    0.1302E-01
# With parameters(rot.):    -0.3055E+00    0.2372E-01   -0.4867E+00
# Minimization at step:    36 with Value:     0.0567Tol(Act/Req):0.2674E+00/0.1000E-04
# With parameters(tra.):    -0.4389E-02   -0.1407E-01    0.1085E-01
# With parameters(rot.):    -0.3042E+00    0.2054E-01   -0.4842E+00
# Minimization at step:    37 with Value:     0.0544Tol(Act/Req):0.2259E+00/0.1000E-04
# With parameters(tra.):    -0.4193E-02   -0.1127E-01    0.1135E-01
# With parameters(rot.):    -0.2936E+00    0.2292E-01   -0.4887E+00
# Minimization at step:    38 with Value:     0.0531Tol(Act/Req):0.1849E+00/0.1000E-04
# With parameters(tra.):     0.1691E-02   -0.1137E-01    0.9210E-02
# With parameters(rot.):    -0.3173E+00    0.4008E-01   -0.5055E+00
# Minimization at step:    39 with Value:     0.0522Tol(Act/Req):0.1073E+00/0.1000E-04
# With parameters(tra.):    -0.3854E-02   -0.1524E-01    0.3329E-02
# With parameters(rot.):    -0.3253E+00    0.1249E-01   -0.5005E+00
# Minimization at step:    40 with Value:     0.0509Tol(Act/Req):0.1496E+00/0.1000E-04
# With parameters(tra.):    -0.1925E-02   -0.8179E-02    0.5484E-02
# With parameters(rot.):    -0.3413E+00    0.5459E-02   -0.5117E+00
# Minimization at step:    41 with Value:     0.0496Tol(Act/Req):0.1772E+00/0.1000E-04
# With parameters(tra.):    -0.3775E-03   -0.6623E-02    0.7134E-02
# With parameters(rot.):    -0.3406E+00    0.1177E-01   -0.5138E+00
# Minimization at step:    42 with Value:     0.0484Tol(Act/Req):0.1523E+00/0.1000E-04
# With parameters(tra.):    -0.2021E-02   -0.6202E-02    0.7496E-02
# With parameters(rot.):    -0.3366E+00    0.5120E-02   -0.5104E+00
# Minimization at step:    43 with Value:     0.0473Tol(Act/Req):0.1299E+00/0.1000E-04
# With parameters(tra.):    -0.3305E-02   -0.5119E-02    0.6134E-02
# With parameters(rot.):    -0.3394E+00    0.1082E-01   -0.5070E+00
# Minimization at step:    44 with Value:     0.0471Tol(Act/Req):0.1213E+00/0.1000E-04
# With parameters(tra.):     0.4595E-02   -0.5789E-02    0.2158E-03
# With parameters(rot.):    -0.3485E+00    0.1210E-02   -0.5095E+00
# Minimization at step:    45 with Value:     0.0462Tol(Act/Req):0.1316E+00/0.1000E-04
# With parameters(tra.):     0.4745E-02   -0.7827E-02    0.1743E-02
# With parameters(rot.):    -0.3533E+00   -0.2649E-02   -0.5116E+00
# Minimization at step:    46 with Value:     0.0460Tol(Act/Req):0.1271E+00/0.1000E-04
# With parameters(tra.):     0.8116E-02   -0.1071E-02   -0.4568E-03
# With parameters(rot.):    -0.3521E+00   -0.6414E-02   -0.5284E+00
# Minimization at step:    47 with Value:     0.0457Tol(Act/Req):0.1055E+00/0.1000E-04
# With parameters(tra.):     0.1390E-02    0.1171E-02    0.5237E-02
# With parameters(rot.):    -0.3442E+00    0.6510E-03   -0.5322E+00
# Minimization at step:    48 with Value:     0.0450Tol(Act/Req):0.8872E-01/0.1000E-04
# With parameters(tra.):    -0.1357E-04   -0.3312E-03    0.6261E-02
# With parameters(rot.):    -0.3439E+00    0.2181E-02   -0.5284E+00
# Minimization at step:    49 with Value:     0.0444Tol(Act/Req):0.5813E-01/0.1000E-04
# With parameters(tra.):     0.1551E-02   -0.1017E-02    0.4923E-02
# With parameters(rot.):    -0.3458E+00    0.5423E-03   -0.5271E+00
# Minimization at step:    50 with Value:     0.0440Tol(Act/Req):0.3933E-01/0.1000E-04
# With parameters(tra.):     0.1358E-02   -0.2185E-02    0.4338E-02
# With parameters(rot.):    -0.3422E+00    0.1891E-02   -0.5256E+00
# Minimization at step:    51 with Value:     0.0437Tol(Act/Req):0.4531E-01/0.1000E-04
# With parameters(tra.):     0.8181E-03   -0.1640E-02    0.4256E-02
# With parameters(rot.):    -0.3407E+00   -0.1703E-02   -0.5251E+00
# Minimization at step:    52 with Value:     0.0434Tol(Act/Req):0.4363E-01/0.1000E-04
# With parameters(tra.):     0.1691E-02   -0.4465E-03    0.4841E-02
# With parameters(rot.):    -0.3404E+00    0.3298E-03   -0.5271E+00
# Minimization at step:    53 with Value:     0.0432Tol(Act/Req):0.2081E-01/0.1000E-04
# With parameters(tra.):     0.1466E-02    0.4841E-03    0.4052E-02
# With parameters(rot.):    -0.3419E+00    0.2304E-02   -0.5271E+00
# Minimization at step:    54 with Value:     0.0430Tol(Act/Req):0.2765E-01/0.1000E-04
# With parameters(tra.):     0.1267E-02    0.1576E-03    0.5008E-02
# With parameters(rot.):    -0.3434E+00    0.7876E-03   -0.5295E+00
# Minimization at step:    55 with Value:     0.0428Tol(Act/Req):0.2742E-01/0.1000E-04
# With parameters(tra.):     0.6726E-03   -0.5528E-03    0.5416E-02
# With parameters(rot.):    -0.3432E+00    0.1437E-02   -0.5276E+00
# Minimization at step:    56 with Value:     0.0427Tol(Act/Req):0.1899E-01/0.1000E-04
# With parameters(tra.):     0.2800E-02   -0.1465E-02    0.3531E-02
# With parameters(rot.):    -0.3454E+00   -0.7981E-03   -0.5259E+00
# Minimization at step:    57 with Value:     0.0426Tol(Act/Req):0.1183E-01/0.1000E-04
# With parameters(tra.):     0.2871E-02   -0.3038E-02    0.2451E-02
# With parameters(rot.):    -0.3408E+00    0.5526E-03   -0.5237E+00
# Minimization at step:    58 with Value:     0.0426Tol(Act/Req):0.1085E-01/0.1000E-04
# With parameters(tra.):     0.2475E-02   -0.2413E-02    0.1686E-02
# With parameters(rot.):    -0.3377E+00   -0.5884E-02   -0.5222E+00
# Minimization at step:    59 with Value:     0.0425Tol(Act/Req):0.9760E-02/0.1000E-04
# With parameters(tra.):     0.2361E-02   -0.1518E-02   -0.6810E-03
# With parameters(rot.):    -0.3393E+00   -0.4664E-02   -0.5206E+00
# Minimization at step:    60 with Value:     0.0425Tol(Act/Req):0.7898E-02/0.1000E-04
# With parameters(tra.):     0.2450E-02   -0.1599E-02   -0.6868E-03
# With parameters(rot.):    -0.3402E+00   -0.2954E-02   -0.5209E+00
# Minimization at step:    61 with Value:     0.0424Tol(Act/Req):0.6131E-02/0.1000E-04
# With parameters(tra.):     0.2950E-02   -0.1099E-02   -0.8549E-03
# With parameters(rot.):    -0.3401E+00   -0.2211E-02   -0.5214E+00
# Minimization at step:    62 with Value:     0.0424Tol(Act/Req):0.6086E-02/0.1000E-04
# With parameters(tra.):     0.1582E-02   -0.3681E-03   -0.1061E-02
# With parameters(rot.):    -0.3368E+00   -0.1192E-02   -0.5210E+00
# Minimization at step:    63 with Value:     0.0424Tol(Act/Req):0.7590E-02/0.1000E-04
# With parameters(tra.):     0.1360E-02   -0.7079E-03   -0.1397E-02
# With parameters(rot.):    -0.3362E+00   -0.1087E-02   -0.5196E+00
# Minimization at step:    64 with Value:     0.0423Tol(Act/Req):0.5755E-02/0.1000E-04
# With parameters(tra.):     0.1305E-02   -0.8643E-03   -0.8647E-03
# With parameters(rot.):    -0.3355E+00   -0.1093E-02   -0.5199E+00
# Minimization at step:    65 with Value:     0.0423Tol(Act/Req):0.3254E-02/0.1000E-04
# With parameters(tra.):     0.8782E-03    0.4652E-03   -0.1154E-02
# With parameters(rot.):    -0.3365E+00   -0.2180E-02   -0.5200E+00
# Minimization at step:    66 with Value:     0.0423Tol(Act/Req):0.3180E-02/0.1000E-04
# With parameters(tra.):     0.7465E-03    0.3276E-03   -0.1189E-02
# With parameters(rot.):    -0.3367E+00   -0.3186E-02   -0.5204E+00
# Minimization at step:    67 with Value:     0.0422Tol(Act/Req):0.3009E-02/0.1000E-04
# With parameters(tra.):     0.1019E-02    0.2029E-03   -0.1148E-02
# With parameters(rot.):    -0.3375E+00   -0.3607E-02   -0.5204E+00
# Minimization at step:    68 with Value:     0.0422Tol(Act/Req):0.1765E-02/0.1000E-04
# With parameters(tra.):     0.7208E-03    0.6407E-03   -0.1314E-02
# With parameters(rot.):    -0.3383E+00   -0.4028E-03   -0.5207E+00
# Minimization at step:    69 with Value:     0.0422Tol(Act/Req):0.2114E-02/0.1000E-04
# With parameters(tra.):     0.7850E-03    0.1036E-02   -0.1436E-02
# With parameters(rot.):    -0.3381E+00    0.1193E-03   -0.5209E+00
# Minimization at step:    70 with Value:     0.0422Tol(Act/Req):0.1750E-02/0.1000E-04
# With parameters(tra.):     0.5021E-03    0.1357E-02   -0.5625E-03
# With parameters(rot.):    -0.3376E+00    0.5102E-03   -0.5219E+00
# Minimization at step:    71 with Value:     0.0422Tol(Act/Req):0.1350E-02/0.1000E-04
# With parameters(tra.):     0.5584E-03    0.1307E-02   -0.4586E-03
# With parameters(rot.):    -0.3373E+00   -0.2147E-03   -0.5219E+00
# Minimization at step:    72 with Value:     0.0422Tol(Act/Req):0.8558E-03/0.1000E-04
# With parameters(tra.):     0.7365E-03    0.7011E-03   -0.3415E-04
# With parameters(rot.):    -0.3370E+00    0.1165E-02   -0.5225E+00
# Minimization at step:    73 with Value:     0.0422Tol(Act/Req):0.1089E-02/0.1000E-04
# With parameters(tra.):     0.5737E-03    0.6486E-03   -0.8851E-04
# With parameters(rot.):    -0.3367E+00    0.1405E-02   -0.5220E+00
# Minimization at step:    74 with Value:     0.0422Tol(Act/Req):0.1068E-02/0.1000E-04
# With parameters(tra.):     0.2528E-03    0.4803E-03    0.2075E-03
# With parameters(rot.):    -0.3371E+00    0.9246E-03   -0.5233E+00
# Minimization at step:    75 with Value:     0.0422Tol(Act/Req):0.9828E-03/0.1000E-04
# With parameters(tra.):     0.4700E-03    0.3627E-03    0.6077E-03
# With parameters(rot.):    -0.3382E+00    0.1426E-02   -0.5240E+00
# Minimization at step:    76 with Value:     0.0422Tol(Act/Req):0.8472E-03/0.1000E-04
# With parameters(tra.):     0.7422E-03   -0.2893E-03    0.1242E-03
# With parameters(rot.):    -0.3388E+00    0.1341E-02   -0.5237E+00
# Minimization at step:    77 with Value:     0.0422Tol(Act/Req):0.6537E-03/0.1000E-04
# With parameters(tra.):     0.5659E-03   -0.1367E-04   -0.2475E-03
# With parameters(rot.):    -0.3398E+00    0.1942E-04   -0.5236E+00
# Minimization at step:    78 with Value:     0.0422Tol(Act/Req):0.5477E-03/0.1000E-04
# With parameters(tra.):     0.4832E-03    0.1723E-03   -0.1576E-03
# With parameters(rot.):    -0.3398E+00   -0.6930E-04   -0.5237E+00
# Minimization at step:    79 with Value:     0.0422Tol(Act/Req):0.5643E-03/0.1000E-04
# With parameters(tra.):     0.5051E-03    0.5287E-04   -0.8051E-04
# With parameters(rot.):    -0.3398E+00   -0.4196E-03   -0.5238E+00
# Minimization at step:    80 with Value:     0.0422Tol(Act/Req):0.5572E-03/0.1000E-04
# With parameters(tra.):     0.5440E-03   -0.1050E-04    0.2632E-04
# With parameters(rot.):    -0.3396E+00   -0.1259E-03   -0.5239E+00
# Minimization at step:    81 with Value:     0.0422Tol(Act/Req):0.3649E-03/0.1000E-04
# With parameters(tra.):     0.5561E-03    0.9992E-04    0.8704E-04
# With parameters(rot.):    -0.3396E+00    0.1147E-03   -0.5242E+00
# Minimization at step:    82 with Value:     0.0422Tol(Act/Req):0.3384E-03/0.1000E-04
# With parameters(tra.):     0.5270E-03    0.9763E-04   -0.2304E-04
# With parameters(rot.):    -0.3395E+00   -0.7816E-04   -0.5241E+00
# Minimization at step:    83 with Value:     0.0421Tol(Act/Req):0.3822E-03/0.1000E-04
# With parameters(tra.):     0.6301E-03    0.1078E-03   -0.1163E-03
# With parameters(rot.):    -0.3396E+00   -0.4154E-04   -0.5239E+00
# Minimization at step:    84 with Value:     0.0421Tol(Act/Req):0.2131E-03/0.1000E-04
# With parameters(tra.):     0.4000E-03   -0.1061E-03   -0.2047E-03
# With parameters(rot.):    -0.3400E+00   -0.4274E-04   -0.5236E+00
# Minimization at step:    85 with Value:     0.0421Tol(Act/Req):0.1144E-03/0.1000E-04
# With parameters(tra.):     0.2068E-03    0.1730E-03   -0.4063E-04
# With parameters(rot.):    -0.3399E+00   -0.2113E-03   -0.5237E+00
# Minimization at step:    86 with Value:     0.0421Tol(Act/Req):0.1279E-03/0.1000E-04
# With parameters(tra.):     0.1929E-03    0.1233E-03    0.1226E-05
# With parameters(rot.):    -0.3399E+00   -0.3691E-03   -0.5237E+00
# Minimization at step:    87 with Value:     0.0421Tol(Act/Req):0.1270E-03/0.1000E-04
# With parameters(tra.):     0.2400E-03    0.4940E-04   -0.3631E-04
# With parameters(rot.):    -0.3400E+00   -0.3401E-03   -0.5237E+00
# Minimization at step:    88 with Value:     0.0421Tol(Act/Req):0.1138E-03/0.1000E-04
# With parameters(tra.):     0.2342E-03    0.2271E-04    0.1188E-04
# With parameters(rot.):    -0.3399E+00   -0.2111E-03   -0.5237E+00
# Minimization at step:    89 with Value:     0.0421Tol(Act/Req):0.1068E-03/0.1000E-04
# With parameters(tra.):     0.1953E-03    0.1532E-04   -0.4025E-04
# With parameters(rot.):    -0.3399E+00   -0.3186E-03   -0.5237E+00
# Minimization at step:    90 with Value:     0.0421Tol(Act/Req):0.6004E-04/0.1000E-04
# With parameters(tra.):     0.1712E-03    0.6348E-04   -0.2049E-04
# With parameters(rot.):    -0.3399E+00   -0.2344E-03   -0.5238E+00
# Minimization at step:    91 with Value:     0.0421Tol(Act/Req):0.4850E-04/0.1000E-04
# With parameters(tra.):     0.1845E-03    0.6487E-04   -0.5912E-04
# With parameters(rot.):    -0.3400E+00   -0.2322E-03   -0.5237E+00
# Minimization at step:    92 with Value:     0.0421Tol(Act/Req):0.3206E-04/0.1000E-04
# With parameters(tra.):     0.2049E-03    0.1148E-03   -0.3224E-04
# With parameters(rot.):    -0.3399E+00   -0.2478E-03   -0.5237E+00
# Minimization at step:    93 with Value:     0.0421Tol(Act/Req):0.3094E-04/0.1000E-04
# With parameters(tra.):     0.1835E-03    0.9208E-04    0.4944E-04
# With parameters(rot.):    -0.3397E+00   -0.2019E-05   -0.5237E+00
# Minimization at step:    94 with Value:     0.0421Tol(Act/Req):0.2501E-04/0.1000E-04
# With parameters(tra.):     0.1757E-03    0.6462E-04    0.7439E-04
# With parameters(rot.):    -0.3397E+00   -0.5033E-04   -0.5237E+00
# Minimization at step:    95 with Value:     0.0421Tol(Act/Req):0.2724E-04/0.1000E-04
# With parameters(tra.):     0.1940E-03    0.2893E-04    0.6485E-04
# With parameters(rot.):    -0.3397E+00   -0.1168E-04   -0.5237E+00
# Minimization at step:    96 with Value:     0.0421Tol(Act/Req):0.2469E-04/0.1000E-04
# With parameters(tra.):     0.1157E-03    0.1868E-04   -0.4386E-05
# With parameters(rot.):    -0.3397E+00   -0.1244E-03   -0.5236E+00
# Minimization at step:    97 with Value:     0.0421Tol(Act/Req):0.1949E-04/0.1000E-04
# With parameters(tra.):     0.9904E-04    0.3903E-04    0.6834E-05
# With parameters(rot.):    -0.3397E+00   -0.7312E-04   -0.5236E+00
# Minimization at step:    98 with Value:     0.0421Tol(Act/Req):0.1422E-04/0.1000E-04
# With parameters(tra.):     0.9736E-04    0.4029E-04   -0.1714E-04
# With parameters(rot.):    -0.3397E+00   -0.1405E-03   -0.5236E+00
# Minimization at step:    99 with Value:     0.0421Tol(Act/Req):0.1070E-04/0.1000E-04
# With parameters(tra.):     0.9674E-04    0.3893E-04   -0.3295E-04
# With parameters(rot.):    -0.3397E+00   -0.1317E-03   -0.5236E+00
# Minimization at step:   100 with Value:     0.0421Tol(Act/Req):0.9626E-05/0.1000E-04
# With parameters(tra.):     0.1147E-03    0.4318E-04   -0.1802E-04
# With parameters(rot.):    -0.3397E+00   -0.1042E-03   -0.5236E+00
# CSM Simplex Values from input minimization.
# Final Number of Simplex optim. Steps:   100
# Final CSM Simplex Value is:      0.04213926268
[molecule] Nrec=   4 Format=nscxyz
  h                1    1   -0.47122975D+00   0.81679236D+00   0.33295522D+00
  h                2    1   -0.16584600D-03  -0.22628238D-03  -0.10001720D+01
  h                3    1    0.94281560D+00   0.42476066D-05   0.33302714D+00
  h                4    1   -0.47157406D+00  -0.81620081D+00   0.33346734D+00
# Coordinates rotated along X. New coordinates:
[molecule] Nrec=   4 Format=nscxyz
  h                1    1    0.61232325D-16   0.61232325D-16  -0.99999975D+00
  h                2    1   -0.17202458D-15  -0.94280000D+00   0.33333325D+00
  h                3    1    0.81650000D+00   0.47140000D+00   0.33333325D+00
  h                4    1   -0.81650000D+00   0.47140000D+00   0.33333325D+00
# Minimization at step:     0 with Value:     0.2014Tol(Act/Req):0.1264E+00/0.1000E-04
# With parameters(tra.):     0.1429E-01    0.1429E-01    0.1429E-01
# With parameters(rot.):     0.1429E-01    0.1429E-01    0.1429E-01
# Minimization at step:     1 with Value:     0.1990Tol(Act/Req):0.1204E+00/0.1000E-04
# With parameters(tra.):     0.7143E-02    0.1548E-01    0.1548E-01
# With parameters(rot.):     0.1548E-01    0.1548E-01    0.1548E-01
# Minimization at step:     2 with Value:     0.1967Tol(Act/Req):0.7772E-01/0.1000E-04
# With parameters(tra.):     0.7738E-02    0.1677E-01    0.8433E-02
# With parameters(rot.):     0.1677E-01    0.1677E-01    0.1677E-01
# Minimization at step:     3 with Value:     0.1953Tol(Act/Req):0.5707E-01/0.1000E-04
# With parameters(tra.):     0.8383E-02    0.9830E-02    0.9135E-02
# With parameters(rot.):     0.1816E-01    0.1816E-01    0.1816E-01
# Minimization at step:     4 with Value:     0.1924Tol(Act/Req):0.9665E-01/0.1000E-04
# With parameters(tra.):     0.1257E-01    0.1474E-01    0.1370E-01
# With parameters(rot.):     0.2724E-01    0.2724E-01   -0.2276E-01
# Minimization at step:     5 with Value:     0.1915Tol(Act/Req):0.9457E-01/0.1000E-04
# With parameters(tra.):     0.9921E-04    0.1688E-01    0.1549E-01
# With parameters(rot.):     0.3355E-01    0.3355E-01   -0.3312E-01
# Minimization at step:     6 with Value:     0.1884Tol(Act/Req):0.1152E+00/0.1000E-04
# With parameters(tra.):     0.1488E-03    0.2532E-01    0.2324E-01
# With parameters(rot.):     0.3224E-03    0.5032E-01   -0.4968E-01
# Minimization at step:     7 with Value:     0.1855Tol(Act/Req):0.1001E+00/0.1000E-04
# With parameters(tra.):    -0.1190E-02    0.3075E-01    0.1409E-01
# With parameters(rot.):    -0.2579E-02    0.6409E-01   -0.6925E-01
# Minimization at step:     8 with Value:     0.1807Tol(Act/Req):0.1881E+00/0.1000E-04
# With parameters(tra.):    -0.4043E-02    0.2041E-01    0.1867E-01
# With parameters(rot.):    -0.8759E-02    0.9124E-01   -0.1088E+00
# Minimization at step:     9 with Value:     0.1748Tol(Act/Req):0.2307E+00/0.1000E-04
# With parameters(tra.):    -0.6064E-02    0.3061E-01    0.2801E-01
# With parameters(rot.):    -0.1314E-01    0.8686E-01   -0.1631E+00
# Minimization at step:    10 with Value:     0.1658Tol(Act/Req):0.3781E+00/0.1000E-04
# With parameters(tra.):     0.9567E-02    0.3427E-01    0.3158E-01
# With parameters(rot.):    -0.4594E-01    0.1041E+00   -0.2126E+00
# Minimization at step:    11 with Value:     0.1611Tol(Act/Req):0.3299E+00/0.1000E-04
# With parameters(tra.):     0.1276E-01    0.4569E-01    0.4211E-01
# With parameters(rot.):    -0.6125E-01    0.1387E+00   -0.2835E+00
# Minimization at step:    12 with Value:     0.1531Tol(Act/Req):0.3531E+00/0.1000E-04
# With parameters(tra.):     0.7228E-02    0.4946E-01    0.4548E-01
# With parameters(rot.):    -0.1029E+00    0.1638E+00   -0.3158E+00
# Minimization at step:    13 with Value:     0.1504Tol(Act/Req):0.3471E+00/0.1000E-04
# With parameters(tra.):     0.1137E-01    0.5026E-01    0.6510E-01
# With parameters(rot.):    -0.1334E+00    0.1833E+00   -0.3784E+00
# Minimization at step:    14 with Value:     0.1472Tol(Act/Req):0.2578E+00/0.1000E-04
# With parameters(tra.):     0.1505E-01    0.4732E-01    0.6873E-01
# With parameters(rot.):    -0.1336E+00    0.2052E+00   -0.4660E+00
# Minimization at step:    15 with Value:     0.1432Tol(Act/Req):0.2422E+00/0.1000E-04
# With parameters(tra.):     0.1759E-01    0.5301E-01    0.7137E-01
# With parameters(rot.):    -0.1420E+00    0.2057E+00   -0.4825E+00
# Minimization at step:    16 with Value:     0.1406Tol(Act/Req):0.2307E+00/0.1000E-04
# With parameters(tra.):     0.1552E-01    0.5312E-01    0.5384E-01
# With parameters(rot.):    -0.1143E+00    0.1937E+00   -0.4546E+00
# Minimization at step:    17 with Value:     0.1321Tol(Act/Req):0.4556E+00/0.1000E-04
# With parameters(tra.):     0.1212E-01    0.3970E-01    0.4392E-01
# With parameters(rot.):    -0.1179E+00    0.1691E+00   -0.4339E+00
# Minimization at step:    18 with Value:     0.1274Tol(Act/Req):0.4507E+00/0.1000E-04
# With parameters(tra.):     0.1095E-01    0.3980E-01    0.4095E-01
# With parameters(rot.):    -0.1165E+00    0.1606E+00   -0.4094E+00
# Minimization at step:    19 with Value:     0.1217Tol(Act/Req):0.3712E+00/0.1000E-04
# With parameters(tra.):     0.1932E-01    0.2926E-01    0.3281E-01
# With parameters(rot.):    -0.1452E+00    0.1910E+00   -0.4189E+00
# Minimization at step:    20 with Value:     0.1172Tol(Act/Req):0.3145E+00/0.1000E-04
# With parameters(tra.):     0.2266E-01    0.2120E-01    0.4333E-01
# With parameters(rot.):    -0.1831E+00    0.2022E+00   -0.4349E+00
# Minimization at step:    21 with Value:     0.1109Tol(Act/Req):0.3759E+00/0.1000E-04
# With parameters(tra.):     0.2943E-01    0.2197E-01    0.3927E-01
# With parameters(rot.):    -0.2135E+00    0.2019E+00   -0.4523E+00
# Minimization at step:    22 with Value:     0.1059Tol(Act/Req):0.3359E+00/0.1000E-04
# With parameters(tra.):     0.1521E-01    0.1300E-01    0.3707E-01
# With parameters(rot.):    -0.2256E+00    0.2116E+00   -0.4662E+00
# Minimization at step:    23 with Value:     0.1018Tol(Act/Req):0.3030E+00/0.1000E-04
# With parameters(tra.):     0.2340E-01   -0.2920E-02    0.3089E-01
# With parameters(rot.):    -0.2249E+00    0.2024E+00   -0.4840E+00
# Minimization at step:    24 with Value:     0.0990Tol(Act/Req):0.2425E+00/0.1000E-04
# With parameters(tra.):     0.2522E-01   -0.1696E-01    0.2159E-01
# With parameters(rot.):    -0.2583E+00    0.1994E+00   -0.4597E+00
# Minimization at step:    25 with Value:     0.0934Tol(Act/Req):0.3876E+00/0.1000E-04
# With parameters(tra.):     0.1563E-01   -0.2426E-01    0.2818E-01
# With parameters(rot.):    -0.2719E+00    0.1579E+00   -0.4658E+00
# Minimization at step:    26 with Value:     0.0887Tol(Act/Req):0.3026E+00/0.1000E-04
# With parameters(tra.):     0.9941E-02   -0.3135E-01    0.1261E-01
# With parameters(rot.):    -0.2636E+00    0.1320E+00   -0.4601E+00
# Minimization at step:    27 with Value:     0.0861Tol(Act/Req):0.2669E+00/0.1000E-04
# With parameters(tra.):     0.3023E-02   -0.2210E-01    0.1891E-01
# With parameters(rot.):    -0.2320E+00    0.1126E+00   -0.4844E+00
# Minimization at step:    28 with Value:     0.0849Tol(Act/Req):0.2512E+00/0.1000E-04
# With parameters(tra.):     0.4530E-02   -0.2481E-01    0.2381E-01
# With parameters(rot.):    -0.2653E+00    0.1265E+00   -0.5289E+00
# Minimization at step:    29 with Value:     0.0809Tol(Act/Req):0.3348E+00/0.1000E-04
# With parameters(tra.):    -0.9950E-02   -0.1619E-01    0.2763E-01
# With parameters(rot.):    -0.2794E+00    0.1104E+00   -0.5261E+00
# Minimization at step:    30 with Value:     0.0750Tol(Act/Req):0.5097E+00/0.1000E-04
# With parameters(tra.):    -0.4116E-02   -0.1694E-01    0.2669E-01
# With parameters(rot.):    -0.2852E+00    0.6698E-01   -0.5321E+00
# Minimization at step:    31 with Value:     0.0710Tol(Act/Req):0.5079E+00/0.1000E-04
# With parameters(tra.):    -0.8605E-02   -0.2038E-01    0.2665E-01
# With parameters(rot.):    -0.2836E+00    0.5581E-01   -0.5344E+00
# Minimization at step:    32 with Value:     0.0673Tol(Act/Req):0.4374E+00/0.1000E-04
# With parameters(tra.):    -0.1302E-01   -0.1724E-01    0.2369E-01
# With parameters(rot.):    -0.2632E+00    0.2768E-01   -0.5024E+00
# Minimization at step:    33 with Value:     0.0651Tol(Act/Req):0.3626E+00/0.1000E-04
# With parameters(tra.):    -0.1145E-01   -0.2486E-01    0.1898E-01
# With parameters(rot.):    -0.3052E+00    0.1876E-01   -0.4841E+00
# Minimization at step:    34 with Value:     0.0623Tol(Act/Req):0.3383E+00/0.1000E-04
# With parameters(tra.):    -0.1181E-01   -0.2255E-01    0.2340E-01
# With parameters(rot.):    -0.3108E+00    0.1579E-01   -0.4876E+00
# Minimization at step:    35 with Value:     0.0589Tol(Act/Req):0.2797E+00/0.1000E-04
# With parameters(tra.):    -0.8158E-02   -0.1224E-01    0.1302E-01
# With parameters(rot.):    -0.3055E+00    0.2372E-01   -0.4867E+00
# Minimization at step:    36 with Value:     0.0567Tol(Act/Req):0.2674E+00/0.1000E-04
# With parameters(tra.):    -0.4389E-02   -0.1407E-01    0.1085E-01
# With parameters(rot.):    -0.3042E+00    0.2054E-01   -0.4842E+00
# Minimization at step:    37 with Value:     0.0544Tol(Act/Req):0.2259E+00/0.1000E-04
# With parameters(tra.):    -0.4193E-02   -0.1127E-01    0.1135E-01
# With parameters(rot.):    -0.2936E+00    0.2292E-01   -0.4887E+00
# Minimization at step:    38 with Value:     0.0531Tol(Act/Req):0.1849E+00/0.1000E-04
# With parameters(tra.):     0.1691E-02   -0.1137E-01    0.9210E-02
# With parameters(rot.):    -0.3173E+00    0.4008E-01   -0.5055E+00
# Minimization at step:    39 with Value:     0.0522Tol(Act/Req):0.1073E+00/0.1000E-04
# With parameters(tra.):    -0.3854E-02   -0.1524E-01    0.3329E-02
# With parameters(rot.):    -0.3253E+00    0.1249E-01   -0.5005E+00
# Minimization at step:    40 with Value:     0.0509Tol(Act/Req):0.1496E+00/0.1000E-04
# With parameters(tra.):    -0.1925E-02   -0.8179E-02    0.5484E-02
# With parameters(rot.):    -0.3413E+00    0.5459E-02   -0.5117E+00
# Minimization at step:    41 with Value:     0.0496Tol(Act/Req):0.1772E+00/0.1000E-04
# With parameters(tra.):    -0.3775E-03   -0.6623E-02    0.7134E-02
# With parameters(rot.):    -0.3406E+00    0.1177E-01   -0.5138E+00
# Minimization at step:    42 with Value:     0.0484Tol(Act/Req):0.1523E+00/0.1000E-04
# With parameters(tra.):    -0.2021E-02   -0.6202E-02    0.7496E-02
# With parameters(rot.):    -0.3366E+00    0.5120E-02   -0.5104E+00
# Minimization at step:    43 with Value:     0.0473Tol(Act/Req):0.1299E+00/0.1000E-04
# With parameters(tra.):    -0.3305E-02   -0.5119E-02    0.6134E-02
# With parameters(rot.):    -0.3394E+00    0.1082E-01   -0.5070E+00
# Minimization at step:    44 with Value:     0.0471Tol(Act/Req):0.1213E+00/0.1000E-04
# With parameters(tra.):     0.4595E-02   -0.5789E-02    0.2158E-03
# With parameters(rot.):    -0.3485E+00    0.1210E-02   -0.5095E+00
# Minimization at step:    45 with Value:     0.0462Tol(Act/Req):0.1316E+00/0.1000E-04
# With parameters(tra.):     0.4745E-02   -0.7827E-02    0.1743E-02
# With parameters(rot.):    -0.3533E+00   -0.2649E-02   -0.5116E+00
# Minimization at step:    46 with Value:     0.0460Tol(Act/Req):0.1271E+00/0.1000E-04
# With parameters(tra.):     0.8116E-02   -0.1071E-02   -0.4568E-03
# With parameters(rot.):    -0.3521E+00   -0.6414E-02   -0.5284E+00
# Minimization at step:    47 with Value:     0.0457Tol(Act/Req):0.1055E+00/0.1000E-04
# With parameters(tra.):     0.1390E-02    0.1171E-02    0.5237E-02
# With parameters(rot.):    -0.3442E+00    0.6510E-03   -0.5322E+00
# Minimization at step:    48 with Value:     0.0450Tol(Act/Req):0.8872E-01/0.1000E-04
# With parameters(tra.):    -0.1357E-04   -0.3312E-03    0.6261E-02
# With parameters(rot.):    -0.3439E+00    0.2181E-02   -0.5284E+00
# Minimization at step:    49 with Value:     0.0444Tol(Act/Req):0.5813E-01/0.1000E-04
# With parameters(tra.):     0.1551E-02   -0.1017E-02    0.4923E-02
# With parameters(rot.):    -0.3458E+00    0.5423E-03   -0.5271E+00
# Minimization at step:    50 with Value:     0.0440Tol(Act/Req):0.3933E-01/0.1000E-04
# With parameters(tra.):     0.1358E-02   -0.2185E-02    0.4338E-02
# With parameters(rot.):    -0.3422E+00    0.1891E-02   -0.5256E+00
# Minimization at step:    51 with Value:     0.0437Tol(Act/Req):0.4531E-01/0.1000E-04
# With parameters(tra.):     0.8181E-03   -0.1640E-02    0.4256E-02
# With parameters(rot.):    -0.3407E+00   -0.1703E-02   -0.5251E+00
# Minimization at step:    52 with Value:     0.0434Tol(Act/Req):0.4363E-01/0.1000E-04
# With parameters(tra.):     0.1691E-02   -0.4465E-03    0.4841E-02
# With parameters(rot.):    -0.3404E+00    0.3298E-03   -0.5271E+00
# Minimization at step:    53 with Value:     0.0432Tol(Act/Req):0.2081E-01/0.1000E-04
# With parameters(tra.):     0.1466E-02    0.4841E-03    0.4052E-02
# With parameters(rot.):    -0.3419E+00    0.2304E-02   -0.5271E+00
# Minimization at step:    54 with Value:     0.0430Tol(Act/Req):0.2765E-01/0.1000E-04
# With parameters(tra.):     0.1267E-02    0.1576E-03    0.5008E-02
# With parameters(rot.):    -0.3434E+00    0.7876E-03   -0.5295E+00
# Minimization at step:    55 with Value:     0.0428Tol(Act/Req):0.2742E-01/0.1000E-04
# With parameters(tra.):     0.6726E-03   -0.5528E-03    0.5416E-02
# With parameters(rot.):    -0.3432E+00    0.1437E-02   -0.5276E+00
# Minimization at step:    56 with Value:     0.0427Tol(Act/Req):0.1899E-01/0.1000E-04
# With parameters(tra.):     0.2800E-02   -0.1465E-02    0.3531E-02
# With parameters(rot.):    -0.3454E+00   -0.7981E-03   -0.5259E+00
# Minimization at step:    57 with Value:     0.0426Tol(Act/Req):0.1183E-01/0.1000E-04
# With parameters(tra.):     0.2871E-02   -0.3038E-02    0.2451E-02
# With parameters(rot.):    -0.3408E+00    0.5526E-03   -0.5237E+00
# Minimization at step:    58 with Value:     0.0426Tol(Act/Req):0.1085E-01/0.1000E-04
# With parameters(tra.):     0.2475E-02   -0.2413E-02    0.1686E-02
# With parameters(rot.):    -0.3377E+00   -0.5884E-02   -0.5222E+00
# Minimization at step:    59 with Value:     0.0425Tol(Act/Req):0.9760E-02/0.1000E-04
# With parameters(tra.):     0.2361E-02   -0.1518E-02   -0.6810E-03
# With parameters(rot.):    -0.3393E+00   -0.4664E-02   -0.5206E+00
# Minimization at step:    60 with Value:     0.0425Tol(Act/Req):0.7898E-02/0.1000E-04
# With parameters(tra.):     0.2450E-02   -0.1599E-02   -0.6868E-03
# With parameters(rot.):    -0.3402E+00   -0.2954E-02   -0.5209E+00
# Minimization at step:    61 with Value:     0.0424Tol(Act/Req):0.6131E-02/0.1000E-04
# With parameters(tra.):     0.2950E-02   -0.1099E-02   -0.8549E-03
# With parameters(rot.):    -0.3401E+00   -0.2211E-02   -0.5214E+00
# Minimization at step:    62 with Value:     0.0424Tol(Act/Req):0.6086E-02/0.1000E-04
# With parameters(tra.):     0.1582E-02   -0.3681E-03   -0.1061E-02
# With parameters(rot.):    -0.3368E+00   -0.1192E-02   -0.5210E+00
# Minimization at step:    63 with Value:     0.0424Tol(Act/Req):0.7590E-02/0.1000E-04
# With parameters(tra.):     0.1360E-02   -0.7079E-03   -0.1397E-02
# With parameters(rot.):    -0.3362E+00   -0.1087E-02   -0.5196E+00
# Minimization at step:    64 with Value:     0.0423Tol(Act/Req):0.5755E-02/0.1000E-04
# With parameters(tra.):     0.1305E-02   -0.8643E-03   -0.8647E-03
# With parameters(rot.):    -0.3355E+00   -0.1093E-02   -0.5199E+00
# Minimization at step:    65 with Value:     0.0423Tol(Act/Req):0.3254E-02/0.1000E-04
# With parameters(tra.):     0.8782E-03    0.4652E-03   -0.1154E-02
# With parameters(rot.):    -0.3365E+00   -0.2180E-02   -0.5200E+00
# Minimization at step:    66 with Value:     0.0423Tol(Act/Req):0.3180E-02/0.1000E-04
# With parameters(tra.):     0.7465E-03    0.3276E-03   -0.1189E-02
# With parameters(rot.):    -0.3367E+00   -0.3186E-02   -0.5204E+00
# Minimization at step:    67 with Value:     0.0422Tol(Act/Req):0.3009E-02/0.1000E-04
# With parameters(tra.):     0.1019E-02    0.2029E-03   -0.1148E-02
# With parameters(rot.):    -0.3375E+00   -0.3607E-02   -0.5204E+00
# Minimization at step:    68 with Value:     0.0422Tol(Act/Req):0.1765E-02/0.1000E-04
# With parameters(tra.):     0.7208E-03    0.6407E-03   -0.1314E-02
# With parameters(rot.):    -0.3383E+00   -0.4028E-03   -0.5207E+00
# Minimization at step:    69 with Value:     0.0422Tol(Act/Req):0.2114E-02/0.1000E-04
# With parameters(tra.):     0.7850E-03    0.1036E-02   -0.1436E-02
# With parameters(rot.):    -0.3381E+00    0.1193E-03   -0.5209E+00
# Minimization at step:    70 with Value:     0.0422Tol(Act/Req):0.1750E-02/0.1000E-04
# With parameters(tra.):     0.5021E-03    0.1357E-02   -0.5625E-03
# With parameters(rot.):    -0.3376E+00    0.5102E-03   -0.5219E+00
# Minimization at step:    71 with Value:     0.0422Tol(Act/Req):0.1350E-02/0.1000E-04
# With parameters(tra.):     0.5584E-03    0.1307E-02   -0.4586E-03
# With parameters(rot.):    -0.3373E+00   -0.2147E-03   -0.5219E+00
# Minimization at step:    72 with Value:     0.0422Tol(Act/Req):0.8558E-03/0.1000E-04
# With parameters(tra.):     0.7365E-03    0.7011E-03   -0.3415E-04
# With parameters(rot.):    -0.3370E+00    0.1165E-02   -0.5225E+00
# Minimization at step:    73 with Value:     0.0422Tol(Act/Req):0.1089E-02/0.1000E-04
# With parameters(tra.):     0.5737E-03    0.6486E-03   -0.8851E-04
# With parameters(rot.):    -0.3367E+00    0.1405E-02   -0.5220E+00
# Minimization at step:    74 with Value:     0.0422Tol(Act/Req):0.1068E-02/0.1000E-04
# With parameters(tra.):     0.2528E-03    0.4803E-03    0.2075E-03
# With parameters(rot.):    -0.3371E+00    0.9246E-03   -0.5233E+00
# Minimization at step:    75 with Value:     0.0422Tol(Act/Req):0.9828E-03/0.1000E-04
# With parameters(tra.):     0.4700E-03    0.3627E-03    0.6077E-03
# With parameters(rot.):    -0.3382E+00    0.1426E-02   -0.5240E+00
# Minimization at step:    76 with Value:     0.0422Tol(Act/Req):0.8472E-03/0.1000E-04
# With parameters(tra.):     0.7422E-03   -0.2893E-03    0.1242E-03
# With parameters(rot.):    -0.3388E+00    0.1341E-02   -0.5237E+00
# Minimization at step:    77 with Value:     0.0422Tol(Act/Req):0.6537E-03/0.1000E-04
# With parameters(tra.):     0.5659E-03   -0.1367E-04   -0.2475E-03
# With parameters(rot.):    -0.3398E+00    0.1942E-04   -0.5236E+00
# Minimization at step:    78 with Value:     0.0422Tol(Act/Req):0.5477E-03/0.1000E-04
# With parameters(tra.):     0.4832E-03    0.1723E-03   -0.1576E-03
# With parameters(rot.):    -0.3398E+00   -0.6930E-04   -0.5237E+00
# Minimization at step:    79 with Value:     0.0422Tol(Act/Req):0.5643E-03/0.1000E-04
# With parameters(tra.):     0.5051E-03    0.5287E-04   -0.8051E-04
# With parameters(rot.):    -0.3398E+00   -0.4196E-03   -0.5238E+00
# Minimization at step:    80 with Value:     0.0422Tol(Act/Req):0.5572E-03/0.1000E-04
# With parameters(tra.):     0.5440E-03   -0.1050E-04    0.2632E-04
# With parameters(rot.):    -0.3396E+00   -0.1259E-03   -0.5239E+00
# Minimization at step:    81 with Value:     0.0422Tol(Act/Req):0.3649E-03/0.1000E-04
# With parameters(tra.):     0.5561E-03    0.9992E-04    0.8704E-04
# With parameters(rot.):    -0.3396E+00    0.1147E-03   -0.5242E+00
# Minimization at step:    82 with Value:     0.0422Tol(Act/Req):0.3384E-03/0.1000E-04
# With parameters(tra.):     0.5270E-03    0.9763E-04   -0.2304E-04
# With parameters(rot.):    -0.3395E+00   -0.7816E-04   -0.5241E+00
# Minimization at step:    83 with Value:     0.0421Tol(Act/Req):0.3822E-03/0.1000E-04
# With parameters(tra.):     0.6301E-03    0.1078E-03   -0.1163E-03
# With parameters(rot.):    -0.3396E+00   -0.4154E-04   -0.5239E+00
# Minimization at step:    84 with Value:     0.0421Tol(Act/Req):0.2131E-03/0.1000E-04
# With parameters(tra.):     0.4000E-03   -0.1061E-03   -0.2047E-03
# With parameters(rot.):    -0.3400E+00   -0.4274E-04   -0.5236E+00
# Minimization at step:    85 with Value:     0.0421Tol(Act/Req):0.1144E-03/0.1000E-04
# With parameters(tra.):     0.2068E-03    0.1730E-03   -0.4063E-04
# With parameters(rot.):    -0.3399E+00   -0.2113E-03   -0.5237E+00
# Minimization at step:    86 with Value:     0.0421Tol(Act/Req):0.1279E-03/0.1000E-04
# With parameters(tra.):     0.1929E-03    0.1233E-03    0.1226E-05
# With parameters(rot.):    -0.3399E+00   -0.3691E-03   -0.5237E+00
# Minimization at step:    87 with Value:     0.0421Tol(Act/Req):0.1270E-03/0.1000E-04
# With parameters(tra.):     0.2400E-03    0.4940E-04   -0.3631E-04
# With parameters(rot.):    -0.3400E+00   -0.3401E-03   -0.5237E+00
# Minimization at step:    88 with Value:     0.0421Tol(Act/Req):0.1138E-03/0.1000E-04
# With parameters(tra.):     0.2342E-03    0.2271E-04    0.1188E-04
# With parameters(rot.):    -0.3399E+00   -0.2111E-03   -0.5237E+00
# Minimization at step:    89 with Value:     0.0421Tol(Act/Req):0.1068E-03/0.1000E-04
# With parameters(tra.):     0.1953E-03    0.1532E-04   -0.4025E-04
# With parameters(rot.):    -0.3399E+00   -0.3186E-03   -0.5237E+00
# Minimization at step:    90 with Value:     0.0421Tol(Act/Req):0.6004E-04/0.1000E-04
# With parameters(tra.):     0.1712E-03    0.6348E-04   -0.2049E-04
# With parameters(rot.):    -0.3399E+00   -0.2344E-03   -0.5238E+00
# Minimization at step:    91 with Value:     0.0421Tol(Act/Req):0.4850E-04/0.1000E-04
# With parameters(tra.):     0.1845E-03    0.6487E-04   -0.5912E-04
# With parameters(rot.):    -0.3400E+00   -0.2322E-03   -0.5237E+00
# Minimization at step:    92 with Value:     0.0421Tol(Act/Req):0.3206E-04/0.1000E-04
# With parameters(tra.):     0.2049E-03    0.1148E-03   -0.3224E-04
# With parameters(rot.):    -0.3399E+00   -0.2478E-03   -0.5237E+00
# Minimization at step:    93 with Value:     0.0421Tol(Act/Req):0.3094E-04/0.1000E-04
# With parameters(tra.):     0.1835E-03    0.9208E-04    0.4944E-04
# With parameters(rot.):    -0.3397E+00   -0.2019E-05   -0.5237E+00
# Minimization at step:    94 with Value:     0.0421Tol(Act/Req):0.2501E-04/0.1000E-04
# With parameters(tra.):     0.1757E-03    0.6462E-04    0.7439E-04
# With parameters(rot.):    -0.3397E+00   -0.5033E-04   -0.5237E+00
# Minimization at step:    95 with Value:     0.0421Tol(Act/Req):0.2724E-04/0.1000E-04
# With parameters(tra.):     0.1940E-03    0.2893E-04    0.6485E-04
# With parameters(rot.):    -0.3397E+00   -0.1168E-04   -0.5237E+00
# Minimization at step:    96 with Value:     0.0421Tol(Act/Req):0.2469E-04/0.1000E-04
# With parameters(tra.):     0.1157E-03    0.1868E-04   -0.4386E-05
# With parameters(rot.):    -0.3397E+00   -0.1244E-03   -0.5236E+00
# Minimization at step:    97 with Value:     0.0421Tol(Act/Req):0.1949E-04/0.1000E-04
# With parameters(tra.):     0.9904E-04    0.3903E-04    0.6834E-05
# With parameters(rot.):    -0.3397E+00   -0.7312E-04   -0.5236E+00
# Minimization at step:    98 with Value:     0.0421Tol(Act/Req):0.1422E-04/0.1000E-04
# With parameters(tra.):     0.9736E-04    0.4029E-04   -0.1714E-04
# With parameters(rot.):    -0.3397E+00   -0.1405E-03   -0.5236E+00
# Minimization at step:    99 with Value:     0.0421Tol(Act/Req):0.1070E-04/0.1000E-04
# With parameters(tra.):     0.9674E-04    0.3893E-04   -0.3295E-04
# With parameters(rot.):    -0.3397E+00   -0.1317E-03   -0.5236E+00
# Minimization at step:   100 with Value:     0.0421Tol(Act/Req):0.9626E-05/0.1000E-04
# With parameters(tra.):     0.1147E-03    0.4318E-04   -0.1802E-04
# With parameters(rot.):    -0.3397E+00   -0.1042E-03   -0.5236E+00
# CSM Values after x minimization.
# Final Number of optim. Steps:   100
#      Before min is:      0.16626001902
# Final CSM Value is:      0.04213926268
# Coordinates rotated along Y.
[molecule] Nrec=   4 Format=nscxyz
  h                1    1    0.12246465D-15   0.99999975D+00  -0.12325949D-31
  h                2    1    0.94280000D+00  -0.33333325D+00  -0.57729850D-16
  h                3    1   -0.47140000D+00  -0.33333325D+00   0.81650000D+00
  h                4    1   -0.47140000D+00  -0.33333325D+00  -0.81650000D+00
# Minimization at step:     0 with Value:     0.2014Tol(Act/Req):0.1264E+00/0.1000E-04
# With parameters(tra.):     0.1429E-01    0.1429E-01    0.1429E-01
# With parameters(rot.):     0.1429E-01    0.1429E-01    0.1429E-01
# Minimization at step:     1 with Value:     0.1990Tol(Act/Req):0.1204E+00/0.1000E-04
# With parameters(tra.):     0.7143E-02    0.1548E-01    0.1548E-01
# With parameters(rot.):     0.1548E-01    0.1548E-01    0.1548E-01
# Minimization at step:     2 with Value:     0.1967Tol(Act/Req):0.7772E-01/0.1000E-04
# With parameters(tra.):     0.7738E-02    0.1677E-01    0.8433E-02
# With parameters(rot.):     0.1677E-01    0.1677E-01    0.1677E-01
# Minimization at step:     3 with Value:     0.1953Tol(Act/Req):0.5707E-01/0.1000E-04
# With parameters(tra.):     0.8383E-02    0.9830E-02    0.9135E-02
# With parameters(rot.):     0.1816E-01    0.1816E-01    0.1816E-01
# Minimization at step:     4 with Value:     0.1924Tol(Act/Req):0.9665E-01/0.1000E-04
# With parameters(tra.):     0.1257E-01    0.1474E-01    0.1370E-01
# With parameters(rot.):     0.2724E-01    0.2724E-01   -0.2276E-01
# Minimization at step:     5 with Value:     0.1915Tol(Act/Req):0.9457E-01/0.1000E-04
# With parameters(tra.):     0.9921E-04    0.1688E-01    0.1549E-01
# With parameters(rot.):     0.3355E-01    0.3355E-01   -0.3312E-01
# Minimization at step:     6 with Value:     0.1884Tol(Act/Req):0.1152E+00/0.1000E-04
# With parameters(tra.):     0.1488E-03    0.2532E-01    0.2324E-01
# With parameters(rot.):     0.3224E-03    0.5032E-01   -0.4968E-01
# Minimization at step:     7 with Value:     0.1855Tol(Act/Req):0.1001E+00/0.1000E-04
# With parameters(tra.):    -0.1190E-02    0.3075E-01    0.1409E-01
# With parameters(rot.):    -0.2579E-02    0.6409E-01   -0.6925E-01
# Minimization at step:     8 with Value:     0.1807Tol(Act/Req):0.1881E+00/0.1000E-04
# With parameters(tra.):    -0.4043E-02    0.2041E-01    0.1867E-01
# With parameters(rot.):    -0.8759E-02    0.9124E-01   -0.1088E+00
# Minimization at step:     9 with Value:     0.1748Tol(Act/Req):0.2307E+00/0.1000E-04
# With parameters(tra.):    -0.6064E-02    0.3061E-01    0.2801E-01
# With parameters(rot.):    -0.1314E-01    0.8686E-01   -0.1631E+00
# Minimization at step:    10 with Value:     0.1658Tol(Act/Req):0.3781E+00/0.1000E-04
# With parameters(tra.):     0.9567E-02    0.3427E-01    0.3158E-01
# With parameters(rot.):    -0.4594E-01    0.1041E+00   -0.2126E+00
# Minimization at step:    11 with Value:     0.1611Tol(Act/Req):0.3299E+00/0.1000E-04
# With parameters(tra.):     0.1276E-01    0.4569E-01    0.4211E-01
# With parameters(rot.):    -0.6125E-01    0.1387E+00   -0.2835E+00
# Minimization at step:    12 with Value:     0.1531Tol(Act/Req):0.3531E+00/0.1000E-04
# With parameters(tra.):     0.7228E-02    0.4946E-01    0.4548E-01
# With parameters(rot.):    -0.1029E+00    0.1638E+00   -0.3158E+00
# Minimization at step:    13 with Value:     0.1504Tol(Act/Req):0.3471E+00/0.1000E-04
# With parameters(tra.):     0.1137E-01    0.5026E-01    0.6510E-01
# With parameters(rot.):    -0.1334E+00    0.1833E+00   -0.3784E+00
# Minimization at step:    14 with Value:     0.1472Tol(Act/Req):0.2578E+00/0.1000E-04
# With parameters(tra.):     0.1505E-01    0.4732E-01    0.6873E-01
# With parameters(rot.):    -0.1336E+00    0.2052E+00   -0.4660E+00
# Minimization at step:    15 with Value:     0.1432Tol(Act/Req):0.2422E+00/0.1000E-04
# With parameters(tra.):     0.1759E-01    0.5301E-01    0.7137E-01
# With parameters(rot.):    -0.1420E+00    0.2057E+00   -0.4825E+00
# Minimization at step:    16 with Value:     0.1406Tol(Act/Req):0.2307E+00/0.1000E-04
# With parameters(tra.):     0.1552E-01    0.5312E-01    0.5384E-01
# With parameters(rot.):    -0.1143E+00    0.1937E+00   -0.4546E+00
# Minimization at step:    17 with Value:     0.1321Tol(Act/Req):0.4556E+00/0.1000E-04
# With parameters(tra.):     0.1212E-01    0.3970E-01    0.4392E-01
# With parameters(rot.):    -0.1179E+00    0.1691E+00   -0.4339E+00
# Minimization at step:    18 with Value:     0.1274Tol(Act/Req):0.4507E+00/0.1000E-04
# With parameters(tra.):     0.1095E-01    0.3980E-01    0.4095E-01
# With parameters(rot.):    -0.1165E+00    0.1606E+00   -0.4094E+00
# Minimization at step:    19 with Value:     0.1217Tol(Act/Req):0.3712E+00/0.1000E-04
# With parameters(tra.):     0.1932E-01    0.2926E-01    0.3281E-01
# With parameters(rot.):    -0.1452E+00    0.1910E+00   -0.4189E+00
# Minimization at step:    20 with Value:     0.1172Tol(Act/Req):0.3145E+00/0.1000E-04
# With parameters(tra.):     0.2266E-01    0.2120E-01    0.4333E-01
# With parameters(rot.):    -0.1831E+00    0.2022E+00   -0.4349E+00
# Minimization at step:    21 with Value:     0.1109Tol(Act/Req):0.3759E+00/0.1000E-04
# With parameters(tra.):     0.2943E-01    0.2197E-01    0.3927E-01
# With parameters(rot.):    -0.2135E+00    0.2019E+00   -0.4523E+00
# Minimization at step:    22 with Value:     0.1059Tol(Act/Req):0.3359E+00/0.1000E-04
# With parameters(tra.):     0.1521E-01    0.1300E-01    0.3707E-01
# With parameters(rot.):    -0.2256E+00    0.2116E+00   -0.4662E+00
# Minimization at step:    23 with Value:     0.1018Tol(Act/Req):0.3030E+00/0.1000E-04
# With parameters(tra.):     0.2340E-01   -0.2920E-02    0.3089E-01
# With parameters(rot.):    -0.2249E+00    0.2024E+00   -0.4840E+00
# Minimization at step:    24 with Value:     0.0990Tol(Act/Req):0.2425E+00/0.1000E-04
# With parameters(tra.):     0.2522E-01   -0.1696E-01    0.2159E-01
# With parameters(rot.):    -0.2583E+00    0.1994E+00   -0.4597E+00
# Minimization at step:    25 with Value:     0.0934Tol(Act/Req):0.3876E+00/0.1000E-04
# With parameters(tra.):     0.1563E-01   -0.2426E-01    0.2818E-01
# With parameters(rot.):    -0.2719E+00    0.1579E+00   -0.4658E+00
# Minimization at step:    26 with Value:     0.0887Tol(Act/Req):0.3026E+00/0.1000E-04
# With parameters(tra.):     0.9941E-02   -0.3135E-01    0.1261E-01
# With parameters(rot.):    -0.2636E+00    0.1320E+00   -0.4601E+00
# Minimization at step:    27 with Value:     0.0861Tol(Act/Req):0.2669E+00/0.1000E-04
# With parameters(tra.):     0.3023E-02   -0.2210E-01    0.1891E-01
# With parameters(rot.):    -0.2320E+00    0.1126E+00   -0.4844E+00
# Minimization at step:    28 with Value:     0.0849Tol(Act/Req):0.2512E+00/0.1000E-04
# With parameters(tra.):     0.4530E-02   -0.2481E-01    0.2381E-01
# With parameters(rot.):    -0.2653E+00    0.1265E+00   -0.5289E+00
# Minimization at step:    29 with Value:     0.0809Tol(Act/Req):0.3348E+00/0.1000E-04
# With parameters(tra.):    -0.9950E-02   -0.1619E-01    0.2763E-01
# With parameters(rot.):    -0.2794E+00    0.1104E+00   -0.5261E+00
# Minimization at step:    30 with Value:     0.0750Tol(Act/Req):0.5097E+00/0.1000E-04
# With parameters(tra.):    -0.4116E-02   -0.1694E-01    0.2669E-01
# With parameters(rot.):    -0.2852E+00    0.6698E-01   -0.5321E+00
# Minimization at step:    31 with Value:     0.0710Tol(Act/Req):0.5079E+00/0.1000E-04
# With parameters(tra.):    -0.8605E-02   -0.2038E-01    0.2665E-01
# With parameters(rot.):    -0.2836E+00    0.5581E-01   -0.5344E+00
# Minimization at step:    32 with Value:     0.0673Tol(Act/Req):0.4374E+00/0.1000E-04
# With parameters(tra.):    -0.1302E-01   -0.1724E-01    0.2369E-01
# With parameters(rot.):    -0.2632E+00    0.2768E-01   -0.5024E+00
# Minimization at step:    33 with Value:     0.0651Tol(Act/Req):0.3626E+00/0.1000E-04
# With parameters(tra.):    -0.1145E-01   -0.2486E-01    0.1898E-01
# With parameters(rot.):    -0.3052E+00    0.1876E-01   -0.4841E+00
# Minimization at step:    34 with Value:     0.0623Tol(Act/Req):0.3383E+00/0.1000E-04
# With parameters(tra.):    -0.1181E-01   -0.2255E-01    0.2340E-01
# With parameters(rot.):    -0.3108E+00    0.1579E-01   -0.4876E+00
# Minimization at step:    35 with Value:     0.0589Tol(Act/Req):0.2797E+00/0.1000E-04
# With parameters(tra.):    -0.8158E-02   -0.1224E-01    0.1302E-01
# With parameters(rot.):    -0.3055E+00    0.2372E-01   -0.4867E+00
# Minimization at step:    36 with Value:     0.0567Tol(Act/Req):0.2674E+00/0.1000E-04
# With parameters(tra.):    -0.4389E-02   -0.1407E-01    0.1085E-01
# With parameters(rot.):    -0.3042E+00    0.2054E-01   -0.4842E+00
# Minimization at step:    37 with Value:     0.0544Tol(Act/Req):0.2259E+00/0.1000E-04
# With parameters(tra.):    -0.4193E-02   -0.1127E-01    0.1135E-01
# With parameters(rot.):    -0.2936E+00    0.2292E-01   -0.4887E+00
# Minimization at step:    38 with Value:     0.0531Tol(Act/Req):0.1849E+00/0.1000E-04
# With parameters(tra.):     0.1691E-02   -0.1137E-01    0.9210E-02
# With parameters(rot.):    -0.3173E+00    0.4008E-01   -0.5055E+00
# Minimization at step:    39 with Value:     0.0522Tol(Act/Req):0.1073E+00/0.1000E-04
# With parameters(tra.):    -0.3854E-02   -0.1524E-01    0.3329E-02
# With parameters(rot.):    -0.3253E+00    0.1249E-01   -0.5005E+00
# Minimization at step:    40 with Value:     0.0509Tol(Act/Req):0.1496E+00/0.1000E-04
# With parameters(tra.):    -0.1925E-02   -0.8179E-02    0.5484E-02
# With parameters(rot.):    -0.3413E+00    0.5459E-02   -0.5117E+00
# Minimization at step:    41 with Value:     0.0496Tol(Act/Req):0.1772E+00/0.1000E-04
# With parameters(tra.):    -0.3775E-03   -0.6623E-02    0.7134E-02
# With parameters(rot.):    -0.3406E+00    0.1177E-01   -0.5138E+00
# Minimization at step:    42 with Value:     0.0484Tol(Act/Req):0.1523E+00/0.1000E-04
# With parameters(tra.):    -0.2021E-02   -0.6202E-02    0.7496E-02
# With parameters(rot.):    -0.3366E+00    0.5120E-02   -0.5104E+00
# Minimization at step:    43 with Value:     0.0473Tol(Act/Req):0.1299E+00/0.1000E-04
# With parameters(tra.):    -0.3305E-02   -0.5119E-02    0.6134E-02
# With parameters(rot.):    -0.3394E+00    0.1082E-01   -0.5070E+00
# Minimization at step:    44 with Value:     0.0471Tol(Act/Req):0.1213E+00/0.1000E-04
# With parameters(tra.):     0.4595E-02   -0.5789E-02    0.2158E-03
# With parameters(rot.):    -0.3485E+00    0.1210E-02   -0.5095E+00
# Minimization at step:    45 with Value:     0.0462Tol(Act/Req):0.1316E+00/0.1000E-04
# With parameters(tra.):     0.4745E-02   -0.7827E-02    0.1743E-02
# With parameters(rot.):    -0.3533E+00   -0.2649E-02   -0.5116E+00
# Minimization at step:    46 with Value:     0.0460Tol(Act/Req):0.1271E+00/0.1000E-04
# With parameters(tra.):     0.8116E-02   -0.1071E-02   -0.4568E-03
# With parameters(rot.):    -0.3521E+00   -0.6414E-02   -0.5284E+00
# Minimization at step:    47 with Value:     0.0457Tol(Act/Req):0.1055E+00/0.1000E-04
# With parameters(tra.):     0.1390E-02    0.1171E-02    0.5237E-02
# With parameters(rot.):    -0.3442E+00    0.6510E-03   -0.5322E+00
# Minimization at step:    48 with Value:     0.0450Tol(Act/Req):0.8872E-01/0.1000E-04
# With parameters(tra.):    -0.1357E-04   -0.3312E-03    0.6261E-02
# With parameters(rot.):    -0.3439E+00    0.2181E-02   -0.5284E+00
# Minimization at step:    49 with Value:     0.0444Tol(Act/Req):0.5813E-01/0.1000E-04
# With parameters(tra.):     0.1551E-02   -0.1017E-02    0.4923E-02
# With parameters(rot.):    -0.3458E+00    0.5423E-03   -0.5271E+00
# Minimization at step:    50 with Value:     0.0440Tol(Act/Req):0.3933E-01/0.1000E-04
# With parameters(tra.):     0.1358E-02   -0.2185E-02    0.4338E-02
# With parameters(rot.):    -0.3422E+00    0.1891E-02   -0.5256E+00
# Minimization at step:    51 with Value:     0.0437Tol(Act/Req):0.4531E-01/0.1000E-04
# With parameters(tra.):     0.8181E-03   -0.1640E-02    0.4256E-02
# With parameters(rot.):    -0.3407E+00   -0.1703E-02   -0.5251E+00
# Minimization at step:    52 with Value:     0.0434Tol(Act/Req):0.4363E-01/0.1000E-04
# With parameters(tra.):     0.1691E-02   -0.4465E-03    0.4841E-02
# With parameters(rot.):    -0.3404E+00    0.3298E-03   -0.5271E+00
# Minimization at step:    53 with Value:     0.0432Tol(Act/Req):0.2081E-01/0.1000E-04
# With parameters(tra.):     0.1466E-02    0.4841E-03    0.4052E-02
# With parameters(rot.):    -0.3419E+00    0.2304E-02   -0.5271E+00
# Minimization at step:    54 with Value:     0.0430Tol(Act/Req):0.2765E-01/0.1000E-04
# With parameters(tra.):     0.1267E-02    0.1576E-03    0.5008E-02
# With parameters(rot.):    -0.3434E+00    0.7876E-03   -0.5295E+00
# Minimization at step:    55 with Value:     0.0428Tol(Act/Req):0.2742E-01/0.1000E-04
# With parameters(tra.):     0.6726E-03   -0.5528E-03    0.5416E-02
# With parameters(rot.):    -0.3432E+00    0.1437E-02   -0.5276E+00
# Minimization at step:    56 with Value:     0.0427Tol(Act/Req):0.1899E-01/0.1000E-04
# With parameters(tra.):     0.2800E-02   -0.1465E-02    0.3531E-02
# With parameters(rot.):    -0.3454E+00   -0.7981E-03   -0.5259E+00
# Minimization at step:    57 with Value:     0.0426Tol(Act/Req):0.1183E-01/0.1000E-04
# With parameters(tra.):     0.2871E-02   -0.3038E-02    0.2451E-02
# With parameters(rot.):    -0.3408E+00    0.5526E-03   -0.5237E+00
# Minimization at step:    58 with Value:     0.0426Tol(Act/Req):0.1085E-01/0.1000E-04
# With parameters(tra.):     0.2475E-02   -0.2413E-02    0.1686E-02
# With parameters(rot.):    -0.3377E+00   -0.5884E-02   -0.5222E+00
# Minimization at step:    59 with Value:     0.0425Tol(Act/Req):0.9760E-02/0.1000E-04
# With parameters(tra.):     0.2361E-02   -0.1518E-02   -0.6810E-03
# With parameters(rot.):    -0.3393E+00   -0.4664E-02   -0.5206E+00
# Minimization at step:    60 with Value:     0.0425Tol(Act/Req):0.7898E-02/0.1000E-04
# With parameters(tra.):     0.2450E-02   -0.1599E-02   -0.6868E-03
# With parameters(rot.):    -0.3402E+00   -0.2954E-02   -0.5209E+00
# Minimization at step:    61 with Value:     0.0424Tol(Act/Req):0.6131E-02/0.1000E-04
# With parameters(tra.):     0.2950E-02   -0.1099E-02   -0.8549E-03
# With parameters(rot.):    -0.3401E+00   -0.2211E-02   -0.5214E+00
# Minimization at step:    62 with Value:     0.0424Tol(Act/Req):0.6086E-02/0.1000E-04
# With parameters(tra.):     0.1582E-02   -0.3681E-03   -0.1061E-02
# With parameters(rot.):    -0.3368E+00   -0.1192E-02   -0.5210E+00
# Minimization at step:    63 with Value:     0.0424Tol(Act/Req):0.7590E-02/0.1000E-04
# With parameters(tra.):     0.1360E-02   -0.7079E-03   -0.1397E-02
# With parameters(rot.):    -0.3362E+00   -0.1087E-02   -0.5196E+00
# Minimization at step:    64 with Value:     0.0423Tol(Act/Req):0.5755E-02/0.1000E-04
# With parameters(tra.):     0.1305E-02   -0.8643E-03   -0.8647E-03
# With parameters(rot.):    -0.3355E+00   -0.1093E-02   -0.5199E+00
# Minimization at step:    65 with Value:     0.0423Tol(Act/Req):0.3254E-02/0.1000E-04
# With parameters(tra.):     0.8782E-03    0.4652E-03   -0.1154E-02
# With parameters(rot.):    -0.3365E+00   -0.2180E-02   -0.5200E+00
# Minimization at step:    66 with Value:     0.0423Tol(Act/Req):0.3180E-02/0.1000E-04
# With parameters(tra.):     0.7465E-03    0.3276E-03   -0.1189E-02
# With parameters(rot.):    -0.3367E+00   -0.3186E-02   -0.5204E+00
# Minimization at step:    67 with Value:     0.0422Tol(Act/Req):0.3009E-02/0.1000E-04
# With parameters(tra.):     0.1019E-02    0.2029E-03   -0.1148E-02
# With parameters(rot.):    -0.3375E+00   -0.3607E-02   -0.5204E+00
# Minimization at step:    68 with Value:     0.0422Tol(Act/Req):0.1765E-02/0.1000E-04
# With parameters(tra.):     0.7208E-03    0.6407E-03   -0.1314E-02
# With parameters(rot.):    -0.3383E+00   -0.4028E-03   -0.5207E+00
# Minimization at step:    69 with Value:     0.0422Tol(Act/Req):0.2114E-02/0.1000E-04
# With parameters(tra.):     0.7850E-03    0.1036E-02   -0.1436E-02
# With parameters(rot.):    -0.3381E+00    0.1193E-03   -0.5209E+00
# Minimization at step:    70 with Value:     0.0422Tol(Act/Req):0.1750E-02/0.1000E-04
# With parameters(tra.):     0.5021E-03    0.1357E-02   -0.5625E-03
# With parameters(rot.):    -0.3376E+00    0.5102E-03   -0.5219E+00
# Minimization at step:    71 with Value:     0.0422Tol(Act/Req):0.1350E-02/0.1000E-04
# With parameters(tra.):     0.5584E-03    0.1307E-02   -0.4586E-03
# With parameters(rot.):    -0.3373E+00   -0.2147E-03   -0.5219E+00
# Minimization at step:    72 with Value:     0.0422Tol(Act/Req):0.8558E-03/0.1000E-04
# With parameters(tra.):     0.7365E-03    0.7011E-03   -0.3415E-04
# With parameters(rot.):    -0.3370E+00    0.1165E-02   -0.5225E+00
# Minimization at step:    73 with Value:     0.0422Tol(Act/Req):0.1089E-02/0.1000E-04
# With parameters(tra.):     0.5737E-03    0.6486E-03   -0.8851E-04
# With parameters(rot.):    -0.3367E+00    0.1405E-02   -0.5220E+00
# Minimization at step:    74 with Value:     0.0422Tol(Act/Req):0.1068E-02/0.1000E-04
# With parameters(tra.):     0.2528E-03    0.4803E-03    0.2075E-03
# With parameters(rot.):    -0.3371E+00    0.9246E-03   -0.5233E+00
# Minimization at step:    75 with Value:     0.0422Tol(Act/Req):0.9828E-03/0.1000E-04
# With parameters(tra.):     0.4700E-03    0.3627E-03    0.6077E-03
# With parameters(rot.):    -0.3382E+00    0.1426E-02   -0.5240E+00
# Minimization at step:    76 with Value:     0.0422Tol(Act/Req):0.8472E-03/0.1000E-04
# With parameters(tra.):     0.7422E-03   -0.2893E-03    0.1242E-03
# With parameters(rot.):    -0.3388E+00    0.1341E-02   -0.5237E+00
# Minimization at step:    77 with Value:     0.0422Tol(Act/Req):0.6537E-03/0.1000E-04
# With parameters(tra.):     0.5659E-03   -0.1367E-04   -0.2475E-03
# With parameters(rot.):    -0.3398E+00    0.1942E-04   -0.5236E+00
# Minimization at step:    78 with Value:     0.0422Tol(Act/Req):0.5477E-03/0.1000E-04
# With parameters(tra.):     0.4832E-03    0.1723E-03   -0.1576E-03
# With parameters(rot.):    -0.3398E+00   -0.6930E-04   -0.5237E+00
# Minimization at step:    79 with Value:     0.0422Tol(Act/Req):0.5643E-03/0.1000E-04
# With parameters(tra.):     0.5051E-03    0.5287E-04   -0.8051E-04
# With parameters(rot.):    -0.3398E+00   -0.4196E-03   -0.5238E+00
# Minimization at step:    80 with Value:     0.0422Tol(Act/Req):0.5572E-03/0.1000E-04
# With parameters(tra.):     0.5440E-03   -0.1050E-04    0.2632E-04
# With parameters(rot.):    -0.3396E+00   -0.1259E-03   -0.5239E+00
# Minimization at step:    81 with Value:     0.0422Tol(Act/Req):0.3649E-03/0.1000E-04
# With parameters(tra.):     0.5561E-03    0.9992E-04    0.8704E-04
# With parameters(rot.):    -0.3396E+00    0.1147E-03   -0.5242E+00
# Minimization at step:    82 with Value:     0.0422Tol(Act/Req):0.3384E-03/0.1000E-04
# With parameters(tra.):     0.5270E-03    0.9763E-04   -0.2304E-04
# With parameters(rot.):    -0.3395E+00   -0.7816E-04   -0.5241E+00
# Minimization at step:    83 with Value:     0.0421Tol(Act/Req):0.3822E-03/0.1000E-04
# With parameters(tra.):     0.6301E-03    0.1078E-03   -0.1163E-03
# With parameters(rot.):    -0.3396E+00   -0.4154E-04   -0.5239E+00
# Minimization at step:    84 with Value:     0.0421Tol(Act/Req):0.2131E-03/0.1000E-04
# With parameters(tra.):     0.4000E-03   -0.1061E-03   -0.2047E-03
# With parameters(rot.):    -0.3400E+00   -0.4274E-04   -0.5236E+00
# Minimization at step:    85 with Value:     0.0421Tol(Act/Req):0.1144E-03/0.1000E-04
# With parameters(tra.):     0.2068E-03    0.1730E-03   -0.4063E-04
# With parameters(rot.):    -0.3399E+00   -0.2113E-03   -0.5237E+00
# Minimization at step:    86 with Value:     0.0421Tol(Act/Req):0.1279E-03/0.1000E-04
# With parameters(tra.):     0.1929E-03    0.1233E-03    0.1226E-05
# With parameters(rot.):    -0.3399E+00   -0.3691E-03   -0.5237E+00
# Minimization at step:    87 with Value:     0.0421Tol(Act/Req):0.1270E-03/0.1000E-04
# With parameters(tra.):     0.2400E-03    0.4940E-04   -0.3631E-04
# With parameters(rot.):    -0.3400E+00   -0.3401E-03   -0.5237E+00
# Minimization at step:    88 with Value:     0.0421Tol(Act/Req):0.1138E-03/0.1000E-04
# With parameters(tra.):     0.2342E-03    0.2271E-04    0.1188E-04
# With parameters(rot.):    -0.3399E+00   -0.2111E-03   -0.5237E+00
# Minimization at step:    89 with Value:     0.0421Tol(Act/Req):0.1068E-03/0.1000E-04
# With parameters(tra.):     0.1953E-03    0.1532E-04   -0.4025E-04
# With parameters(rot.):    -0.3399E+00   -0.3186E-03   -0.5237E+00
# Minimization at step:    90 with Value:     0.0421Tol(Act/Req):0.6004E-04/0.1000E-04
# With parameters(tra.):     0.1712E-03    0.6348E-04   -0.2049E-04
# With parameters(rot.):    -0.3399E+00   -0.2344E-03   -0.5238E+00
# Minimization at step:    91 with Value:     0.0421Tol(Act/Req):0.4850E-04/0.1000E-04
# With parameters(tra.):     0.1845E-03    0.6487E-04   -0.5912E-04
# With parameters(rot.):    -0.3400E+00   -0.2322E-03   -0.5237E+00
# Minimization at step:    92 with Value:     0.0421Tol(Act/Req):0.3206E-04/0.1000E-04
# With parameters(tra.):     0.2049E-03    0.1148E-03   -0.3224E-04
# With parameters(rot.):    -0.3399E+00   -0.2478E-03   -0.5237E+00
# Minimization at step:    93 with Value:     0.0421Tol(Act/Req):0.3094E-04/0.1000E-04
# With parameters(tra.):     0.1835E-03    0.9208E-04    0.4944E-04
# With parameters(rot.):    -0.3397E+00   -0.2019E-05   -0.5237E+00
# Minimization at step:    94 with Value:     0.0421Tol(Act/Req):0.2501E-04/0.1000E-04
# With parameters(tra.):     0.1757E-03    0.6462E-04    0.7439E-04
# With parameters(rot.):    -0.3397E+00   -0.5033E-04   -0.5237E+00
# Minimization at step:    95 with Value:     0.0421Tol(Act/Req):0.2724E-04/0.1000E-04
# With parameters(tra.):     0.1940E-03    0.2893E-04    0.6485E-04
# With parameters(rot.):    -0.3397E+00   -0.1168E-04   -0.5237E+00
# Minimization at step:    96 with Value:     0.0421Tol(Act/Req):0.2469E-04/0.1000E-04
# With parameters(tra.):     0.1157E-03    0.1868E-04   -0.4386E-05
# With parameters(rot.):    -0.3397E+00   -0.1244E-03   -0.5236E+00
# Minimization at step:    97 with Value:     0.0421Tol(Act/Req):0.1949E-04/0.1000E-04
# With parameters(tra.):     0.9904E-04    0.3903E-04    0.6834E-05
# With parameters(rot.):    -0.3397E+00   -0.7312E-04   -0.5236E+00
# Minimization at step:    98 with Value:     0.0421Tol(Act/Req):0.1422E-04/0.1000E-04
# With parameters(tra.):     0.9736E-04    0.4029E-04   -0.1714E-04
# With parameters(rot.):    -0.3397E+00   -0.1405E-03   -0.5236E+00
# Minimization at step:    99 with Value:     0.0421Tol(Act/Req):0.1070E-04/0.1000E-04
# With parameters(tra.):     0.9674E-04    0.3893E-04   -0.3295E-04
# With parameters(rot.):    -0.3397E+00   -0.1317E-03   -0.5236E+00
# Minimization at step:   100 with Value:     0.0421Tol(Act/Req):0.9626E-05/0.1000E-04
# With parameters(tra.):     0.1147E-03    0.4318E-04   -0.1802E-04
# With parameters(rot.):    -0.3397E+00   -0.1042E-03   -0.5236E+00
# CSM Values after y minimization.
# Final Number of optim. Steps:   100
#      Before min is:      0.20578682512
# Final CSM Value is:      0.04213926268
# Coordinates rotated along Z.
[molecule] Nrec=   4 Format=nscxyz
  h                1    1    0.99999975D+00   0.61232325D-16   0.00000000D+00
  h                2    1   -0.33333325D+00  -0.20410775D-16  -0.94280000D+00
  h                3    1   -0.33333325D+00  -0.81650000D+00   0.47140000D+00
  h                4    1   -0.33333325D+00   0.81650000D+00   0.47140000D+00
# Minimization at step:     0 with Value:     0.2014Tol(Act/Req):0.1264E+00/0.1000E-04
# With parameters(tra.):     0.1429E-01    0.1429E-01    0.1429E-01
# With parameters(rot.):     0.1429E-01    0.1429E-01    0.1429E-01
# Minimization at step:     1 with Value:     0.1990Tol(Act/Req):0.1204E+00/0.1000E-04
# With parameters(tra.):     0.7143E-02    0.1548E-01    0.1548E-01
# With parameters(rot.):     0.1548E-01    0.1548E-01    0.1548E-01
# Minimization at step:     2 with Value:     0.1967Tol(Act/Req):0.7772E-01/0.1000E-04
# With parameters(tra.):     0.7738E-02    0.1677E-01    0.8433E-02
# With parameters(rot.):     0.1677E-01    0.1677E-01    0.1677E-01
# Minimization at step:     3 with Value:     0.1953Tol(Act/Req):0.5707E-01/0.1000E-04
# With parameters(tra.):     0.8383E-02    0.9830E-02    0.9135E-02
# With parameters(rot.):     0.1816E-01    0.1816E-01    0.1816E-01
# Minimization at step:     4 with Value:     0.1924Tol(Act/Req):0.9665E-01/0.1000E-04
# With parameters(tra.):     0.1257E-01    0.1474E-01    0.1370E-01
# With parameters(rot.):     0.2724E-01    0.2724E-01   -0.2276E-01
# Minimization at step:     5 with Value:     0.1915Tol(Act/Req):0.9457E-01/0.1000E-04
# With parameters(tra.):     0.9921E-04    0.1688E-01    0.1549E-01
# With parameters(rot.):     0.3355E-01    0.3355E-01   -0.3312E-01
# Minimization at step:     6 with Value:     0.1884Tol(Act/Req):0.1152E+00/0.1000E-04
# With parameters(tra.):     0.1488E-03    0.2532E-01    0.2324E-01
# With parameters(rot.):     0.3224E-03    0.5032E-01   -0.4968E-01
# Minimization at step:     7 with Value:     0.1855Tol(Act/Req):0.1001E+00/0.1000E-04
# With parameters(tra.):    -0.1190E-02    0.3075E-01    0.1409E-01
# With parameters(rot.):    -0.2579E-02    0.6409E-01   -0.6925E-01
# Minimization at step:     8 with Value:     0.1807Tol(Act/Req):0.1881E+00/0.1000E-04
# With parameters(tra.):    -0.4043E-02    0.2041E-01    0.1867E-01
# With parameters(rot.):    -0.8759E-02    0.9124E-01   -0.1088E+00
# Minimization at step:     9 with Value:     0.1748Tol(Act/Req):0.2307E+00/0.1000E-04
# With parameters(tra.):    -0.6064E-02    0.3061E-01    0.2801E-01
# With parameters(rot.):    -0.1314E-01    0.8686E-01   -0.1631E+00
# Minimization at step:    10 with Value:     0.1658Tol(Act/Req):0.3781E+00/0.1000E-04
# With parameters(tra.):     0.9567E-02    0.3427E-01    0.3158E-01
# With parameters(rot.):    -0.4594E-01    0.1041E+00   -0.2126E+00
# Minimization at step:    11 with Value:     0.1611Tol(Act/Req):0.3299E+00/0.1000E-04
# With parameters(tra.):     0.1276E-01    0.4569E-01    0.4211E-01
# With parameters(rot.):    -0.6125E-01    0.1387E+00   -0.2835E+00
# Minimization at step:    12 with Value:     0.1531Tol(Act/Req):0.3531E+00/0.1000E-04
# With parameters(tra.):     0.7228E-02    0.4946E-01    0.4548E-01
# With parameters(rot.):    -0.1029E+00    0.1638E+00   -0.3158E+00
# Minimization at step:    13 with Value:     0.1504Tol(Act/Req):0.3471E+00/0.1000E-04
# With parameters(tra.):     0.1137E-01    0.5026E-01    0.6510E-01
# With parameters(rot.):    -0.1334E+00    0.1833E+00   -0.3784E+00
# Minimization at step:    14 with Value:     0.1472Tol(Act/Req):0.2578E+00/0.1000E-04
# With parameters(tra.):     0.1505E-01    0.4732E-01    0.6873E-01
# With parameters(rot.):    -0.1336E+00    0.2052E+00   -0.4660E+00
# Minimization at step:    15 with Value:     0.1432Tol(Act/Req):0.2422E+00/0.1000E-04
# With parameters(tra.):     0.1759E-01    0.5301E-01    0.7137E-01
# With parameters(rot.):    -0.1420E+00    0.2057E+00   -0.4825E+00
# Minimization at step:    16 with Value:     0.1406Tol(Act/Req):0.2307E+00/0.1000E-04
# With parameters(tra.):     0.1552E-01    0.5312E-01    0.5384E-01
# With parameters(rot.):    -0.1143E+00    0.1937E+00   -0.4546E+00
# Minimization at step:    17 with Value:     0.1321Tol(Act/Req):0.4556E+00/0.1000E-04
# With parameters(tra.):     0.1212E-01    0.3970E-01    0.4392E-01
# With parameters(rot.):    -0.1179E+00    0.1691E+00   -0.4339E+00
# Minimization at step:    18 with Value:     0.1274Tol(Act/Req):0.4507E+00/0.1000E-04
# With parameters(tra.):     0.1095E-01    0.3980E-01    0.4095E-01
# With parameters(rot.):    -0.1165E+00    0.1606E+00   -0.4094E+00
# Minimization at step:    19 with Value:     0.1217Tol(Act/Req):0.3712E+00/0.1000E-04
# With parameters(tra.):     0.1932E-01    0.2926E-01    0.3281E-01
# With parameters(rot.):    -0.1452E+00    0.1910E+00   -0.4189E+00
# Minimization at step:    20 with Value:     0.1172Tol(Act/Req):0.3145E+00/0.1000E-04
# With parameters(tra.):     0.2266E-01    0.2120E-01    0.4333E-01
# With parameters(rot.):    -0.1831E+00    0.2022E+00   -0.4349E+00
# Minimization at step:    21 with Value:     0.1109Tol(Act/Req):0.3759E+00/0.1000E-04
# With parameters(tra.):     0.2943E-01    0.2197E-01    0.3927E-01
# With parameters(rot.):    -0.2135E+00    0.2019E+00   -0.4523E+00
# Minimization at step:    22 with Value:     0.1059Tol(Act/Req):0.3359E+00/0.1000E-04
# With parameters(tra.):     0.1521E-01    0.1300E-01    0.3707E-01
# With parameters(rot.):    -0.2256E+00    0.2116E+00   -0.4662E+00
# Minimization at step:    23 with Value:     0.1018Tol(Act/Req):0.3030E+00/0.1000E-04
# With parameters(tra.):     0.2340E-01   -0.2920E-02    0.3089E-01
# With parameters(rot.):    -0.2249E+00    0.2024E+00   -0.4840E+00
# Minimization at step:    24 with Value:     0.0990Tol(Act/Req):0.2425E+00/0.1000E-04
# With parameters(tra.):     0.2522E-01   -0.1696E-01    0.2159E-01
# With parameters(rot.):    -0.2583E+00    0.1994E+00   -0.4597E+00
# Minimization at step:    25 with Value:     0.0934Tol(Act/Req):0.3876E+00/0.1000E-04
# With parameters(tra.):     0.1563E-01   -0.2426E-01    0.2818E-01
# With parameters(rot.):    -0.2719E+00    0.1579E+00   -0.4658E+00
# Minimization at step:    26 with Value:     0.0887Tol(Act/Req):0.3026E+00/0.1000E-04
# With parameters(tra.):     0.9941E-02   -0.3135E-01    0.1261E-01
# With parameters(rot.):    -0.2636E+00    0.1320E+00   -0.4601E+00
# Minimization at step:    27 with Value:     0.0861Tol(Act/Req):0.2669E+00/0.1000E-04
# With parameters(tra.):     0.3023E-02   -0.2210E-01    0.1891E-01
# With parameters(rot.):    -0.2320E+00    0.1126E+00   -0.4844E+00
# Minimization at step:    28 with Value:     0.0849Tol(Act/Req):0.2512E+00/0.1000E-04
# With parameters(tra.):     0.4530E-02   -0.2481E-01    0.2381E-01
# With parameters(rot.):    -0.2653E+00    0.1265E+00   -0.5289E+00
# Minimization at step:    29 with Value:     0.0809Tol(Act/Req):0.3348E+00/0.1000E-04
# With parameters(tra.):    -0.9950E-02   -0.1619E-01    0.2763E-01
# With parameters(rot.):    -0.2794E+00    0.1104E+00   -0.5261E+00
# Minimization at step:    30 with Value:     0.0750Tol(Act/Req):0.5097E+00/0.1000E-04
# With parameters(tra.):    -0.4116E-02   -0.1694E-01    0.2669E-01
# With parameters(rot.):    -0.2852E+00    0.6698E-01   -0.5321E+00
# Minimization at step:    31 with Value:     0.0710Tol(Act/Req):0.5079E+00/0.1000E-04
# With parameters(tra.):    -0.8605E-02   -0.2038E-01    0.2665E-01
# With parameters(rot.):    -0.2836E+00    0.5581E-01   -0.5344E+00
# Minimization at step:    32 with Value:     0.0673Tol(Act/Req):0.4374E+00/0.1000E-04
# With parameters(tra.):    -0.1302E-01   -0.1724E-01    0.2369E-01
# With parameters(rot.):    -0.2632E+00    0.2768E-01   -0.5024E+00
# Minimization at step:    33 with Value:     0.0651Tol(Act/Req):0.3626E+00/0.1000E-04
# With parameters(tra.):    -0.1145E-01   -0.2486E-01    0.1898E-01
# With parameters(rot.):    -0.3052E+00    0.1876E-01   -0.4841E+00
# Minimization at step:    34 with Value:     0.0623Tol(Act/Req):0.3383E+00/0.1000E-04
# With parameters(tra.):    -0.1181E-01   -0.2255E-01    0.2340E-01
# With parameters(rot.):    -0.3108E+00    0.1579E-01   -0.4876E+00
# Minimization at step:    35 with Value:     0.0589Tol(Act/Req):0.2797E+00/0.1000E-04
# With parameters(tra.):    -0.8158E-02   -0.1224E-01    0.1302E-01
# With parameters(rot.):    -0.3055E+00    0.2372E-01   -0.4867E+00
# Minimization at step:    36 with Value:     0.0567Tol(Act/Req):0.2674E+00/0.1000E-04
# With parameters(tra.):    -0.4389E-02   -0.1407E-01    0.1085E-01
# With parameters(rot.):    -0.3042E+00    0.2054E-01   -0.4842E+00
# Minimization at step:    37 with Value:     0.0544Tol(Act/Req):0.2259E+00/0.1000E-04
# With parameters(tra.):    -0.4193E-02   -0.1127E-01    0.1135E-01
# With parameters(rot.):    -0.2936E+00    0.2292E-01   -0.4887E+00
# Minimization at step:    38 with Value:     0.0531Tol(Act/Req):0.1849E+00/0.1000E-04
# With parameters(tra.):     0.1691E-02   -0.1137E-01    0.9210E-02
# With parameters(rot.):    -0.3173E+00    0.4008E-01   -0.5055E+00
# Minimization at step:    39 with Value:     0.0522Tol(Act/Req):0.1073E+00/0.1000E-04
# With parameters(tra.):    -0.3854E-02   -0.1524E-01    0.3329E-02
# With parameters(rot.):    -0.3253E+00    0.1249E-01   -0.5005E+00
# Minimization at step:    40 with Value:     0.0509Tol(Act/Req):0.1496E+00/0.1000E-04
# With parameters(tra.):    -0.1925E-02   -0.8179E-02    0.5484E-02
# With parameters(rot.):    -0.3413E+00    0.5459E-02   -0.5117E+00
# Minimization at step:    41 with Value:     0.0496Tol(Act/Req):0.1772E+00/0.1000E-04
# With parameters(tra.):    -0.3775E-03   -0.6623E-02    0.7134E-02
# With parameters(rot.):    -0.3406E+00    0.1177E-01   -0.5138E+00
# Minimization at step:    42 with Value:     0.0484Tol(Act/Req):0.1523E+00/0.1000E-04
# With parameters(tra.):    -0.2021E-02   -0.6202E-02    0.7496E-02
# With parameters(rot.):    -0.3366E+00    0.5120E-02   -0.5104E+00
# Minimization at step:    43 with Value:     0.0473Tol(Act/Req):0.1299E+00/0.1000E-04
# With parameters(tra.):    -0.3305E-02   -0.5119E-02    0.6134E-02
# With parameters(rot.):    -0.3394E+00    0.1082E-01   -0.5070E+00
# Minimization at step:    44 with Value:     0.0471Tol(Act/Req):0.1213E+00/0.1000E-04
# With parameters(tra.):     0.4595E-02   -0.5789E-02    0.2158E-03
# With parameters(rot.):    -0.3485E+00    0.1210E-02   -0.5095E+00
# Minimization at step:    45 with Value:     0.0462Tol(Act/Req):0.1316E+00/0.1000E-04
# With parameters(tra.):     0.4745E-02   -0.7827E-02    0.1743E-02
# With parameters(rot.):    -0.3533E+00   -0.2649E-02   -0.5116E+00
# Minimization at step:    46 with Value:     0.0460Tol(Act/Req):0.1271E+00/0.1000E-04
# With parameters(tra.):     0.8116E-02   -0.1071E-02   -0.4568E-03
# With parameters(rot.):    -0.3521E+00   -0.6414E-02   -0.5284E+00
# Minimization at step:    47 with Value:     0.0457Tol(Act/Req):0.1055E+00/0.1000E-04
# With parameters(tra.):     0.1390E-02    0.1171E-02    0.5237E-02
# With parameters(rot.):    -0.3442E+00    0.6510E-03   -0.5322E+00
# Minimization at step:    48 with Value:     0.0450Tol(Act/Req):0.8872E-01/0.1000E-04
# With parameters(tra.):    -0.1357E-04   -0.3312E-03    0.6261E-02
# With parameters(rot.):    -0.3439E+00    0.2181E-02   -0.5284E+00
# Minimization at step:    49 with Value:     0.0444Tol(Act/Req):0.5813E-01/0.1000E-04
# With parameters(tra.):     0.1551E-02   -0.1017E-02    0.4923E-02
# With parameters(rot.):    -0.3458E+00    0.5423E-03   -0.5271E+00
# Minimization at step:    50 with Value:     0.0440Tol(Act/Req):0.3933E-01/0.1000E-04
# With parameters(tra.):     0.1358E-02   -0.2185E-02    0.4338E-02
# With parameters(rot.):    -0.3422E+00    0.1891E-02   -0.5256E+00
# Minimization at step:    51 with Value:     0.0437Tol(Act/Req):0.4531E-01/0.1000E-04
# With parameters(tra.):     0.8181E-03   -0.1640E-02    0.4256E-02
# With parameters(rot.):    -0.3407E+00   -0.1703E-02   -0.5251E+00
# Minimization at step:    52 with Value:     0.0434Tol(Act/Req):0.4363E-01/0.1000E-04
# With parameters(tra.):     0.1691E-02   -0.4465E-03    0.4841E-02
# With parameters(rot.):    -0.3404E+00    0.3298E-03   -0.5271E+00
# Minimization at step:    53 with Value:     0.0432Tol(Act/Req):0.2081E-01/0.1000E-04
# With parameters(tra.):     0.1466E-02    0.4841E-03    0.4052E-02
# With parameters(rot.):    -0.3419E+00    0.2304E-02   -0.5271E+00
# Minimization at step:    54 with Value:     0.0430Tol(Act/Req):0.2765E-01/0.1000E-04
# With parameters(tra.):     0.1267E-02    0.1576E-03    0.5008E-02
# With parameters(rot.):    -0.3434E+00    0.7876E-03   -0.5295E+00
# Minimization at step:    55 with Value:     0.0428Tol(Act/Req):0.2742E-01/0.1000E-04
# With parameters(tra.):     0.6726E-03   -0.5528E-03    0.5416E-02
# With parameters(rot.):    -0.3432E+00    0.1437E-02   -0.5276E+00
# Minimization at step:    56 with Value:     0.0427Tol(Act/Req):0.1899E-01/0.1000E-04
# With parameters(tra.):     0.2800E-02   -0.1465E-02    0.3531E-02
# With parameters(rot.):    -0.3454E+00   -0.7981E-03   -0.5259E+00
# Minimization at step:    57 with Value:     0.0426Tol(Act/Req):0.1183E-01/0.1000E-04
# With parameters(tra.):     0.2871E-02   -0.3038E-02    0.2451E-02
# With parameters(rot.):    -0.3408E+00    0.5526E-03   -0.5237E+00
# Minimization at step:    58 with Value:     0.0426Tol(Act/Req):0.1085E-01/0.1000E-04
# With parameters(tra.):     0.2475E-02   -0.2413E-02    0.1686E-02
# With parameters(rot.):    -0.3377E+00   -0.5884E-02   -0.5222E+00
# Minimization at step:    59 with Value:     0.0425Tol(Act/Req):0.9760E-02/0.1000E-04
# With parameters(tra.):     0.2361E-02   -0.1518E-02   -0.6810E-03
# With parameters(rot.):    -0.3393E+00   -0.4664E-02   -0.5206E+00
# Minimization at step:    60 with Value:     0.0425Tol(Act/Req):0.7898E-02/0.1000E-04
# With parameters(tra.):     0.2450E-02   -0.1599E-02   -0.6868E-03
# With parameters(rot.):    -0.3402E+00   -0.2954E-02   -0.5209E+00
# Minimization at step:    61 with Value:     0.0424Tol(Act/Req):0.6131E-02/0.1000E-04
# With parameters(tra.):     0.2950E-02   -0.1099E-02   -0.8549E-03
# With parameters(rot.):    -0.3401E+00   -0.2211E-02   -0.5214E+00
# Minimization at step:    62 with Value:     0.0424Tol(Act/Req):0.6086E-02/0.1000E-04
# With parameters(tra.):     0.1582E-02   -0.3681E-03   -0.1061E-02
# With parameters(rot.):    -0.3368E+00   -0.1192E-02   -0.5210E+00
# Minimization at step:    63 with Value:     0.0424Tol(Act/Req):0.7590E-02/0.1000E-04
# With parameters(tra.):     0.1360E-02   -0.7079E-03   -0.1397E-02
# With parameters(rot.):    -0.3362E+00   -0.1087E-02   -0.5196E+00
# Minimization at step:    64 with Value:     0.0423Tol(Act/Req):0.5755E-02/0.1000E-04
# With parameters(tra.):     0.1305E-02   -0.8643E-03   -0.8647E-03
# With parameters(rot.):    -0.3355E+00   -0.1093E-02   -0.5199E+00
# Minimization at step:    65 with Value:     0.0423Tol(Act/Req):0.3254E-02/0.1000E-04
# With parameters(tra.):     0.8782E-03    0.4652E-03   -0.1154E-02
# With parameters(rot.):    -0.3365E+00   -0.2180E-02   -0.5200E+00
# Minimization at step:    66 with Value:     0.0423Tol(Act/Req):0.3180E-02/0.1000E-04
# With parameters(tra.):     0.7465E-03    0.3276E-03   -0.1189E-02
# With parameters(rot.):    -0.3367E+00   -0.3186E-02   -0.5204E+00
# Minimization at step:    67 with Value:     0.0422Tol(Act/Req):0.3009E-02/0.1000E-04
# With parameters(tra.):     0.1019E-02    0.2029E-03   -0.1148E-02
# With parameters(rot.):    -0.3375E+00   -0.3607E-02   -0.5204E+00
# Minimization at step:    68 with Value:     0.0422Tol(Act/Req):0.1765E-02/0.1000E-04
# With parameters(tra.):     0.7208E-03    0.6407E-03   -0.1314E-02
# With parameters(rot.):    -0.3383E+00   -0.4028E-03   -0.5207E+00
# Minimization at step:    69 with Value:     0.0422Tol(Act/Req):0.2114E-02/0.1000E-04
# With parameters(tra.):     0.7850E-03    0.1036E-02   -0.1436E-02
# With parameters(rot.):    -0.3381E+00    0.1193E-03   -0.5209E+00
# Minimization at step:    70 with Value:     0.0422Tol(Act/Req):0.1750E-02/0.1000E-04
# With parameters(tra.):     0.5021E-03    0.1357E-02   -0.5625E-03
# With parameters(rot.):    -0.3376E+00    0.5102E-03   -0.5219E+00
# Minimization at step:    71 with Value:     0.0422Tol(Act/Req):0.1350E-02/0.1000E-04
# With parameters(tra.):     0.5584E-03    0.1307E-02   -0.4586E-03
# With parameters(rot.):    -0.3373E+00   -0.2147E-03   -0.5219E+00
# Minimization at step:    72 with Value:     0.0422Tol(Act/Req):0.8558E-03/0.1000E-04
# With parameters(tra.):     0.7365E-03    0.7011E-03   -0.3415E-04
# With parameters(rot.):    -0.3370E+00    0.1165E-02   -0.5225E+00
# Minimization at step:    73 with Value:     0.0422Tol(Act/Req):0.1089E-02/0.1000E-04
# With parameters(tra.):     0.5737E-03    0.6486E-03   -0.8851E-04
# With parameters(rot.):    -0.3367E+00    0.1405E-02   -0.5220E+00
# Minimization at step:    74 with Value:     0.0422Tol(Act/Req):0.1068E-02/0.1000E-04
# With parameters(tra.):     0.2528E-03    0.4803E-03    0.2075E-03
# With parameters(rot.):    -0.3371E+00    0.9246E-03   -0.5233E+00
# Minimization at step:    75 with Value:     0.0422Tol(Act/Req):0.9828E-03/0.1000E-04
# With parameters(tra.):     0.4700E-03    0.3627E-03    0.6077E-03
# With parameters(rot.):    -0.3382E+00    0.1426E-02   -0.5240E+00
# Minimization at step:    76 with Value:     0.0422Tol(Act/Req):0.8472E-03/0.1000E-04
# With parameters(tra.):     0.7422E-03   -0.2893E-03    0.1242E-03
# With parameters(rot.):    -0.3388E+00    0.1341E-02   -0.5237E+00
# Minimization at step:    77 with Value:     0.0422Tol(Act/Req):0.6537E-03/0.1000E-04
# With parameters(tra.):     0.5659E-03   -0.1367E-04   -0.2475E-03
# With parameters(rot.):    -0.3398E+00    0.1942E-04   -0.5236E+00
# Minimization at step:    78 with Value:     0.0422Tol(Act/Req):0.5477E-03/0.1000E-04
# With parameters(tra.):     0.4832E-03    0.1723E-03   -0.1576E-03
# With parameters(rot.):    -0.3398E+00   -0.6930E-04   -0.5237E+00
# Minimization at step:    79 with Value:     0.0422Tol(Act/Req):0.5643E-03/0.1000E-04
# With parameters(tra.):     0.5051E-03    0.5287E-04   -0.8051E-04
# With parameters(rot.):    -0.3398E+00   -0.4196E-03   -0.5238E+00
# Minimization at step:    80 with Value:     0.0422Tol(Act/Req):0.5572E-03/0.1000E-04
# With parameters(tra.):     0.5440E-03   -0.1050E-04    0.2632E-04
# With parameters(rot.):    -0.3396E+00   -0.1259E-03   -0.5239E+00
# Minimization at step:    81 with Value:     0.0422Tol(Act/Req):0.3649E-03/0.1000E-04
# With parameters(tra.):     0.5561E-03    0.9992E-04    0.8704E-04
# With parameters(rot.):    -0.3396E+00    0.1147E-03   -0.5242E+00
# Minimization at step:    82 with Value:     0.0422Tol(Act/Req):0.3384E-03/0.1000E-04
# With parameters(tra.):     0.5270E-03    0.9763E-04   -0.2304E-04
# With parameters(rot.):    -0.3395E+00   -0.7816E-04   -0.5241E+00
# Minimization at step:    83 with Value:     0.0421Tol(Act/Req):0.3822E-03/0.1000E-04
# With parameters(tra.):     0.6301E-03    0.1078E-03   -0.1163E-03
# With parameters(rot.):    -0.3396E+00   -0.4154E-04   -0.5239E+00
# Minimization at step:    84 with Value:     0.0421Tol(Act/Req):0.2131E-03/0.1000E-04
# With parameters(tra.):     0.4000E-03   -0.1061E-03   -0.2047E-03
# With parameters(rot.):    -0.3400E+00   -0.4274E-04   -0.5236E+00
# Minimization at step:    85 with Value:     0.0421Tol(Act/Req):0.1144E-03/0.1000E-04
# With parameters(tra.):     0.2068E-03    0.1730E-03   -0.4063E-04
# With parameters(rot.):    -0.3399E+00   -0.2113E-03   -0.5237E+00
# Minimization at step:    86 with Value:     0.0421Tol(Act/Req):0.1279E-03/0.1000E-04
# With parameters(tra.):     0.1929E-03    0.1233E-03    0.1226E-05
# With parameters(rot.):    -0.3399E+00   -0.3691E-03   -0.5237E+00
# Minimization at step:    87 with Value:     0.0421Tol(Act/Req):0.1270E-03/0.1000E-04
# With parameters(tra.):     0.2400E-03    0.4940E-04   -0.3631E-04
# With parameters(rot.):    -0.3400E+00   -0.3401E-03   -0.5237E+00
# Minimization at step:    88 with Value:     0.0421Tol(Act/Req):0.1138E-03/0.1000E-04
# With parameters(tra.):     0.2342E-03    0.2271E-04    0.1188E-04
# With parameters(rot.):    -0.3399E+00   -0.2111E-03   -0.5237E+00
# Minimization at step:    89 with Value:     0.0421Tol(Act/Req):0.1068E-03/0.1000E-04
# With parameters(tra.):     0.1953E-03    0.1532E-04   -0.4025E-04
# With parameters(rot.):    -0.3399E+00   -0.3186E-03   -0.5237E+00
# Minimization at step:    90 with Value:     0.0421Tol(Act/Req):0.6004E-04/0.1000E-04
# With parameters(tra.):     0.1712E-03    0.6348E-04   -0.2049E-04
# With parameters(rot.):    -0.3399E+00   -0.2344E-03   -0.5238E+00
# Minimization at step:    91 with Value:     0.0421Tol(Act/Req):0.4850E-04/0.1000E-04
# With parameters(tra.):     0.1845E-03    0.6487E-04   -0.5912E-04
# With parameters(rot.):    -0.3400E+00   -0.2322E-03   -0.5237E+00
# Minimization at step:    92 with Value:     0.0421Tol(Act/Req):0.3206E-04/0.1000E-04
# With parameters(tra.):     0.2049E-03    0.1148E-03   -0.3224E-04
# With parameters(rot.):    -0.3399E+00   -0.2478E-03   -0.5237E+00
# Minimization at step:    93 with Value:     0.0421Tol(Act/Req):0.3094E-04/0.1000E-04
# With parameters(tra.):     0.1835E-03    0.9208E-04    0.4944E-04
# With parameters(rot.):    -0.3397E+00   -0.2019E-05   -0.5237E+00
# Minimization at step:    94 with Value:     0.0421Tol(Act/Req):0.2501E-04/0.1000E-04
# With parameters(tra.):     0.1757E-03    0.6462E-04    0.7439E-04
# With parameters(rot.):    -0.3397E+00   -0.5033E-04   -0.5237E+00
# Minimization at step:    95 with Value:     0.0421Tol(Act/Req):0.2724E-04/0.1000E-04
# With parameters(tra.):     0.1940E-03    0.2893E-04    0.6485E-04
# With parameters(rot.):    -0.3397E+00   -0.1168E-04   -0.5237E+00
# Minimization at step:    96 with Value:     0.0421Tol(Act/Req):0.2469E-04/0.1000E-04
# With parameters(tra.):     0.1157E-03    0.1868E-04   -0.4386E-05
# With parameters(rot.):    -0.3397E+00   -0.1244E-03   -0.5236E+00
# Minimization at step:    97 with Value:     0.0421Tol(Act/Req):0.1949E-04/0.1000E-04
# With parameters(tra.):     0.9904E-04    0.3903E-04    0.6834E-05
# With parameters(rot.):    -0.3397E+00   -0.7312E-04   -0.5236E+00
# Minimization at step:    98 with Value:     0.0421Tol(Act/Req):0.1422E-04/0.1000E-04
# With parameters(tra.):     0.9736E-04    0.4029E-04   -0.1714E-04
# With parameters(rot.):    -0.3397E+00   -0.1405E-03   -0.5236E+00
# Minimization at step:    99 with Value:     0.0421Tol(Act/Req):0.1070E-04/0.1000E-04
# With parameters(tra.):     0.9674E-04    0.3893E-04   -0.3295E-04
# With parameters(rot.):    -0.3397E+00   -0.1317E-03   -0.5236E+00
# Minimization at step:   100 with Value:     0.0421Tol(Act/Req):0.9626E-05/0.1000E-04
# With parameters(tra.):     0.1147E-03    0.4318E-04   -0.1802E-04
# With parameters(rot.):    -0.3397E+00   -0.1042E-03   -0.5236E+00
# CSM Values after z minimization.
# Final Number of optim. Steps:   100
#      Before min is:      0.11294083961
# Final CSM Simplex Value is:      0.04213926268
# CSM Summary.
#    Inizial CSM Value is:      0.18864371409
#   After optimization is:      0.04213926268
#          Along x axe is:      0.04213926268
#          Along y axe is:      0.04213926268
#          Along z axe is:      0.04213926268
# The Lowest CSM Value is:      0.04213926268
#    Obtained CSM in % is:      4.21392626766
